Archive member included to satisfy reference by file (symbol)

app/libapp.a(main.c.obj)      (--whole-archive)
zephyr/libzephyr.a(cbprintf.c.obj)
                              (--whole-archive)
zephyr/libzephyr.a(cbprintf_packaged.c.obj)
                              (--whole-archive)
zephyr/libzephyr.a(crc32c_sw.c.obj)
                              (--whole-archive)
zephyr/libzephyr.a(crc32_sw.c.obj)
                              (--whole-archive)
zephyr/libzephyr.a(crc16_sw.c.obj)
                              (--whole-archive)
zephyr/libzephyr.a(crc8_sw.c.obj)
                              (--whole-archive)
zephyr/libzephyr.a(crc7_sw.c.obj)
                              (--whole-archive)
zephyr/libzephyr.a(dec.c.obj)
                              (--whole-archive)
zephyr/libzephyr.a(fdtable.c.obj)
                              (--whole-archive)
zephyr/libzephyr.a(hex.c.obj)
                              (--whole-archive)
zephyr/libzephyr.a(notify.c.obj)
                              (--whole-archive)
zephyr/libzephyr.a(printk.c.obj)
                              (--whole-archive)
zephyr/libzephyr.a(onoff.c.obj)
                              (--whole-archive)
zephyr/libzephyr.a(rb.c.obj)  (--whole-archive)
zephyr/libzephyr.a(sem.c.obj)
                              (--whole-archive)
zephyr/libzephyr.a(thread_entry.c.obj)
                              (--whole-archive)
zephyr/libzephyr.a(timeutil.c.obj)
                              (--whole-archive)
zephyr/libzephyr.a(heap.c.obj)
                              (--whole-archive)
zephyr/libzephyr.a(heap-validate.c.obj)
                              (--whole-archive)
zephyr/libzephyr.a(bitarray.c.obj)
                              (--whole-archive)
zephyr/libzephyr.a(multi_heap.c.obj)
                              (--whole-archive)
zephyr/libzephyr.a(cbprintf_complete.c.obj)
                              (--whole-archive)
zephyr/libzephyr.a(configs.c.obj)
                              (--whole-archive)
zephyr/libzephyr.a(soc_nrf_common.S.obj)
                              (--whole-archive)
zephyr/libzephyr.a(validate_base_addresses.c.obj)
                              (--whole-archive)
zephyr/libzephyr.a(validate_enabled_instances.c.obj)
                              (--whole-archive)
zephyr/libzephyr.a(pm.c.obj)  (--whole-archive)
zephyr/libzephyr.a(constraint.c.obj)
                              (--whole-archive)
zephyr/libzephyr.a(policy_residency.c.obj)
                              (--whole-archive)
zephyr/libzephyr.a(tracing_none.c.obj)
                              (--whole-archive)
zephyr/arch/common/libarch__common.a(sw_isr_common.c.obj)
                              (--whole-archive)
zephyr/arch/arch/arm/core/aarch32/libarch__arm__core__aarch32.a(cpu_idle.S.obj)
                              (--whole-archive)
zephyr/arch/arch/arm/core/aarch32/libarch__arm__core__aarch32.a(fatal.c.obj)
                              (--whole-archive)
zephyr/arch/arch/arm/core/aarch32/libarch__arm__core__aarch32.a(irq_manage.c.obj)
                              (--whole-archive)
zephyr/arch/arch/arm/core/aarch32/libarch__arm__core__aarch32.a(nmi.c.obj)
                              (--whole-archive)
zephyr/arch/arch/arm/core/aarch32/libarch__arm__core__aarch32.a(nmi_on_reset.S.obj)
                              (--whole-archive)
zephyr/arch/arch/arm/core/aarch32/libarch__arm__core__aarch32.a(prep_c.c.obj)
                              (--whole-archive)
zephyr/arch/arch/arm/core/aarch32/libarch__arm__core__aarch32.a(swap.c.obj)
                              (--whole-archive)
zephyr/arch/arch/arm/core/aarch32/libarch__arm__core__aarch32.a(swap_helper.S.obj)
                              (--whole-archive)
zephyr/arch/arch/arm/core/aarch32/libarch__arm__core__aarch32.a(thread.c.obj)
                              (--whole-archive)
zephyr/arch/arch/arm/core/aarch32/libarch__arm__core__aarch32.a(isr_wrapper.S.obj)
                              (--whole-archive)
zephyr/arch/arch/arm/core/aarch32/cortex_m/libarch__arm__core__aarch32__cortex_m.a(exc_exit.S.obj)
                              (--whole-archive)
zephyr/arch/arch/arm/core/aarch32/cortex_m/libarch__arm__core__aarch32__cortex_m.a(fault.c.obj)
                              (--whole-archive)
zephyr/arch/arch/arm/core/aarch32/cortex_m/libarch__arm__core__aarch32__cortex_m.a(fault_s.S.obj)
                              (--whole-archive)
zephyr/arch/arch/arm/core/aarch32/cortex_m/libarch__arm__core__aarch32__cortex_m.a(fpu.c.obj)
                              (--whole-archive)
zephyr/arch/arch/arm/core/aarch32/cortex_m/libarch__arm__core__aarch32__cortex_m.a(irq_init.c.obj)
                              (--whole-archive)
zephyr/arch/arch/arm/core/aarch32/cortex_m/libarch__arm__core__aarch32__cortex_m.a(reset.S.obj)
                              (--whole-archive)
zephyr/arch/arch/arm/core/aarch32/cortex_m/libarch__arm__core__aarch32__cortex_m.a(scb.c.obj)
                              (--whole-archive)
[...]
Memory Configuration

Name             Origin             Length             Attributes
FLASH            0x0000000000001000 0x00000000000ff000 xr
SRAM             0x0000000020000000 0x0000000000040000 xw
IDT_LIST         0x00000000fffff7ff 0x0000000000000800 xw
*default*        0x0000000000000000 0xffffffffffffffff

Linker script and memory map

LOAD zephyr/CMakeFiles/zephyr_pre0.dir/misc/empty_file.c.obj
LOAD zephyr/CMakeFiles/offsets.dir/./arch/arm/core/offsets/offsets.c.obj
                0x0000000000000020                _region_min_align = 0x20

.rel.plt        0x0000000000001000        0x0
 *(SORT_BY_ALIGNMENT(.rel.plt))
                [!provide]                        PROVIDE (__rel_iplt_start = .)
 *(SORT_BY_ALIGNMENT(.rel.iplt))
 .rel.iplt      0x0000000000001000        0x0 zephyr/libzephyr.a(onoff.c.obj)
                [!provide]                        PROVIDE (__rel_iplt_end = .)

.rela.plt       0x0000000000000000        0x0
 *(SORT_BY_ALIGNMENT(.rela.plt))
                [!provide]                        PROVIDE (__rela_iplt_start = .)
 *(SORT_BY_ALIGNMENT(.rela.iplt))
                [!provide]                        PROVIDE (__rela_iplt_end = .)

.rel.dyn
 *(SORT_BY_ALIGNMENT(.rel.*))

.rela.dyn
 *(SORT_BY_ALIGNMENT(.rela.*))

/DISCARD/
 *(SORT_BY_ALIGNMENT(.plt))
 *(SORT_BY_ALIGNMENT(.iplt))
 *(SORT_BY_ALIGNMENT(.got.plt))
 *(SORT_BY_ALIGNMENT(.igot.plt))
 *(SORT_BY_ALIGNMENT(.got))
 *(SORT_BY_ALIGNMENT(.igot))
 *(SORT_BY_ALIGNMENT(.note.GNU-stack))
                0x0000000000001000                __rom_region_start = 0x1000

rom_start       0x0000000000001000      0x100
                0x0000000000000000                . = 0x0
                0x0000000000000000                . = ALIGN (0x4)
                0x0000000000000000                . = ALIGN (0x80)
                0x0000000000000000                . = ALIGN (0x100)
                0x0000000000001000                _vector_start = .
 *(SORT_BY_ALIGNMENT(.exc_vector_table))
 *(SORT_BY_ALIGNMENT(.exc_vector_table.*))
 .exc_vector_table._vector_table_section
                0x0000000000001000       0x40 zephyr/arch/arch/arm/core/aarch32/cortex_m/libarch__arm__core__aarch32__cortex_m.a(vector_table.S.obj)
                0x0000000000001000                _vector_table
 *(SORT_BY_ALIGNMENT(.gnu.linkonce.irq_vector_table*))
 .gnu.linkonce.irq_vector_table
                0x0000000000001040       0xc0 zephyr/arch/common/libisr_tables.a(isr_tables.c.obj)
                0x0000000000001040                _irq_vector_table
 *(SORT_BY_ALIGNMENT(.vectors))
                0x0000000000001100                _vector_end = .

text            0x0000000000001100     0x33a8
                0x0000000000001100                __text_region_start = .
 *(SORT_BY_ALIGNMENT(.text))
 .text          0x0000000000001100       0x30 /home/js/zephyr-sdk-0.13.2/arm-zephyr-eabi/bin/../lib/gcc/arm-zephyr-eabi/10.3.0/thumb/v7e-m/nofp/libgcc.a(_aeabi_uldivmod.o)
                0x0000000000001100                __aeabi_uldivmod
 .text          0x0000000000001130        0x4 /home/js/zephyr-sdk-0.13.2/arm-zephyr-eabi/bin/../lib/gcc/arm-zephyr-eabi/10.3.0/thumb/v7e-m/nofp/libgcc.a(_dvmd_tls.o)
                0x0000000000001130                __aeabi_ldiv0
                0x0000000000001130                __aeabi_idiv0
 .text          0x0000000000001134      0x2a6 /home/js/zephyr-sdk-0.13.2/arm-zephyr-eabi/bin/../lib/gcc/arm-zephyr-eabi/10.3.0/thumb/v7e-m/nofp/libgcc.a(_udivmoddi4.o)
                0x0000000000001134                __udivmoddi4
 *(SORT_BY_ALIGNMENT(.text.*))
 *fill*         0x00000000000013da        0x2 
 .text.process_event
                0x00000000000013dc      0x1c0 zephyr/libzephyr.a(onoff.c.obj)
 .text.pm_state_notify
                0x000000000000159c       0x5c zephyr/libzephyr.a(pm.c.obj)
 .text.atomic_test_and_set_bit.constprop.0
                0x00000000000015f8       0x38 zephyr/libzephyr.a(pm.c.obj)
 .text.pm_system_resume
                0x0000000000001630       0x88 zephyr/libzephyr.a(pm.c.obj)
                0x0000000000001630                pm_system_resume
 .text.pm_system_suspend
                0x00000000000016b8      0x100 zephyr/libzephyr.a(pm.c.obj)
                0x00000000000016b8                pm_system_suspend
 .text.z_arm_cpu_idle_init
                0x00000000000017b8        0xc zephyr/arch/arch/arm/core/aarch32/libarch__arm__core__aarch32.a(cpu_idle.S.obj)
                0x00000000000017b8                z_arm_cpu_idle_init
 .text.arch_cpu_idle
                0x00000000000017c4       0x1c zephyr/arch/arch/arm/core/aarch32/libarch__arm__core__aarch32.a(cpu_idle.S.obj)
                0x00000000000017c4                arch_cpu_idle
 .text.arch_cpu_atomic_idle
                0x00000000000017e0       0x14 zephyr/arch/arch/arm/core/aarch32/libarch__arm__core__aarch32.a(cpu_idle.S.obj)
                0x00000000000017e0                arch_cpu_atomic_idle
 .text.arch_irq_enable
                0x00000000000017f4       0x20 zephyr/arch/arch/arm/core/aarch32/libarch__arm__core__aarch32.a(irq_manage.c.obj)
                0x00000000000017f4                arch_irq_enable
 .text.arch_irq_is_enabled
                0x0000000000001814       0x1c zephyr/arch/arch/arm/core/aarch32/libarch__arm__core__aarch32.a(irq_manage.c.obj)
                0x0000000000001814                arch_irq_is_enabled
 .text.z_arm_irq_priority_set
                0x0000000000001830       0x30 zephyr/arch/arch/arm/core/aarch32/libarch__arm__core__aarch32.a(irq_manage.c.obj)
                0x0000000000001830                z_arm_irq_priority_set
 .text.z_SysNmiOnReset
                0x0000000000001860        0x8 zephyr/arch/arch/arm/core/aarch32/libarch__arm__core__aarch32.a(nmi_on_reset.S.obj)
                0x0000000000001860                z_SysNmiOnReset
 .text.z_arm_prep_c
                0x0000000000001868       0x48 zephyr/arch/arch/arm/core/aarch32/libarch__arm__core__aarch32.a(prep_c.c.obj)
                0x0000000000001868                z_arm_prep_c
 .text.arch_swap
                0x00000000000018b0       0x34 zephyr/arch/arch/arm/core/aarch32/libarch__arm__core__aarch32.a(swap.c.obj)
                0x00000000000018b0                arch_swap
 .text.z_arm_pendsv
                0x00000000000018e4       0x54 zephyr/arch/arch/arm/core/aarch32/libarch__arm__core__aarch32.a(swap_helper.S.obj)
                0x00000000000018e4                z_arm_pendsv
 .text.z_arm_svc
                0x0000000000001938       0x20 zephyr/arch/arch/arm/core/aarch32/libarch__arm__core__aarch32.a(swap_helper.S.obj)
                0x0000000000001938                z_arm_svc
 .text.arch_new_thread
                0x0000000000001958       0x38 zephyr/arch/arch/arm/core/aarch32/libarch__arm__core__aarch32.a(thread.c.obj)
                0x0000000000001958                arch_new_thread
 .text.z_check_thread_stack_fail
                0x0000000000001990       0x2c zephyr/arch/arch/arm/core/aarch32/libarch__arm__core__aarch32.a(thread.c.obj)
                0x0000000000001990                z_check_thread_stack_fail
 .text.arch_switch_to_main_thread
                0x00000000000019bc       0x2c zephyr/arch/arch/arm/core/aarch32/libarch__arm__core__aarch32.a(thread.c.obj)
                0x00000000000019bc                arch_switch_to_main_thread
 .text._isr_wrapper
                0x00000000000019e8       0x40 zephyr/arch/arch/arm/core/aarch32/libarch__arm__core__aarch32.a(isr_wrapper.S.obj)
                0x00000000000019e8                _isr_wrapper
 .text._HandlerModeExit
                0x0000000000001a28       0x1c zephyr/arch/arch/arm/core/aarch32/cortex_m/libarch__arm__core__aarch32__cortex_m.a(exc_exit.S.obj)
                0x0000000000001a28                z_arm_exc_exit
                0x0000000000001a28                z_arm_int_exit
 .text.mem_manage_fault
                0x0000000000001a44       0x6c zephyr/arch/arch/arm/core/aarch32/cortex_m/libarch__arm__core__aarch32__cortex_m.a(fault.c.obj)
 .text.bus_fault.constprop.0
                0x0000000000001ab0       0x3c zephyr/arch/arch/arm/core/aarch32/cortex_m/libarch__arm__core__aarch32__cortex_m.a(fault.c.obj)
 .text.z_arm_fault
                0x0000000000001aec      0x128 zephyr/arch/arch/arm/core/aarch32/cortex_m/libarch__arm__core__aarch32__cortex_m.a(fault.c.obj)
                0x0000000000001aec                z_arm_fault
 .text.z_arm_fault_init
                0x0000000000001c14       0x10 zephyr/arch/arch/arm/core/aarch32/cortex_m/libarch__arm__core__aarch32__cortex_m.a(fault.c.obj)
                0x0000000000001c14                z_arm_fault_init
 .text.__fault  0x0000000000001c24       0x14 zephyr/arch/arch/arm/core/aarch32/cortex_m/libarch__arm__core__aarch32__cortex_m.a(fault_s.S.obj)
                0x0000000000001c24                z_arm_bus_fault
                0x0000000000001c24                z_arm_usage_fault
                0x0000000000001c24                z_arm_mpu_fault
                0x0000000000001c24                z_arm_exc_spurious
                0x0000000000001c24                z_arm_debug_monitor
                0x0000000000001c24                z_arm_hard_fault
 .text.z_arm_interrupt_init
                0x0000000000001c38       0x18 zephyr/arch/arch/arm/core/aarch32/cortex_m/libarch__arm__core__aarch32__cortex_m.a(irq_init.c.obj)
                0x0000000000001c38                z_arm_interrupt_init
 .text._reset_section
                0x0000000000001c50       0x30 zephyr/arch/arch/arm/core/aarch32/cortex_m/libarch__arm__core__aarch32__cortex_m.a(reset.S.obj)
                0x0000000000001c50                z_arm_reset
                0x0000000000001c50                __start
 .text.z_impl_k_thread_abort
                0x0000000000001c80       0x24 zephyr/arch/arch/arm/core/aarch32/cortex_m/libarch__arm__core__aarch32__cortex_m.a(thread_abort.c.obj)
                0x0000000000001c80                z_impl_k_thread_abort
 .text.z_arm_configure_static_mpu_regions
                0x0000000000001ca4       0x18 zephyr/arch/arch/arm/core/aarch32/mpu/libarch__arm__core__aarch32__mpu.a(arm_core_mpu.c.obj)
                0x0000000000001ca4                z_arm_configure_static_mpu_regions
 .text.z_arm_configure_dynamic_mpu_regions
                0x0000000000001cbc       0x20 zephyr/arch/arch/arm/core/aarch32/mpu/libarch__arm__core__aarch32__mpu.a(arm_core_mpu.c.obj)
                0x0000000000001cbc                z_arm_configure_dynamic_mpu_regions
 .text.mpu_configure_regions
                0x0000000000001cdc       0x84 zephyr/arch/arch/arm/core/aarch32/mpu/libarch__arm__core__aarch32__mpu.a(arm_mpu.c.obj)
 .text.arm_core_mpu_enable
                0x0000000000001d60       0x18 zephyr/arch/arch/arm/core/aarch32/mpu/libarch__arm__core__aarch32__mpu.a(arm_mpu.c.obj)
                0x0000000000001d60                arm_core_mpu_enable
 .text.arm_core_mpu_disable
                0x0000000000001d78       0x14 zephyr/arch/arch/arm/core/aarch32/mpu/libarch__arm__core__aarch32__mpu.a(arm_mpu.c.obj)
                0x0000000000001d78                arm_core_mpu_disable
 .text.arm_core_mpu_configure_static_mpu_regions
                0x0000000000001d8c       0x14 zephyr/arch/arch/arm/core/aarch32/mpu/libarch__arm__core__aarch32__mpu.a(arm_mpu.c.obj)
                0x0000000000001d8c                arm_core_mpu_configure_static_mpu_regions
 .text.arm_core_mpu_configure_dynamic_mpu_regions
                0x0000000000001da0       0x30 zephyr/arch/arch/arm/core/aarch32/mpu/libarch__arm__core__aarch32__mpu.a(arm_mpu.c.obj)
                0x0000000000001da0                arm_core_mpu_configure_dynamic_mpu_regions
 .text.z_arm_mpu_init
                0x0000000000001dd0       0x60 zephyr/arch/arch/arm/core/aarch32/mpu/libarch__arm__core__aarch32__mpu.a(arm_mpu.c.obj)
                0x0000000000001dd0                z_arm_mpu_init
 .text.nordicsemi_nrf52_init
                0x0000000000001e30       0x60 zephyr/soc/arm/nordic_nrf/nrf52/libsoc__arm__nordic_nrf__nrf52.a(soc.c.obj)
 .text.arch_busy_wait
                0x0000000000001e90       0x14 zephyr/soc/arm/nordic_nrf/nrf52/libsoc__arm__nordic_nrf__nrf52.a(soc.c.obj)
                0x0000000000001e90                arch_busy_wait
 .text.board_nrf52840dongle_nrf52840_init
                0x0000000000001ea4       0x7c zephyr/boards/arm/nrf52840dongle_nrf52840/libboards__arm__nrf52840dongle_nrf52840.a(board.c.obj)
 .text.onoff_stop
                0x0000000000001f20       0x30 zephyr/drivers/clock_control/libdrivers__clock_control.a(clock_control_nrf.c.obj)
 .text.onoff_start
                0x0000000000001f50       0x44 zephyr/drivers/clock_control/libdrivers__clock_control.a(clock_control_nrf.c.obj)
 .text.clk_init
                0x0000000000001f94       0x60 zephyr/drivers/clock_control/libdrivers__clock_control.a(clock_control_nrf.c.obj)
 .text.clkstarted_handle.constprop.0
                0x0000000000001ff4       0x34 zephyr/drivers/clock_control/libdrivers__clock_control.a(clock_control_nrf.c.obj)
 .text.clock_event_handler
                0x0000000000002028       0x1c zephyr/drivers/clock_control/libdrivers__clock_control.a(clock_control_nrf.c.obj)
 .text.generic_hfclk_start
                0x0000000000002044       0x64 zephyr/drivers/clock_control/libdrivers__clock_control.a(clock_control_nrf.c.obj)
 .text.api_blocking_start
                0x00000000000020a8       0x34 zephyr/drivers/clock_control/libdrivers__clock_control.a(clock_control_nrf.c.obj)
 .text.generic_hfclk_stop
                0x00000000000020dc       0x2c zephyr/drivers/clock_control/libdrivers__clock_control.a(clock_control_nrf.c.obj)
 .text.z_nrf_clock_control_lf_on
                0x0000000000002108      0x100 zephyr/drivers/clock_control/libdrivers__clock_control.a(clock_control_nrf.c.obj)
                0x0000000000002108                z_nrf_clock_control_lf_on
 .text.gpio_nrfx_pin_interrupt_configure
                0x0000000000002208       0xcc zephyr/drivers/gpio/libdrivers__gpio.a(gpio_nrfx.c.obj)
 .text.gpio_nrfx_init
                0x00000000000022d4       0x38 zephyr/drivers/gpio/libdrivers__gpio.a(gpio_nrfx.c.obj)
 .text.nrfx_gpio_handler
                0x000000000000230c       0x44 zephyr/drivers/gpio/libdrivers__gpio.a(gpio_nrfx.c.obj)
 .text.gpio_nrfx_pin_configure
                0x0000000000002350      0x13c zephyr/drivers/gpio/libdrivers__gpio.a(gpio_nrfx.c.obj)
 .text.sys_clock_timeout_handler
                0x000000000000248c       0x18 zephyr/drivers/timer/libdrivers__timer.a(nrf_rtc_timer.c.obj)
 .text.sys_clock_driver_init
                0x00000000000024a4       0x4c zephyr/drivers/timer/libdrivers__timer.a(nrf_rtc_timer.c.obj)
 .text.set_absolute_alarm
                0x00000000000024f0       0x94 zephyr/drivers/timer/libdrivers__timer.a(nrf_rtc_timer.c.obj)
 .text.rtc_nrf_isr
                0x0000000000002584       0x60 zephyr/drivers/timer/libdrivers__timer.a(nrf_rtc_timer.c.obj)
                0x0000000000002584                rtc_nrf_isr
 .text.sys_clock_set_timeout
                0x00000000000025e4       0x64 zephyr/drivers/timer/libdrivers__timer.a(nrf_rtc_timer.c.obj)
                0x00000000000025e4                sys_clock_set_timeout
 .text.sys_clock_elapsed
                0x0000000000002648       0x1c zephyr/drivers/timer/libdrivers__timer.a(nrf_rtc_timer.c.obj)
                0x0000000000002648                sys_clock_elapsed
 .text.__NVIC_SystemReset
                0x0000000000002664       0x24 modules/hal_nordic/nrfx/libmodules__hal_nordic__nrfx.a(system_nrf52840.c.obj)
 .text.nrf52_errata_98
                0x0000000000002688       0x24 modules/hal_nordic/nrfx/libmodules__hal_nordic__nrfx.a(system_nrf52840.c.obj)
 .text.nvmc_wait
                0x00000000000026ac       0x10 modules/hal_nordic/nrfx/libmodules__hal_nordic__nrfx.a(system_nrf52840.c.obj)
                0x00000000000026ac                nvmc_wait
 .text.SystemInit
                0x00000000000026bc      0x1e0 modules/hal_nordic/nrfx/libmodules__hal_nordic__nrfx.a(system_nrf52840.c.obj)
                0x00000000000026bc                SystemInit
 .text.nrfx_flag32_alloc
                0x000000000000289c       0x48 modules/hal_nordic/nrfx/libmodules__hal_nordic__nrfx.a(nrfx_flag32_allocator.c.obj)
                0x000000000000289c                nrfx_flag32_alloc
 .text.nrfx_flag32_free
                0x00000000000028e4       0x44 modules/hal_nordic/nrfx/libmodules__hal_nordic__nrfx.a(nrfx_flag32_allocator.c.obj)
                0x00000000000028e4                nrfx_flag32_free
 .text.nrfx_clock_init
                0x0000000000002928       0x20 modules/hal_nordic/nrfx/libmodules__hal_nordic__nrfx.a(nrfx_clock.c.obj)
                0x0000000000002928                nrfx_clock_init
 .text.nrfx_clock_stop
                0x0000000000002948       0x78 modules/hal_nordic/nrfx/libmodules__hal_nordic__nrfx.a(nrfx_clock.c.obj)
                0x0000000000002948                nrfx_clock_stop
 .text.nrfx_power_clock_irq_handler
                0x00000000000029c0       0x68 modules/hal_nordic/nrfx/libmodules__hal_nordic__nrfx.a(nrfx_clock.c.obj)
                0x00000000000029c0                nrfx_power_clock_irq_handler
 .text.nrf_gpio_pin_port_decode
                0x0000000000002a28       0x1c modules/hal_nordic/nrfx/libmodules__hal_nordic__nrfx.a(nrfx_gpiote.c.obj)
 .text.pin_in_use_by_te
                0x0000000000002a44       0x14 modules/hal_nordic/nrfx/libmodules__hal_nordic__nrfx.a(nrfx_gpiote.c.obj)
 .text.call_handler
                0x0000000000002a58       0x3c modules/hal_nordic/nrfx/libmodules__hal_nordic__nrfx.a(nrfx_gpiote.c.obj)
 .text.release_handler
                0x0000000000002a94       0x54 modules/hal_nordic/nrfx/libmodules__hal_nordic__nrfx.a(nrfx_gpiote.c.obj)
 .text.pin_handler_trigger_uninit
                0x0000000000002ae8       0x38 modules/hal_nordic/nrfx/libmodules__hal_nordic__nrfx.a(nrfx_gpiote.c.obj)
 .text.nrfx_gpiote_input_configure
                0x0000000000002b20      0x15c modules/hal_nordic/nrfx/libmodules__hal_nordic__nrfx.a(nrfx_gpiote.c.obj)
                0x0000000000002b20                nrfx_gpiote_input_configure
 .text.nrfx_gpiote_output_configure
                0x0000000000002c7c       0xe4 modules/hal_nordic/nrfx/libmodules__hal_nordic__nrfx.a(nrfx_gpiote.c.obj)
                0x0000000000002c7c                nrfx_gpiote_output_configure
 .text.nrfx_gpiote_global_callback_set
                0x0000000000002d60        0xc modules/hal_nordic/nrfx/libmodules__hal_nordic__nrfx.a(nrfx_gpiote.c.obj)
                0x0000000000002d60                nrfx_gpiote_global_callback_set
 .text.nrfx_gpiote_channel_get
                0x0000000000002d6c       0x2c modules/hal_nordic/nrfx/libmodules__hal_nordic__nrfx.a(nrfx_gpiote.c.obj)
                0x0000000000002d6c                nrfx_gpiote_channel_get
 .text.nrfx_gpiote_init
                0x0000000000002d98       0x50 modules/hal_nordic/nrfx/libmodules__hal_nordic__nrfx.a(nrfx_gpiote.c.obj)
                0x0000000000002d98                nrfx_gpiote_init
 .text.nrfx_gpiote_is_init
                0x0000000000002de8       0x14 modules/hal_nordic/nrfx/libmodules__hal_nordic__nrfx.a(nrfx_gpiote.c.obj)
                0x0000000000002de8                nrfx_gpiote_is_init
 .text.nrfx_gpiote_channel_free
                0x0000000000002dfc        0xc modules/hal_nordic/nrfx/libmodules__hal_nordic__nrfx.a(nrfx_gpiote.c.obj)
                0x0000000000002dfc                nrfx_gpiote_channel_free
 .text.nrfx_gpiote_channel_alloc
                0x0000000000002e08        0xc modules/hal_nordic/nrfx/libmodules__hal_nordic__nrfx.a(nrfx_gpiote.c.obj)
                0x0000000000002e08                nrfx_gpiote_channel_alloc
 .text.nrfx_gpiote_trigger_enable
                0x0000000000002e14       0x90 modules/hal_nordic/nrfx/libmodules__hal_nordic__nrfx.a(nrfx_gpiote.c.obj)
                0x0000000000002e14                nrfx_gpiote_trigger_enable
 .text.nrfx_gpiote_trigger_disable
                0x0000000000002ea4       0x50 modules/hal_nordic/nrfx/libmodules__hal_nordic__nrfx.a(nrfx_gpiote.c.obj)
                0x0000000000002ea4                nrfx_gpiote_trigger_disable
 .text.nrfx_gpiote_pin_uninit
                0x0000000000002ef4       0x48 modules/hal_nordic/nrfx/libmodules__hal_nordic__nrfx.a(nrfx_gpiote.c.obj)
                0x0000000000002ef4                nrfx_gpiote_pin_uninit
 .text.nrfx_gpiote_irq_handler
                0x0000000000002f3c      0x1ac modules/hal_nordic/nrfx/libmodules__hal_nordic__nrfx.a(nrfx_gpiote.c.obj)
                0x0000000000002f3c                nrfx_gpiote_irq_handler
 .text.init_idle_thread
                0x00000000000030e8       0x58 zephyr/kernel/libkernel.a(init.c.obj)
 .text.bg_thread_main
                0x0000000000003140       0x34 zephyr/kernel/libkernel.a(init.c.obj)
 .text.z_bss_zero
                0x0000000000003174       0x14 zephyr/kernel/libkernel.a(init.c.obj)
                0x0000000000003174                z_bss_zero
 .text.z_cstart
                0x0000000000003188       0xe4 zephyr/kernel/libkernel.a(init.c.obj)
                0x0000000000003188                z_cstart
 .text.z_setup_new_thread
                0x000000000000326c       0x64 zephyr/kernel/libkernel.a(thread.c.obj)
                0x000000000000326c                z_setup_new_thread
 .text.z_init_static_threads
                0x00000000000032d0       0xb8 zephyr/kernel/libkernel.a(thread.c.obj)
                0x00000000000032d0                z_init_static_threads
 .text.idle     0x0000000000003388       0x2c zephyr/kernel/libkernel.a(idle.c.obj)
                0x0000000000003388                idle
 .text.z_impl_k_sem_give
                0x00000000000033b4       0x40 zephyr/kernel/libkernel.a(sem.c.obj)
                0x00000000000033b4                z_impl_k_sem_give
 .text.z_impl_k_sem_take
                0x00000000000033f4       0x50 zephyr/kernel/libkernel.a(sem.c.obj)
                0x00000000000033f4                z_impl_k_sem_take
 .text.z_reset_time_slice
                0x0000000000003444       0x2c zephyr/kernel/libkernel.a(sched.c.obj)
                0x0000000000003444                z_reset_time_slice
 .text.k_sched_time_slice_set
                0x0000000000003470       0x60 zephyr/kernel/libkernel.a(sched.c.obj)
                0x0000000000003470                k_sched_time_slice_set
 .text.z_reschedule
                0x00000000000034d0       0x24 zephyr/kernel/libkernel.a(sched.c.obj)
                0x00000000000034d0                z_reschedule
 .text.k_sched_lock
                0x00000000000034f4       0x28 zephyr/kernel/libkernel.a(sched.c.obj)
                0x00000000000034f4                k_sched_lock
 .text.update_cache
                0x000000000000351c       0x40 zephyr/kernel/libkernel.a(sched.c.obj)
 .text.move_thread_to_end_of_prio_q
                0x000000000000355c       0x74 zephyr/kernel/libkernel.a(sched.c.obj)
 .text.z_time_slice
                0x00000000000035d0       0x80 zephyr/kernel/libkernel.a(sched.c.obj)
                0x00000000000035d0                z_time_slice
 .text.ready_thread
                0x0000000000003650       0x6c zephyr/kernel/libkernel.a(sched.c.obj)
 .text.z_sched_start
                0x00000000000036bc       0x3c zephyr/kernel/libkernel.a(sched.c.obj)
                0x00000000000036bc                z_sched_start
 .text.unready_thread
                0x00000000000036f8       0x30 zephyr/kernel/libkernel.a(sched.c.obj)
 .text.pend     0x0000000000003728       0x4c zephyr/kernel/libkernel.a(sched.c.obj)
 .text.z_pend_curr
                0x0000000000003774       0x28 zephyr/kernel/libkernel.a(sched.c.obj)
                0x0000000000003774                z_pend_curr
 .text.z_impl_k_thread_suspend
                0x000000000000379c       0x64 zephyr/kernel/libkernel.a(sched.c.obj)
                0x000000000000379c                z_impl_k_thread_suspend
 .text.k_sched_unlock
                0x0000000000003800       0x38 zephyr/kernel/libkernel.a(sched.c.obj)
                0x0000000000003800                k_sched_unlock
 .text.z_sched_init
                0x0000000000003838       0x18 zephyr/kernel/libkernel.a(sched.c.obj)
                0x0000000000003838                z_sched_init
 .text.z_impl_k_yield
                0x0000000000003850       0x80 zephyr/kernel/libkernel.a(sched.c.obj)
                0x0000000000003850                z_impl_k_yield
 .text.z_tick_sleep
                0x00000000000038d0       0x90 zephyr/kernel/libkernel.a(sched.c.obj)
 .text.z_impl_k_sleep
                0x0000000000003960       0x34 zephyr/kernel/libkernel.a(sched.c.obj)
                0x0000000000003960                z_impl_k_sleep
 .text.z_impl_z_current_get
                0x0000000000003994        0xc zephyr/kernel/libkernel.a(sched.c.obj)
                0x0000000000003994                z_impl_z_current_get
 .text.z_thread_abort
                0x00000000000039a0       0xa4 zephyr/kernel/libkernel.a(sched.c.obj)
                0x00000000000039a0                z_thread_abort
 .text.z_data_copy
                0x0000000000003a44       0x34 zephyr/kernel/libkernel.a(xip.c.obj)
                0x0000000000003a44                z_data_copy
 .text.elapsed  0x0000000000003a78       0x14 zephyr/kernel/libkernel.a(timeout.c.obj)
 .text.next_timeout
                0x0000000000003a8c       0x50 zephyr/kernel/libkernel.a(timeout.c.obj)
 .text.remove_timeout
                0x0000000000003adc       0x34 zephyr/kernel/libkernel.a(timeout.c.obj)
 .text.z_add_timeout
                0x0000000000003b10       0xf4 zephyr/kernel/libkernel.a(timeout.c.obj)
                0x0000000000003b10                z_add_timeout
 .text.sys_clock_announce
                0x0000000000003c04       0xb8 zephyr/kernel/libkernel.a(timeout.c.obj)
                0x0000000000003c04                sys_clock_announce
 .text.sys_clock_tick_get
                0x0000000000003cbc       0x30 zephyr/kernel/libkernel.a(timeout.c.obj)
                0x0000000000003cbc                sys_clock_tick_get
 .text.z_sys_init_run_level
                0x0000000000003cec       0x40 zephyr/kernel/libkernel.a(device.c.obj)
                0x0000000000003cec                z_sys_init_run_level
 .text._OffsetAbsSyms
                0x0000000000003d2c        0x2 zephyr/CMakeFiles/offsets.dir/./arch/arm/core/offsets/offsets.c.obj
                0x0000000000003d2c                _OffsetAbsSyms
 .text.sys_notify_validate
                0x0000000000003d2e       0x22 zephyr/libzephyr.a(notify.c.obj)
                0x0000000000003d2e                sys_notify_validate
 .text.sys_notify_finalize
                0x0000000000003d50       0x1a zephyr/libzephyr.a(notify.c.obj)
                0x0000000000003d50                sys_notify_finalize
 .text.process_recheck
                0x0000000000003d6a       0x38 zephyr/libzephyr.a(onoff.c.obj)
 .text.notify_one
                0x0000000000003da2       0x2c zephyr/libzephyr.a(onoff.c.obj)
 .text.transition_complete
                0x0000000000003dce       0x1c zephyr/libzephyr.a(onoff.c.obj)
 .text.validate_args
                0x0000000000003dea       0x1e zephyr/libzephyr.a(onoff.c.obj)
 .text.onoff_manager_init
                0x0000000000003e08       0x26 zephyr/libzephyr.a(onoff.c.obj)
                0x0000000000003e08                onoff_manager_init
 .text.onoff_request
                0x0000000000003e2e       0x92 zephyr/libzephyr.a(onoff.c.obj)
                0x0000000000003e2e                onoff_request
 .text.z_thread_entry
                0x0000000000003ec0       0x14 zephyr/libzephyr.a(thread_entry.c.obj)
                0x0000000000003ec0                z_thread_entry
 .text._ConfigAbsSyms
                0x0000000000003ed4        0x2 zephyr/libzephyr.a(configs.c.obj)
                0x0000000000003ed4                _ConfigAbsSyms
 .text.pm_policy_next_state
                0x0000000000003ed6        0xa zephyr/libzephyr.a(policy_residency.c.obj)
                0x0000000000003ed6                pm_policy_next_state
 .text.z_arm_fatal_error
                0x0000000000003ee0        0x4 zephyr/arch/arch/arm/core/aarch32/libarch__arm__core__aarch32.a(fatal.c.obj)
                0x0000000000003ee0                z_arm_fatal_error
 .text.z_do_kernel_oops
                0x0000000000003ee4        0x8 zephyr/arch/arch/arm/core/aarch32/libarch__arm__core__aarch32.a(fatal.c.obj)
                0x0000000000003ee4                z_do_kernel_oops
 .text.z_irq_spurious
                0x0000000000003eec        0x8 zephyr/arch/arch/arm/core/aarch32/libarch__arm__core__aarch32.a(irq_manage.c.obj)
                0x0000000000003eec                z_irq_spurious
 .text.z_arm_nmi
                0x0000000000003ef4        0xe zephyr/arch/arch/arm/core/aarch32/libarch__arm__core__aarch32.a(nmi.c.obj)
                0x0000000000003ef4                z_arm_nmi
 .text.memcpy   0x0000000000003f02       0x16 zephyr/lib/libc/minimal/liblib__libc__minimal.a(string.c.obj)
                0x0000000000003f02                memcpy
 .text.memset   0x0000000000003f18       0x12 zephyr/lib/libc/minimal/liblib__libc__minimal.a(string.c.obj)
                0x0000000000003f18                memset
 .text.pm_power_state_set
                0x0000000000003f2a       0x26 zephyr/soc/arm/nordic_nrf/nrf52/libsoc__arm__nordic_nrf__nrf52.a(power.c.obj)
                0x0000000000003f2a                pm_power_state_set
 .text.pm_power_state_exit_post_ops
                0x0000000000003f50       0x16 zephyr/soc/arm/nordic_nrf/nrf52/libsoc__arm__nordic_nrf__nrf52.a(power.c.obj)
                0x0000000000003f50                pm_power_state_exit_post_ops
 .text.get_status
                0x0000000000003f66       0x12 zephyr/drivers/clock_control/libdrivers__clock_control.a(clock_control_nrf.c.obj)
 .text.set_on_state
                0x0000000000003f78       0x26 zephyr/drivers/clock_control/libdrivers__clock_control.a(clock_control_nrf.c.obj)
 .text.stop     0x0000000000003f9e       0x52 zephyr/drivers/clock_control/libdrivers__clock_control.a(clock_control_nrf.c.obj)
 .text.api_stop
                0x0000000000003ff0        0x6 zephyr/drivers/clock_control/libdrivers__clock_control.a(clock_control_nrf.c.obj)
 .text.async_start
                0x0000000000003ff6       0x62 zephyr/drivers/clock_control/libdrivers__clock_control.a(clock_control_nrf.c.obj)
 .text.api_start
                0x0000000000004058        0xe zephyr/drivers/clock_control/libdrivers__clock_control.a(clock_control_nrf.c.obj)
 .text.onoff_started_callback
                0x0000000000004066       0x12 zephyr/drivers/clock_control/libdrivers__clock_control.a(clock_control_nrf.c.obj)
 .text.lfclk_start
                0x0000000000004078        0x6 zephyr/drivers/clock_control/libdrivers__clock_control.a(clock_control_nrf.c.obj)
 .text.lfclk_stop
                0x000000000000407e        0x6 zephyr/drivers/clock_control/libdrivers__clock_control.a(clock_control_nrf.c.obj)
 .text.blocking_start_callback
                0x0000000000004084        0x6 zephyr/drivers/clock_control/libdrivers__clock_control.a(clock_control_nrf.c.obj)
 .text.gpio_nrfx_port_get_raw
                0x000000000000408a        0xe zephyr/drivers/gpio/libdrivers__gpio.a(gpio_nrfx.c.obj)
 .text.gpio_nrfx_port_set_masked_raw
                0x0000000000004098       0x16 zephyr/drivers/gpio/libdrivers__gpio.a(gpio_nrfx.c.obj)
 .text.gpio_nrfx_port_set_bits_raw
                0x00000000000040ae        0xc zephyr/drivers/gpio/libdrivers__gpio.a(gpio_nrfx.c.obj)
 .text.gpio_nrfx_port_clear_bits_raw
                0x00000000000040ba        0xc zephyr/drivers/gpio/libdrivers__gpio.a(gpio_nrfx.c.obj)
 .text.gpio_nrfx_port_toggle_bits
                0x00000000000040c6       0x12 zephyr/drivers/gpio/libdrivers__gpio.a(gpio_nrfx.c.obj)
 .text.gpio_nrfx_manage_callback
                0x00000000000040d8       0x54 zephyr/drivers/gpio/libdrivers__gpio.a(gpio_nrfx.c.obj)
 .text.sys_clock_idle_exit
                0x000000000000412c        0x2 zephyr/drivers/timer/libdrivers__timer.a(sys_clock_init.c.obj)
                0x000000000000412c                sys_clock_idle_exit
 .text.nrf52_errata_36
                0x000000000000412e       0x12 modules/hal_nordic/nrfx/libmodules__hal_nordic__nrfx.a(system_nrf52840.c.obj)
 .text.nrfx_isr
                0x0000000000004140        0x2 modules/hal_nordic/nrfx/libmodules__hal_nordic__nrfx.a(nrfx_glue.c.obj)
                0x0000000000004140                nrfx_isr
 .text.nrfx_busy_wait
                0x0000000000004142        0x4 modules/hal_nordic/nrfx/libmodules__hal_nordic__nrfx.a(nrfx_glue.c.obj)
                0x0000000000004142                nrfx_busy_wait
 .text.nrfx_clock_enable
                0x0000000000004146       0x14 modules/hal_nordic/nrfx/libmodules__hal_nordic__nrfx.a(nrfx_clock.c.obj)
                0x0000000000004146                nrfx_clock_enable
 .text.nrfx_clock_start
                0x000000000000415a       0x58 modules/hal_nordic/nrfx/libmodules__hal_nordic__nrfx.a(nrfx_clock.c.obj)
                0x000000000000415a                nrfx_clock_start
 .text.nrf_gpio_reconfigure
                0x00000000000041b2       0x8e modules/hal_nordic/nrfx/libmodules__hal_nordic__nrfx.a(nrfx_gpiote.c.obj)
 .text.nrf_gpio_cfg_sense_set
                0x0000000000004240       0x1e modules/hal_nordic/nrfx/libmodules__hal_nordic__nrfx.a(nrfx_gpiote.c.obj)
 .text.arch_system_halt
                0x000000000000425e       0x12 zephyr/kernel/libkernel.a(fatal.c.obj)
                0x000000000000425e                arch_system_halt
 .text.k_sys_fatal_error_handler
                0x0000000000004270        0x6 zephyr/kernel/libkernel.a(fatal.c.obj)
                0x0000000000004270                k_sys_fatal_error_handler
 .text.z_fatal_error
                0x0000000000004276       0x36 zephyr/kernel/libkernel.a(fatal.c.obj)
                0x0000000000004276                z_fatal_error
 .text.k_is_in_isr
                0x00000000000042ac        0xc zephyr/kernel/libkernel.a(thread.c.obj)
                0x00000000000042ac                k_is_in_isr
 .text.z_pm_save_idle_exit
                0x00000000000042b8        0xe zephyr/kernel/libkernel.a(idle.c.obj)
                0x00000000000042b8                z_pm_save_idle_exit
 .text.sys_dlist_remove
                0x00000000000042c6       0x10 zephyr/kernel/libkernel.a(sched.c.obj)
 .text.unpend_thread_no_timeout
                0x00000000000042d6       0x14 zephyr/kernel/libkernel.a(sched.c.obj)
 .text.z_reschedule_irqlock
                0x00000000000042ea       0x18 zephyr/kernel/libkernel.a(sched.c.obj)
                0x00000000000042ea                z_reschedule_irqlock
 .text.z_reschedule_unlocked
                0x0000000000004302       0x14 zephyr/kernel/libkernel.a(sched.c.obj)
 .text.z_priq_dumb_best
                0x0000000000004316        0xc zephyr/kernel/libkernel.a(sched.c.obj)
                0x0000000000004316                z_priq_dumb_best
 .text.z_ready_thread
                0x0000000000004322       0x20 zephyr/kernel/libkernel.a(sched.c.obj)
                0x0000000000004322                z_ready_thread
 .text.z_thread_timeout
                0x0000000000004342       0x44 zephyr/kernel/libkernel.a(sched.c.obj)
                0x0000000000004342                z_thread_timeout
 .text.add_to_waitq_locked
                0x0000000000004386       0x54 zephyr/kernel/libkernel.a(sched.c.obj)
 .text.z_unpend_first_thread
                0x00000000000043da       0x30 zephyr/kernel/libkernel.a(sched.c.obj)
                0x00000000000043da                z_unpend_first_thread
 .text.z_abort_timeout
                0x000000000000440a       0x2c zephyr/kernel/libkernel.a(timeout.c.obj)
                0x000000000000440a                z_abort_timeout
 .text.z_get_next_timeout_expiry
                0x0000000000004436       0x20 zephyr/kernel/libkernel.a(timeout.c.obj)
                0x0000000000004436                z_get_next_timeout_expiry
 .text.z_set_timeout_expiry
                0x0000000000004456       0x34 zephyr/kernel/libkernel.a(timeout.c.obj)
                0x0000000000004456                z_set_timeout_expiry
 .text.sys_clock_tick_get_32
                0x000000000000448a        0x8 zephyr/kernel/libkernel.a(timeout.c.obj)
                0x000000000000448a                sys_clock_tick_get_32
 .text.z_impl_k_busy_wait
                0x0000000000004492        0x8 zephyr/kernel/libkernel.a(timeout.c.obj)
                0x0000000000004492                z_impl_k_busy_wait
 .text.main     0x000000000000449a        0x4 zephyr/kernel/libkernel.a(main_weak.c.obj)
                0x000000000000449a                main
 .text.boot_banner
                0x000000000000449e        0x2 zephyr/kernel/libkernel.a(banner.c.obj)
                0x000000000000449e                boot_banner
 .text.z_device_state_init
                0x00000000000044a0        0x2 zephyr/kernel/libkernel.a(device.c.obj)
                0x00000000000044a0                z_device_state_init
 *(SORT_BY_ALIGNMENT(.TEXT.*))
 *fill*         0x00000000000044a2        0x2 
 .TEXT.z_arm_platform_init
                0x00000000000044a4        0x4 zephyr/libzephyr.a(soc_nrf_common.S.obj)
                0x00000000000044a4                z_arm_platform_init
 *(SORT_BY_ALIGNMENT(.gnu.linkonce.t.*))
 *(SORT_BY_ALIGNMENT(.glue_7t))
 .glue_7t       0x00000000000044a8        0x0 linker stubs
 *(SORT_BY_ALIGNMENT(.glue_7))
 .glue_7        0x00000000000044a8        0x0 linker stubs
 *(SORT_BY_ALIGNMENT(.vfp11_veneer))
 .vfp11_veneer  0x00000000000044a8        0x0 linker stubs
 *(SORT_BY_ALIGNMENT(.v4_bx))
 .v4_bx         0x00000000000044a8        0x0 linker stubs
                0x00000000000044a8                __text_region_end = .

.ARM.exidx      0x00000000000044a8        0x8
                0x00000000000044a8                __exidx_start = .
 *(SORT_BY_ALIGNMENT(.ARM.exidx*) SORT_BY_ALIGNMENT(gnu.linkonce.armexidx.*))
 .ARM.exidx     0x00000000000044a8        0x8 /home/js/zephyr-sdk-0.13.2/arm-zephyr-eabi/bin/../lib/gcc/arm-zephyr-eabi/10.3.0/thumb/v7e-m/nofp/libgcc.a(_udivmoddi4.o)
                0x00000000000044b0                __exidx_end = .
                0x00000000000044b0                __rodata_region_start = .

initlevel       0x00000000000044b0       0x30
                0x00000000000044b0                __init_start = .
                0x00000000000044b0                __init_PRE_KERNEL_1_start = .
 *(SORT_BY_NAME(SORT_BY_ALIGNMENT(.z_init_PRE_KERNEL_1[0-9]_*)))
 .z_init_PRE_KERNEL_10_
                0x00000000000044b0        0x8 zephyr/soc/arm/nordic_nrf/nrf52/libsoc__arm__nordic_nrf__nrf52.a(soc.c.obj)
 *(SORT_BY_NAME(SORT_BY_ALIGNMENT(.z_init_PRE_KERNEL_1[1-9][0-9]_*)))
 .z_init_PRE_KERNEL_130_
                0x00000000000044b8        0x8 zephyr/drivers/clock_control/libdrivers__clock_control.a(clock_control_nrf.c.obj)
 .z_init_PRE_KERNEL_140_
                0x00000000000044c0        0x8 zephyr/boards/arm/nrf52840dongle_nrf52840/libboards__arm__nrf52840dongle_nrf52840.a(board.c.obj)
 .z_init_PRE_KERNEL_140_
                0x00000000000044c8       0x10 zephyr/drivers/gpio/libdrivers__gpio.a(gpio_nrfx.c.obj)
                0x00000000000044d8                __init_PRE_KERNEL_2_start = .
 *(SORT_BY_NAME(SORT_BY_ALIGNMENT(.z_init_PRE_KERNEL_2[0-9]_*)))
 .z_init_PRE_KERNEL_20_
                0x00000000000044d8        0x8 zephyr/drivers/timer/libdrivers__timer.a(nrf_rtc_timer.c.obj)
 *(SORT_BY_NAME(SORT_BY_ALIGNMENT(.z_init_PRE_KERNEL_2[1-9][0-9]_*)))
                0x00000000000044e0                __init_POST_KERNEL_start = .
 *(SORT_BY_NAME(SORT_BY_ALIGNMENT(.z_init_POST_KERNEL[0-9]_*)))
 *(SORT_BY_NAME(SORT_BY_ALIGNMENT(.z_init_POST_KERNEL[1-9][0-9]_*)))
                0x00000000000044e0                __init_APPLICATION_start = .
 *(SORT_BY_NAME(SORT_BY_ALIGNMENT(.z_init_APPLICATION[0-9]_*)))
 *(SORT_BY_NAME(SORT_BY_ALIGNMENT(.z_init_APPLICATION[1-9][0-9]_*)))
                0x00000000000044e0                __init_SMP_start = .
 *(SORT_BY_NAME(SORT_BY_ALIGNMENT(.z_init_SMP[0-9]_*)))
 *(SORT_BY_NAME(SORT_BY_ALIGNMENT(.z_init_SMP[1-9][0-9]_*)))
                0x00000000000044e0                __init_end = .

devices         0x00000000000044e0       0x48
                0x00000000000044e0                __device_start = .
                0x00000000000044e0                __device_PRE_KERNEL_1_start = .
 *(SORT_BY_NAME(SORT_BY_ALIGNMENT(.z_device_PRE_KERNEL_1[0-9]_*)))
 *(SORT_BY_NAME(SORT_BY_ALIGNMENT(.z_device_PRE_KERNEL_1[1-9][0-9]_*)))
 .z_device_PRE_KERNEL_130_
                0x00000000000044e0       0x18 zephyr/drivers/clock_control/libdrivers__clock_control.a(clock_control_nrf.c.obj)
                0x00000000000044e0                __device_dts_ord_25
 .z_device_PRE_KERNEL_140_
                0x00000000000044f8       0x30 zephyr/drivers/gpio/libdrivers__gpio.a(gpio_nrfx.c.obj)
                0x00000000000044f8                __device_dts_ord_14
                0x0000000000004510                __device_dts_ord_9
                0x0000000000004528                __device_PRE_KERNEL_2_start = .
 *(SORT_BY_NAME(SORT_BY_ALIGNMENT(.z_device_PRE_KERNEL_2[0-9]_*)))
 *(SORT_BY_NAME(SORT_BY_ALIGNMENT(.z_device_PRE_KERNEL_2[1-9][0-9]_*)))
                0x0000000000004528                __device_POST_KERNEL_start = .
 *(SORT_BY_NAME(SORT_BY_ALIGNMENT(.z_device_POST_KERNEL[0-9]_*)))
 *(SORT_BY_NAME(SORT_BY_ALIGNMENT(.z_device_POST_KERNEL[1-9][0-9]_*)))
                0x0000000000004528                __device_APPLICATION_start = .
 *(SORT_BY_NAME(SORT_BY_ALIGNMENT(.z_device_APPLICATION[0-9]_*)))
 *(SORT_BY_NAME(SORT_BY_ALIGNMENT(.z_device_APPLICATION[1-9][0-9]_*)))
                0x0000000000004528                __device_SMP_start = .
 *(SORT_BY_NAME(SORT_BY_ALIGNMENT(.z_device_SMP[0-9]_*)))
 *(SORT_BY_NAME(SORT_BY_ALIGNMENT(.z_device_SMP[1-9][0-9]_*)))
                0x0000000000004528                __device_end = .

sw_isr_table    0x0000000000004528      0x180
                0x0000000000004528                . = ALIGN (0x0)
 *(SORT_BY_ALIGNMENT(.gnu.linkonce.sw_isr_table*))
 .gnu.linkonce.sw_isr_table
                0x0000000000004528      0x180 zephyr/arch/common/libisr_tables.a(isr_tables.c.obj)
                0x0000000000004528                _sw_isr_table

initlevel_error
                0x00000000000044b0        0x0
 *(SORT_BY_NAME(SORT_BY_ALIGNMENT(.z_init_[_A-Z0-9]*)))
                0x0000000000000001                ASSERT ((SIZEOF (initlevel_error) == 0x0), Undefined initialization levels used.)

app_shmem_regions
                0x00000000000046a8        0x0
                0x00000000000046a8                __app_shmem_regions_start = .
 *(SORT_BY_NAME(SORT_BY_ALIGNMENT(.app_regions.*)))
                0x00000000000046a8                __app_shmem_regions_end = .

bt_l2cap_fixed_chan_area
                0x00000000000046a8        0x0
                0x00000000000046a8                _bt_l2cap_fixed_chan_list_start = .
 *(SORT_BY_NAME(SORT_BY_ALIGNMENT(._bt_l2cap_fixed_chan.static.*)))
                0x00000000000046a8                _bt_l2cap_fixed_chan_list_end = .

bt_gatt_service_static_area
                0x00000000000046a8        0x0
                0x00000000000046a8                _bt_gatt_service_static_list_start = .
 *(SORT_BY_NAME(SORT_BY_ALIGNMENT(._bt_gatt_service_static.static.*)))
                0x00000000000046a8                _bt_gatt_service_static_list_end = .

k_p4wq_initparam_area
                0x00000000000046a8        0x0
                0x00000000000046a8                _k_p4wq_initparam_list_start = .
 *(SORT_BY_NAME(SORT_BY_ALIGNMENT(._k_p4wq_initparam.static.*)))
                0x00000000000046a8                _k_p4wq_initparam_list_end = .

log_strings_sections
                0x00000000000046a8        0x0
                0x00000000000046a8                __log_strings_start = .
 *(SORT_BY_NAME(SORT_BY_ALIGNMENT(.log_strings*)))
                0x00000000000046a8                __log_strings_end = .

log_const_sections
                0x00000000000046a8        0x0
                0x00000000000046a8                __log_const_start = .
 *(SORT_BY_NAME(SORT_BY_ALIGNMENT(.log_const_*)))
                0x00000000000046a8                __log_const_end = .

log_backends_sections
                0x00000000000046a8        0x0
                0x00000000000046a8                __log_backends_start = .
 *(SORT_BY_ALIGNMENT(._log_backend.*))
                0x00000000000046a8                __log_backends_end = .

shell_area      0x00000000000046a8        0x0
                0x00000000000046a8                _shell_list_start = .
 *(SORT_BY_NAME(SORT_BY_ALIGNMENT(._shell.static.*)))
                0x00000000000046a8                _shell_list_end = .

shell_root_cmds_sections
                0x00000000000046a8        0x0
                0x00000000000046a8                __shell_root_cmds_start = .
 *(SORT_BY_NAME(SORT_BY_ALIGNMENT(.shell_root_cmd_*)))
                0x00000000000046a8                __shell_root_cmds_end = .

font_entry_sections
                0x00000000000046a8        0x0
                0x00000000000046a8                __font_entry_start = .
 *(SORT_BY_NAME(SORT_BY_ALIGNMENT(._cfb_font.*)))
                0x00000000000046a8                __font_entry_end = .

tracing_backend_area
                0x00000000000046a8        0x0
                0x00000000000046a8                _tracing_backend_list_start = .
 *(SORT_BY_NAME(SORT_BY_ALIGNMENT(._tracing_backend.static.*)))
                0x00000000000046a8                _tracing_backend_list_end = .

zephyr_dbg_info
 *(SORT_BY_ALIGNMENT(.dbg_thread_info))

device_handles  0x00000000000046a8       0x24
                0x00000000000046a8                __device_handles_start = .
 *(SORT_BY_NAME(SORT_BY_ALIGNMENT(.__device_handles_pass1*)))
 .__device_handles_pass1
                0x00000000000046a8        0xa zephyr/drivers/clock_control/libdrivers__clock_control.a(clock_control_nrf.c.obj)
                0x00000000000046a8                __devicehdl_DT_N_S_soc_S_clock_40000000
 .__device_handles_pass1
                0x00000000000046b2       0x1a zephyr/drivers/gpio/libdrivers__gpio.a(gpio_nrfx.c.obj)
                0x00000000000046b2                __devicehdl_DT_N_S_soc_S_gpio_50000300
                0x00000000000046be                __devicehdl_DT_N_S_soc_S_gpio_50000000
                0x00000000000046cc                __device_handles_end = .

rodata          0x00000000000046d0       0xf8
 *(SORT_BY_ALIGNMENT(.rodata))
 *(SORT_BY_ALIGNMENT(.rodata.*))
 .rodata.delay_machine_code.0
                0x00000000000046d0        0x6 zephyr/soc/arm/nordic_nrf/nrf52/libsoc__arm__nordic_nrf__nrf52.a(soc.c.obj)
 *fill*         0x00000000000046d6        0x2 
 .rodata.static_regions
                0x00000000000046d8        0xc zephyr/arch/arch/arm/core/aarch32/mpu/libarch__arm__core__aarch32__mpu.a(arm_core_mpu.c.obj)
 .rodata.mpu_config
                0x00000000000046e4        0x8 zephyr/soc/arm/common/cortex_m/libsoc__arm__common__cortex_m.a(arm_mpu_regions.c.obj)
                0x00000000000046e4                mpu_config
 .rodata.mpu_regions
                0x00000000000046ec       0x18 zephyr/soc/arm/common/cortex_m/libsoc__arm__common__cortex_m.a(arm_mpu_regions.c.obj)
 .rodata.clock_control_api
                0x0000000000004704       0x18 zephyr/drivers/clock_control/libdrivers__clock_control.a(clock_control_nrf.c.obj)
 .rodata.config
                0x000000000000471c       0x10 zephyr/drivers/clock_control/libdrivers__clock_control.a(clock_control_nrf.c.obj)
 .rodata.transitions.0
                0x000000000000472c        0xc zephyr/drivers/clock_control/libdrivers__clock_control.a(clock_control_nrf.c.obj)
 .rodata.gpio_nrfx_drv_api_funcs
                0x0000000000004738       0x24 zephyr/drivers/gpio/libdrivers__gpio.a(gpio_nrfx.c.obj)
 .rodata.gpio_nrfx_p0_cfg
                0x000000000000475c        0xc zephyr/drivers/gpio/libdrivers__gpio.a(gpio_nrfx.c.obj)
 .rodata.gpio_nrfx_p1_cfg
                0x0000000000004768        0xc zephyr/drivers/gpio/libdrivers__gpio.a(gpio_nrfx.c.obj)
 .rodata._k_neg_eagain
                0x0000000000004774        0x4 zephyr/kernel/libkernel.a(errno.c.obj)
                0x0000000000004774                _k_neg_eagain
 .rodata.levels.0
                0x0000000000004778       0x14 zephyr/kernel/libkernel.a(device.c.obj)
 .rodata.str1.1
                0x000000000000478c        0xf zephyr/soc/arm/common/cortex_m/libsoc__arm__common__cortex_m.a(arm_mpu_regions.c.obj)
 .rodata.CSWTCH.9
                0x000000000000479b        0x6 zephyr/soc/arm/nordic_nrf/nrf52/libsoc__arm__nordic_nrf__nrf52.a(soc.c.obj)
 .rodata.str1.1
                0x00000000000047a1        0x6 zephyr/drivers/clock_control/libdrivers__clock_control.a(clock_control_nrf.c.obj)
 .rodata.str1.1
                0x00000000000047a7        0xe zephyr/drivers/gpio/libdrivers__gpio.a(gpio_nrfx.c.obj)
 .rodata.CSWTCH.14
                0x00000000000047b5        0x6 modules/hal_nordic/nrfx/libmodules__hal_nordic__nrfx.a(system_nrf52840.c.obj)
 .rodata.CSWTCH.5
                0x00000000000047bb        0x6 modules/hal_nordic/nrfx/libmodules__hal_nordic__nrfx.a(system_nrf52840.c.obj)
 .rodata.z_cstart.str1.1
                0x00000000000047c1        0x5 zephyr/kernel/libkernel.a(init.c.obj)
 *(SORT_BY_ALIGNMENT(.gnu.linkonce.r.*))
                0x00000000000047c8                . = ALIGN (0x4)
 *fill*         0x00000000000047c6        0x2 
                0x00000000000047c8                __rodata_region_end = .
                0x00000000000047e0                . = ALIGN (_region_min_align)
                0x0000000000008000                . = ALIGN ((0x1 << ((__rodata_region_end - __rom_region_start) <= 0x4)?0x2:((__rodata_region_end - __rom_region_start) <= 0x8)?0x3:((__rodata_region_end - __rom_region_start) <= 0x10)?0x4:((__rodata_region_end - __rom_region_start) <= 0x20)?0x5:((__rodata_region_end - __rom_region_start) <= 0x40)?0x6:((__rodata_region_end - __rom_region_start) <= 0x80)?0x7:((__rodata_region_end - __rom_region_start) <= 0x100)?0x8:((__rodata_region_end - __rom_region_start) <= 0x200)?0x9:((__rodata_region_end - __rom_region_start) <= 0x400)?0xa:((__rodata_region_end - __rom_region_start) <= 0x800)?0xb:((__rodata_region_end - __rom_region_start) <= 0x1000)?0xc:((__rodata_region_end - __rom_region_start) <= 0x2000)?0xd:((__rodata_region_end - __rom_region_start) <= 0x4000)?0xe:((__rodata_region_end - __rom_region_start) <= 0x8000)?0xf:((__rodata_region_end - __rom_region_start) <= 0x10000)?0x10:((__rodata_region_end - __rom_region_start) <= 0x20000)?0x11:((__rodata_region_end - __rom_region_start) <= 0x40000)?0x12:((__rodata_region_end - __rom_region_start) <= 0x80000)?0x13:((__rodata_region_end - __rom_region_start) <= 0x100000)?0x14:((__rodata_region_end - __rom_region_start) <= 0x200000)?0x15:((__rodata_region_end - __rom_region_start) <= 0x400000)?0x16:((__rodata_region_end - __rom_region_start) <= 0x800000)?0x17:((__rodata_region_end - __rom_region_start) <= 0x1000000)?0x18:((__rodata_region_end - __rom_region_start) <= 0x2000000)?0x19:((__rodata_region_end - __rom_region_start) <= 0x4000000)?0x1a:((__rodata_region_end - __rom_region_start) <= 0x8000000)?0x1b:((__rodata_region_end - __rom_region_start) <= 0x10000000)?0x1c:((__rodata_region_end - __rom_region_start) <= 0x20000000)?0x1d:((__rodata_region_end - __rom_region_start) <= 0x40000000)?0x1e:((__rodata_region_end - __rom_region_start) <= 0x80000000)?0x1f:0x20))
                0x0000000000008000                __rom_region_end = .
                0x0000000020000000                . = 0x20000000
                0x0000000020000000                . = ALIGN (_region_min_align)
                0x0000000020000000                _image_ram_start = .

.ramfunc        0x0000000020000000        0x0 load address 0x00000000000047c8
                0x0000000020000000                . = ALIGN (_region_min_align)
                0x0000000020000000                . = ALIGN ((0x1 << (__ramfunc_size <= 0x4)?0x2:(__ramfunc_size <= 0x8)?0x3:(__ramfunc_size <= 0x10)?0x4:(__ramfunc_size <= 0x20)?0x5:(__ramfunc_size <= 0x40)?0x6:(__ramfunc_size <= 0x80)?0x7:(__ramfunc_size <= 0x100)?0x8:(__ramfunc_size <= 0x200)?0x9:(__ramfunc_size <= 0x400)?0xa:(__ramfunc_size <= 0x800)?0xb:(__ramfunc_size <= 0x1000)?0xc:(__ramfunc_size <= 0x2000)?0xd:(__ramfunc_size <= 0x4000)?0xe:(__ramfunc_size <= 0x8000)?0xf:(__ramfunc_size <= 0x10000)?0x10:(__ramfunc_size <= 0x20000)?0x11:(__ramfunc_size <= 0x40000)?0x12:(__ramfunc_size <= 0x80000)?0x13:(__ramfunc_size <= 0x100000)?0x14:(__ramfunc_size <= 0x200000)?0x15:(__ramfunc_size <= 0x400000)?0x16:(__ramfunc_size <= 0x800000)?0x17:(__ramfunc_size <= 0x1000000)?0x18:(__ramfunc_size <= 0x2000000)?0x19:(__ramfunc_size <= 0x4000000)?0x1a:(__ramfunc_size <= 0x8000000)?0x1b:(__ramfunc_size <= 0x10000000)?0x1c:(__ramfunc_size <= 0x20000000)?0x1d:(__ramfunc_size <= 0x40000000)?0x1e:(__ramfunc_size <= 0x80000000)?0x1f:0x20))
                0x0000000020000000                __ramfunc_start = .
 *(SORT_BY_ALIGNMENT(.ramfunc))
 *(SORT_BY_ALIGNMENT(.ramfunc.*))
                0x0000000020000000                . = ALIGN (_region_min_align)
                0x0000000020000000                . = ALIGN ((0x1 << (__ramfunc_size <= 0x4)?0x2:(__ramfunc_size <= 0x8)?0x3:(__ramfunc_size <= 0x10)?0x4:(__ramfunc_size <= 0x20)?0x5:(__ramfunc_size <= 0x40)?0x6:(__ramfunc_size <= 0x80)?0x7:(__ramfunc_size <= 0x100)?0x8:(__ramfunc_size <= 0x200)?0x9:(__ramfunc_size <= 0x400)?0xa:(__ramfunc_size <= 0x800)?0xb:(__ramfunc_size <= 0x1000)?0xc:(__ramfunc_size <= 0x2000)?0xd:(__ramfunc_size <= 0x4000)?0xe:(__ramfunc_size <= 0x8000)?0xf:(__ramfunc_size <= 0x10000)?0x10:(__ramfunc_size <= 0x20000)?0x11:(__ramfunc_size <= 0x40000)?0x12:(__ramfunc_size <= 0x80000)?0x13:(__ramfunc_size <= 0x100000)?0x14:(__ramfunc_size <= 0x200000)?0x15:(__ramfunc_size <= 0x400000)?0x16:(__ramfunc_size <= 0x800000)?0x17:(__ramfunc_size <= 0x1000000)?0x18:(__ramfunc_size <= 0x2000000)?0x19:(__ramfunc_size <= 0x4000000)?0x1a:(__ramfunc_size <= 0x8000000)?0x1b:(__ramfunc_size <= 0x10000000)?0x1c:(__ramfunc_size <= 0x20000000)?0x1d:(__ramfunc_size <= 0x40000000)?0x1e:(__ramfunc_size <= 0x80000000)?0x1f:0x20))
                0x0000000020000000                __ramfunc_end = .
                0x0000000000000000                __ramfunc_size = (__ramfunc_end - __ramfunc_start)
                0x00000000000047c8                __ramfunc_load_start = LOADADDR (.ramfunc)

datas           0x0000000020000000       0x88 load address 0x00000000000047c8
                0x0000000020000000                __data_region_start = .
                0x0000000020000000                __data_start = .
 *(SORT_BY_ALIGNMENT(.data))
 *(SORT_BY_ALIGNMENT(.data.*))
 .data.SystemCoreClock
                0x0000000020000000        0x4 modules/hal_nordic/nrfx/libmodules__hal_nordic__nrfx.a(system_nrf52840.c.obj)
                0x0000000020000000                SystemCoreClock
 .data.m_cb     0x0000000020000004       0x7c modules/hal_nordic/nrfx/libmodules__hal_nordic__nrfx.a(nrfx_gpiote.c.obj)
 .data.timeout_list
                0x0000000020000080        0x8 zephyr/kernel/libkernel.a(timeout.c.obj)
 *(SORT_BY_ALIGNMENT(.kernel.*))
                0x0000000020000088                __data_end = .
                0x0000000000000088                __data_size = (__data_end - __data_start)
                0x00000000000047c8                __data_load_start = LOADADDR (datas)
                0x00000000000047c8                __data_region_load_start = LOADADDR (datas)

device_states   0x0000000020000088        0xc load address 0x0000000000004850
                0x0000000020000088                __device_states_start = .
 *(SORT_BY_ALIGNMENT(.z_devstate))
 .z_devstate    0x0000000020000088        0x4 zephyr/drivers/clock_control/libdrivers__clock_control.a(clock_control_nrf.c.obj)
 .z_devstate    0x000000002000008c        0x8 zephyr/drivers/gpio/libdrivers__gpio.a(gpio_nrfx.c.obj)
 *(SORT_BY_ALIGNMENT(.z_devstate.*))
                0x0000000020000094                __device_states_end = .

initshell       0x0000000020000094        0x0 load address 0x000000000000485c
                0x0000000020000094                __shell_module_start = .
 *(SORT_BY_ALIGNMENT(.shell_module_*))
                0x0000000020000094                __shell_module_end = .
                0x0000000020000094                __shell_cmd_start = .
 *(SORT_BY_ALIGNMENT(.shell_cmd_*))
                0x0000000020000094                __shell_cmd_end = .

log_dynamic_sections
                0x0000000020000094        0x0 load address 0x000000000000485c
                0x0000000020000094                __log_dynamic_start = .
 *(SORT_BY_NAME(SORT_BY_ALIGNMENT(.log_dynamic_*)))
                0x0000000020000094                __log_dynamic_end = .

_static_thread_data_area
                0x0000000020000094        0x0 load address 0x000000000000485c
                0x0000000020000094                __static_thread_data_list_start = .
 *(SORT_BY_NAME(SORT_BY_ALIGNMENT(.__static_thread_data.static.*)))
                0x0000000020000094                __static_thread_data_list_end = .

k_timer_area    0x0000000020000094        0x0 load address 0x000000000000485c
                0x0000000020000094                _k_timer_list_start = .
 *(SORT_BY_NAME(SORT_BY_ALIGNMENT(._k_timer.static.*)))
                0x0000000020000094                _k_timer_list_end = .

k_mem_slab_area
                0x0000000020000094        0x0 load address 0x000000000000485c
                0x0000000020000094                _k_mem_slab_list_start = .
 *(SORT_BY_NAME(SORT_BY_ALIGNMENT(._k_mem_slab.static.*)))
                0x0000000020000094                _k_mem_slab_list_end = .

k_mem_pool_area
                0x0000000020000094        0x0 load address 0x000000000000485c
                0x0000000020000094                _k_mem_pool_list_start = .
 *(SORT_BY_NAME(SORT_BY_ALIGNMENT(._k_mem_pool.static.*)))
                0x0000000020000094                _k_mem_pool_list_end = .

k_heap_area     0x0000000020000094        0x0 load address 0x000000000000485c
                0x0000000020000094                _k_heap_list_start = .
 *(SORT_BY_NAME(SORT_BY_ALIGNMENT(._k_heap.static.*)))
                0x0000000020000094                _k_heap_list_end = .

k_mutex_area    0x0000000020000094        0x0 load address 0x000000000000485c
                0x0000000020000094                _k_mutex_list_start = .
 *(SORT_BY_NAME(SORT_BY_ALIGNMENT(._k_mutex.static.*)))
                0x0000000020000094                _k_mutex_list_end = .

k_stack_area    0x0000000020000094        0x0 load address 0x000000000000485c
                0x0000000020000094                _k_stack_list_start = .
 *(SORT_BY_NAME(SORT_BY_ALIGNMENT(._k_stack.static.*)))
                0x0000000020000094                _k_stack_list_end = .

k_msgq_area     0x0000000020000094        0x0 load address 0x000000000000485c
                0x0000000020000094                _k_msgq_list_start = .
 *(SORT_BY_NAME(SORT_BY_ALIGNMENT(._k_msgq.static.*)))
                0x0000000020000094                _k_msgq_list_end = .

k_mbox_area     0x0000000020000094        0x0 load address 0x000000000000485c
                0x0000000020000094                _k_mbox_list_start = .
 *(SORT_BY_NAME(SORT_BY_ALIGNMENT(._k_mbox.static.*)))
                0x0000000020000094                _k_mbox_list_end = .

k_pipe_area     0x0000000020000094        0x0 load address 0x000000000000485c
                0x0000000020000094                _k_pipe_list_start = .
 *(SORT_BY_NAME(SORT_BY_ALIGNMENT(._k_pipe.static.*)))
                0x0000000020000094                _k_pipe_list_end = .

k_sem_area      0x0000000020000094        0x0 load address 0x000000000000485c
                0x0000000020000094                _k_sem_list_start = .
 *(SORT_BY_NAME(SORT_BY_ALIGNMENT(._k_sem.static.*)))
                0x0000000020000094                _k_sem_list_end = .

k_event_area    0x0000000020000094        0x0 load address 0x000000000000485c
                0x0000000020000094                _k_event_list_start = .
 *(SORT_BY_NAME(SORT_BY_ALIGNMENT(._k_event.static.*)))
                0x0000000020000094                _k_event_list_end = .

k_queue_area    0x0000000020000094        0x0 load address 0x000000000000485c
                0x0000000020000094                _k_queue_list_start = .
 *(SORT_BY_NAME(SORT_BY_ALIGNMENT(._k_queue.static.*)))
                0x0000000020000094                _k_queue_list_end = .

k_condvar_area  0x0000000020000094        0x0 load address 0x000000000000485c
                0x0000000020000094                _k_condvar_list_start = .
 *(SORT_BY_NAME(SORT_BY_ALIGNMENT(._k_condvar.static.*)))
                0x0000000020000094                _k_condvar_list_end = .

_net_buf_pool_area
                0x0000000020000094        0x0 load address 0x000000000000485c
                0x0000000020000094                _net_buf_pool_list = .
 *(SORT_BY_NAME(SORT_BY_ALIGNMENT(._net_buf_pool.static.*)))
                0x0000000020000094                __data_region_end = .

bss             0x0000000020000098      0x202
                0x0000000020000098                . = ALIGN (0x4)
                0x0000000020000098                __bss_start = .
                0x0000000020000098                __kernel_ram_start = .
 *(SORT_BY_ALIGNMENT(.bss))
 *(SORT_BY_ALIGNMENT(.bss.*))
 .bss.z_idle_threads
                0x0000000020000098       0x80 zephyr/kernel/libkernel.a(init.c.obj)
                0x0000000020000098                z_idle_threads
 .bss.z_main_thread
                0x0000000020000118       0x80 zephyr/kernel/libkernel.a(init.c.obj)
                0x0000000020000118                z_main_thread
 .bss.curr_tick
                0x0000000020000198        0x8 zephyr/kernel/libkernel.a(timeout.c.obj)
 .bss.pm_notifiers
                0x00000000200001a0        0x8 zephyr/libzephyr.a(pm.c.obj)
 .bss.z_post_ops_required
                0x00000000200001a8        0x4 zephyr/libzephyr.a(pm.c.obj)
 .bss.z_power_states
                0x00000000200001ac        0xc zephyr/libzephyr.a(pm.c.obj)
 .bss.z_power_states_forced
                0x00000000200001b8        0x4 zephyr/libzephyr.a(pm.c.obj)
 .bss.dynamic_regions.0
                0x00000000200001bc        0xc zephyr/arch/arch/arm/core/aarch32/mpu/libarch__arm__core__aarch32__mpu.a(arm_core_mpu.c.obj)
 .bss.cli.1     0x00000000200001c8       0x10 zephyr/drivers/clock_control/libdrivers__clock_control.a(clock_control_nrf.c.obj)
 .bss.data      0x00000000200001d8       0x50 zephyr/drivers/clock_control/libdrivers__clock_control.a(clock_control_nrf.c.obj)
 .bss.hfclk_users
                0x0000000020000228        0x4 zephyr/drivers/clock_control/libdrivers__clock_control.a(clock_control_nrf.c.obj)
 .bss.on.2      0x000000002000022c        0x4 zephyr/drivers/clock_control/libdrivers__clock_control.a(clock_control_nrf.c.obj)
 .bss.gpio_nrfx_p0_data
                0x0000000020000230        0xc zephyr/drivers/gpio/libdrivers__gpio.a(gpio_nrfx.c.obj)
 .bss.gpio_nrfx_p1_data
                0x000000002000023c        0xc zephyr/drivers/gpio/libdrivers__gpio.a(gpio_nrfx.c.obj)
 .bss.cc_data   0x0000000020000248        0x8 zephyr/drivers/timer/libdrivers__timer.a(nrf_rtc_timer.c.obj)
 .bss.int_mask  0x0000000020000250        0x4 zephyr/drivers/timer/libdrivers__timer.a(nrf_rtc_timer.c.obj)
 .bss.last_count
                0x0000000020000254        0x4 zephyr/drivers/timer/libdrivers__timer.a(nrf_rtc_timer.c.obj)
 .bss.m_clock_cb
                0x0000000020000258        0x8 modules/hal_nordic/nrfx/libmodules__hal_nordic__nrfx.a(nrfx_clock.c.obj)
 .bss._kernel   0x0000000020000260       0x28 zephyr/kernel/libkernel.a(init.c.obj)
                0x0000000020000260                _kernel
 .bss.pending_current
                0x0000000020000288        0x4 zephyr/kernel/libkernel.a(sched.c.obj)
 .bss.slice_max_prio
                0x000000002000028c        0x4 zephyr/kernel/libkernel.a(sched.c.obj)
 .bss.slice_time
                0x0000000020000290        0x4 zephyr/kernel/libkernel.a(sched.c.obj)
 .bss.announce_remaining
                0x0000000020000294        0x4 zephyr/kernel/libkernel.a(timeout.c.obj)
 .bss.static_regions_num
                0x0000000020000298        0x1 zephyr/arch/arch/arm/core/aarch32/mpu/libarch__arm__core__aarch32__mpu.a(arm_mpu.c.obj)
 .bss.z_sys_post_kernel
                0x0000000020000299        0x1 zephyr/kernel/libkernel.a(init.c.obj)
                0x0000000020000299                z_sys_post_kernel
 .bss.lock      0x000000002000029a        0x0 zephyr/kernel/libkernel.a(sem.c.obj)
 .bss.sched_spinlock
                0x000000002000029a        0x0 zephyr/kernel/libkernel.a(sched.c.obj)
                0x000000002000029a                sched_spinlock
 *(SORT_BY_ALIGNMENT(COMMON))
 *(SORT_BY_ALIGNMENT(.kernel_bss.*))
                0x000000002000029c                __bss_end = ALIGN (0x4)

noinit          0x00000000200002a0      0xda0
 *(SORT_BY_ALIGNMENT(.noinit))
 *(SORT_BY_ALIGNMENT(.noinit.*))
 .noinit."WEST_TOPDIR/zephyr/kernel/init.c".0
                0x00000000200002a0      0x420 zephyr/kernel/libkernel.a(init.c.obj)
                0x00000000200002a0                z_main_stack
 .noinit."WEST_TOPDIR/zephyr/kernel/init.c".1
                0x00000000200006c0      0x160 zephyr/kernel/libkernel.a(init.c.obj)
 .noinit."WEST_TOPDIR/zephyr/kernel/init.c".2
                0x0000000020000820      0x820 zephyr/kernel/libkernel.a(init.c.obj)
                0x0000000020000820                z_interrupt_stacks
 *(SORT_BY_ALIGNMENT(.kernel_noinit.*))
                0x0000000020001040                _image_ram_end = .
                0x0000000020001040                _end = .
                0x0000000020040000                __kernel_ram_end = 0x20040000
                0x000000000003ff68                __kernel_ram_size = (__kernel_ram_end - __kernel_ram_start)

.intList        0x00000000fffff800       0x38
 *(SORT_BY_ALIGNMENT(.irq_info*))
 .irq_info      0x00000000fffff800        0x8 zephyr/arch/common/libisr_tables.a(isr_tables.c.obj)
                0x00000000fffff800                _iheader
 *(SORT_BY_ALIGNMENT(.intList*))
 .intList       0x00000000fffff808       0x10 zephyr/drivers/clock_control/libdrivers__clock_control.a(clock_control_nrf.c.obj)
 .intList       0x00000000fffff818       0x10 zephyr/drivers/gpio/libdrivers__gpio.a(gpio_nrfx.c.obj)
 .intList       0x00000000fffff828       0x10 zephyr/drivers/timer/libdrivers__timer.a(nrf_rtc_timer.c.obj)

.stab
 *(SORT_BY_ALIGNMENT(.stab))

.stabstr
 *(SORT_BY_ALIGNMENT(.stabstr))

.stab.excl
 *(SORT_BY_ALIGNMENT(.stab.excl))

.stab.exclstr
 *(SORT_BY_ALIGNMENT(.stab.exclstr))

.stab.index
 *(SORT_BY_ALIGNMENT(.stab.index))

.stab.indexstr
 *(SORT_BY_ALIGNMENT(.stab.indexstr))

.gnu.build.attributes
 *(SORT_BY_ALIGNMENT(.gnu.build.attributes) SORT_BY_ALIGNMENT(.gnu.build.attributes.*))

.comment        0x0000000000000000       0x2e
 *(SORT_BY_ALIGNMENT(.comment))
 .comment       0x0000000000000000       0x2e zephyr/CMakeFiles/offsets.dir/./arch/arm/core/offsets/offsets.c.obj
                                         0x2f (size before relaxing)
 .comment       0x000000000000002e       0x2f zephyr/libzephyr.a(notify.c.obj)
 .comment       0x000000000000002e       0x2f zephyr/libzephyr.a(onoff.c.obj)
 .comment       0x000000000000002e       0x2f zephyr/libzephyr.a(thread_entry.c.obj)
 .comment       0x000000000000002e       0x2f zephyr/libzephyr.a(configs.c.obj)
 .comment       0x000000000000002e       0x2f zephyr/libzephyr.a(pm.c.obj)
 .comment       0x000000000000002e       0x2f zephyr/libzephyr.a(policy_residency.c.obj)
 .comment       0x000000000000002e       0x2f zephyr/arch/arch/arm/core/aarch32/libarch__arm__core__aarch32.a(fatal.c.obj)
 .comment       0x000000000000002e       0x2f zephyr/arch/arch/arm/core/aarch32/libarch__arm__core__aarch32.a(irq_manage.c.obj)
 .comment       0x000000000000002e       0x2f zephyr/arch/arch/arm/core/aarch32/libarch__arm__core__aarch32.a(nmi.c.obj)
 .comment       0x000000000000002e       0x2f zephyr/arch/arch/arm/core/aarch32/libarch__arm__core__aarch32.a(prep_c.c.obj)
 .comment       0x000000000000002e       0x2f zephyr/arch/arch/arm/core/aarch32/libarch__arm__core__aarch32.a(swap.c.obj)
 .comment       0x000000000000002e       0x2f zephyr/arch/arch/arm/core/aarch32/libarch__arm__core__aarch32.a(thread.c.obj)
 .comment       0x000000000000002e       0x2f zephyr/arch/arch/arm/core/aarch32/cortex_m/libarch__arm__core__aarch32__cortex_m.a(fault.c.obj)
 .comment       0x000000000000002e       0x2f zephyr/arch/arch/arm/core/aarch32/cortex_m/libarch__arm__core__aarch32__cortex_m.a(irq_init.c.obj)
 .comment       0x000000000000002e       0x2f zephyr/arch/arch/arm/core/aarch32/cortex_m/libarch__arm__core__aarch32__cortex_m.a(thread_abort.c.obj)
 .comment       0x000000000000002e       0x2f zephyr/arch/arch/arm/core/aarch32/mpu/libarch__arm__core__aarch32__mpu.a(arm_core_mpu.c.obj)
 .comment       0x000000000000002e       0x2f zephyr/arch/arch/arm/core/aarch32/mpu/libarch__arm__core__aarch32__mpu.a(arm_mpu.c.obj)
 .comment       0x000000000000002e       0x2f zephyr/lib/libc/minimal/liblib__libc__minimal.a(string.c.obj)
 .comment       0x000000000000002e       0x2f zephyr/soc/arm/common/cortex_m/libsoc__arm__common__cortex_m.a(arm_mpu_regions.c.obj)
 .comment       0x000000000000002e       0x2f zephyr/soc/arm/nordic_nrf/nrf52/libsoc__arm__nordic_nrf__nrf52.a(soc.c.obj)
 .comment       0x000000000000002e       0x2f zephyr/soc/arm/nordic_nrf/nrf52/libsoc__arm__nordic_nrf__nrf52.a(power.c.obj)
 .comment       0x000000000000002e       0x2f zephyr/boards/arm/nrf52840dongle_nrf52840/libboards__arm__nrf52840dongle_nrf52840.a(board.c.obj)
 .comment       0x000000000000002e       0x2f zephyr/drivers/clock_control/libdrivers__clock_control.a(clock_control_nrf.c.obj)
 .comment       0x000000000000002e       0x2f zephyr/drivers/gpio/libdrivers__gpio.a(gpio_nrfx.c.obj)
 .comment       0x000000000000002e       0x2f zephyr/drivers/timer/libdrivers__timer.a(sys_clock_init.c.obj)
 .comment       0x000000000000002e       0x2f zephyr/drivers/timer/libdrivers__timer.a(nrf_rtc_timer.c.obj)
 .comment       0x000000000000002e       0x2f modules/hal_nordic/nrfx/libmodules__hal_nordic__nrfx.a(system_nrf52840.c.obj)
 .comment       0x000000000000002e       0x2f modules/hal_nordic/nrfx/libmodules__hal_nordic__nrfx.a(nrfx_glue.c.obj)
 .comment       0x000000000000002e       0x2f modules/hal_nordic/nrfx/libmodules__hal_nordic__nrfx.a(nrfx_flag32_allocator.c.obj)
 .comment       0x000000000000002e       0x2f modules/hal_nordic/nrfx/libmodules__hal_nordic__nrfx.a(nrfx_clock.c.obj)
 .comment       0x000000000000002e       0x2f modules/hal_nordic/nrfx/libmodules__hal_nordic__nrfx.a(nrfx_gpiote.c.obj)
 .comment       0x000000000000002e       0x2f zephyr/kernel/libkernel.a(errno.c.obj)
 .comment       0x000000000000002e       0x2f zephyr/kernel/libkernel.a(fatal.c.obj)
 .comment       0x000000000000002e       0x2f zephyr/kernel/libkernel.a(init.c.obj)
 .comment       0x000000000000002e       0x2f zephyr/kernel/libkernel.a(thread.c.obj)
 .comment       0x000000000000002e       0x2f zephyr/kernel/libkernel.a(idle.c.obj)
 .comment       0x000000000000002e       0x2f zephyr/kernel/libkernel.a(sem.c.obj)
 .comment       0x000000000000002e       0x2f zephyr/kernel/libkernel.a(sched.c.obj)
 .comment       0x000000000000002e       0x2f zephyr/kernel/libkernel.a(xip.c.obj)
 .comment       0x000000000000002e       0x2f zephyr/kernel/libkernel.a(timeout.c.obj)
 .comment       0x000000000000002e       0x2f zephyr/kernel/libkernel.a(main_weak.c.obj)
 .comment       0x000000000000002e       0x2f zephyr/kernel/libkernel.a(banner.c.obj)
 .comment       0x000000000000002e       0x2f zephyr/kernel/libkernel.a(device.c.obj)
 .comment       0x000000000000002e       0x2f zephyr/arch/common/libisr_tables.a(isr_tables.c.obj)

.debug
 *(SORT_BY_ALIGNMENT(.debug))

.line
 *(SORT_BY_ALIGNMENT(.line))

.debug_srcinfo
 *(SORT_BY_ALIGNMENT(.debug_srcinfo))

.debug_sfnames
 *(SORT_BY_ALIGNMENT(.debug_sfnames))

.debug_aranges  0x0000000000000000      0xf50
 *(SORT_BY_ALIGNMENT(.debug_aranges))
 .debug_aranges
                0x0000000000000000       0x20 zephyr/libzephyr.a(soc_nrf_common.S.obj)
 .debug_aranges
                0x0000000000000020       0x30 zephyr/arch/arch/arm/core/aarch32/libarch__arm__core__aarch32.a(cpu_idle.S.obj)
 .debug_aranges
                0x0000000000000050       0x20 zephyr/arch/arch/arm/core/aarch32/libarch__arm__core__aarch32.a(nmi_on_reset.S.obj)
 .debug_aranges
                0x0000000000000070       0x28 zephyr/arch/arch/arm/core/aarch32/libarch__arm__core__aarch32.a(swap_helper.S.obj)
 .debug_aranges
                0x0000000000000098       0x20 zephyr/arch/arch/arm/core/aarch32/libarch__arm__core__aarch32.a(isr_wrapper.S.obj)
 .debug_aranges
                0x00000000000000b8       0x20 zephyr/arch/arch/arm/core/aarch32/cortex_m/libarch__arm__core__aarch32__cortex_m.a(exc_exit.S.obj)
 .debug_aranges
                0x00000000000000d8       0x20 zephyr/arch/arch/arm/core/aarch32/cortex_m/libarch__arm__core__aarch32__cortex_m.a(fault_s.S.obj)
 .debug_aranges
                0x00000000000000f8       0x20 zephyr/arch/arch/arm/core/aarch32/cortex_m/libarch__arm__core__aarch32__cortex_m.a(reset.S.obj)
 .debug_aranges
                0x0000000000000118       0x20 zephyr/CMakeFiles/offsets.dir/./arch/arm/core/offsets/offsets.c.obj
 .debug_aranges
                0x0000000000000138       0x28 zephyr/libzephyr.a(notify.c.obj)
 .debug_aranges
                0x0000000000000160       0x90 zephyr/libzephyr.a(onoff.c.obj)
 .debug_aranges
                0x00000000000001f0       0x20 zephyr/libzephyr.a(thread_entry.c.obj)
 .debug_aranges
                0x0000000000000210       0x20 zephyr/libzephyr.a(configs.c.obj)
 .debug_aranges
                0x0000000000000230       0x58 zephyr/libzephyr.a(pm.c.obj)
 .debug_aranges
                0x0000000000000288       0x20 zephyr/libzephyr.a(policy_residency.c.obj)
 .debug_aranges
                0x00000000000002a8       0x30 zephyr/arch/arch/arm/core/aarch32/libarch__arm__core__aarch32.a(fatal.c.obj)
 .debug_aranges
                0x00000000000002d8       0x48 zephyr/arch/arch/arm/core/aarch32/libarch__arm__core__aarch32.a(irq_manage.c.obj)
 .debug_aranges
                0x0000000000000320       0x20 zephyr/arch/arch/arm/core/aarch32/libarch__arm__core__aarch32.a(nmi.c.obj)
 .debug_aranges
                0x0000000000000340       0x20 zephyr/arch/arch/arm/core/aarch32/libarch__arm__core__aarch32.a(prep_c.c.obj)
 .debug_aranges
                0x0000000000000360       0x20 zephyr/arch/arch/arm/core/aarch32/libarch__arm__core__aarch32.a(swap.c.obj)
 .debug_aranges
                0x0000000000000380       0x30 zephyr/arch/arch/arm/core/aarch32/libarch__arm__core__aarch32.a(thread.c.obj)
 .debug_aranges
                0x00000000000003b0       0x38 zephyr/arch/arch/arm/core/aarch32/cortex_m/libarch__arm__core__aarch32__cortex_m.a(fault.c.obj)
 .debug_aranges
                0x00000000000003e8       0x20 zephyr/arch/arch/arm/core/aarch32/cortex_m/libarch__arm__core__aarch32__cortex_m.a(irq_init.c.obj)
 .debug_aranges
                0x0000000000000408       0x20 zephyr/arch/arch/arm/core/aarch32/cortex_m/libarch__arm__core__aarch32__cortex_m.a(thread_abort.c.obj)
 .debug_aranges
                0x0000000000000428       0x28 zephyr/arch/arch/arm/core/aarch32/mpu/libarch__arm__core__aarch32__mpu.a(arm_core_mpu.c.obj)
 .debug_aranges
                0x0000000000000450       0x48 zephyr/arch/arch/arm/core/aarch32/mpu/libarch__arm__core__aarch32__mpu.a(arm_mpu.c.obj)
 .debug_aranges
                0x0000000000000498       0x98 zephyr/lib/libc/minimal/liblib__libc__minimal.a(string.c.obj)
 .debug_aranges
                0x0000000000000530       0x18 zephyr/soc/arm/common/cortex_m/libsoc__arm__common__cortex_m.a(arm_mpu_regions.c.obj)
 .debug_aranges
                0x0000000000000548       0x30 zephyr/soc/arm/nordic_nrf/nrf52/libsoc__arm__nordic_nrf__nrf52.a(soc.c.obj)
 .debug_aranges
                0x0000000000000578       0x28 zephyr/soc/arm/nordic_nrf/nrf52/libsoc__arm__nordic_nrf__nrf52.a(power.c.obj)
 .debug_aranges
                0x00000000000005a0       0x20 zephyr/boards/arm/nrf52840dongle_nrf52840/libboards__arm__nrf52840dongle_nrf52840.a(board.c.obj)
 .debug_aranges
                0x00000000000005c0       0xc8 zephyr/drivers/clock_control/libdrivers__clock_control.a(clock_control_nrf.c.obj)
 .debug_aranges
                0x0000000000000688       0x68 zephyr/drivers/gpio/libdrivers__gpio.a(gpio_nrfx.c.obj)
 .debug_aranges
                0x00000000000006f0       0x28 zephyr/drivers/timer/libdrivers__timer.a(sys_clock_init.c.obj)
 .debug_aranges
                0x0000000000000718       0x98 zephyr/drivers/timer/libdrivers__timer.a(nrf_rtc_timer.c.obj)
 .debug_aranges
                0x00000000000007b0       0x50 modules/hal_nordic/nrfx/libmodules__hal_nordic__nrfx.a(system_nrf52840.c.obj)
 .debug_aranges
                0x0000000000000800       0x30 modules/hal_nordic/nrfx/libmodules__hal_nordic__nrfx.a(nrfx_glue.c.obj)
 .debug_aranges
                0x0000000000000830       0x30 modules/hal_nordic/nrfx/libmodules__hal_nordic__nrfx.a(nrfx_flag32_allocator.c.obj)
 .debug_aranges
                0x0000000000000860       0x68 modules/hal_nordic/nrfx/libmodules__hal_nordic__nrfx.a(nrfx_clock.c.obj)
 .debug_aranges
                0x00000000000008c8      0x180 modules/hal_nordic/nrfx/libmodules__hal_nordic__nrfx.a(nrfx_gpiote.c.obj)
 .debug_aranges
                0x0000000000000a48       0x20 zephyr/kernel/libkernel.a(errno.c.obj)
 .debug_aranges
                0x0000000000000a68       0x58 zephyr/kernel/libkernel.a(fatal.c.obj)
 .debug_aranges
                0x0000000000000ac0       0x40 zephyr/kernel/libkernel.a(init.c.obj)
 .debug_aranges
                0x0000000000000b00       0xb0 zephyr/kernel/libkernel.a(thread.c.obj)
 .debug_aranges
                0x0000000000000bb0       0x28 zephyr/kernel/libkernel.a(idle.c.obj)
 .debug_aranges
                0x0000000000000bd8       0x38 zephyr/kernel/libkernel.a(sem.c.obj)
 .debug_aranges
                0x0000000000000c10      0x1d8 zephyr/kernel/libkernel.a(sched.c.obj)
 .debug_aranges
                0x0000000000000de8       0x20 zephyr/kernel/libkernel.a(xip.c.obj)
 .debug_aranges
                0x0000000000000e08       0x98 zephyr/kernel/libkernel.a(timeout.c.obj)
 .debug_aranges
                0x0000000000000ea0       0x20 zephyr/kernel/libkernel.a(main_weak.c.obj)
 .debug_aranges
                0x0000000000000ec0       0x20 zephyr/kernel/libkernel.a(banner.c.obj)
 .debug_aranges
                0x0000000000000ee0       0x58 zephyr/kernel/libkernel.a(device.c.obj)
 .debug_aranges
                0x0000000000000f38       0x18 zephyr/arch/common/libisr_tables.a(isr_tables.c.obj)

.debug_pubnames
 *(SORT_BY_ALIGNMENT(.debug_pubnames))

.debug_info     0x0000000000000000    0x39d8e
 *(SORT_BY_ALIGNMENT(.debug_info) SORT_BY_ALIGNMENT(.gnu.linkonce.wi.*))
 .debug_info    0x0000000000000000       0x93 zephyr/CMakeFiles/offsets.dir/./arch/arm/core/offsets/offsets.c.obj
 .debug_info    0x0000000000000093      0x311 zephyr/libzephyr.a(notify.c.obj)
 .debug_info    0x00000000000003a4     0x2282 zephyr/libzephyr.a(onoff.c.obj)
 .debug_info    0x0000000000002626      0x614 zephyr/libzephyr.a(thread_entry.c.obj)
 .debug_info    0x0000000000002c3a       0x38 zephyr/libzephyr.a(configs.c.obj)
 .debug_info    0x0000000000002c72       0x26 zephyr/libzephyr.a(soc_nrf_common.S.obj)
 .debug_info    0x0000000000002c98     0x1eb8 zephyr/libzephyr.a(pm.c.obj)
 .debug_info    0x0000000000004b50     0x1100 zephyr/libzephyr.a(policy_residency.c.obj)
 .debug_info    0x0000000000005c50       0x22 zephyr/arch/arch/arm/core/aarch32/libarch__arm__core__aarch32.a(cpu_idle.S.obj)
 .debug_info    0x0000000000005c72     0x1b0a zephyr/arch/arch/arm/core/aarch32/libarch__arm__core__aarch32.a(fatal.c.obj)
 .debug_info    0x000000000000777c      0xc86 zephyr/arch/arch/arm/core/aarch32/libarch__arm__core__aarch32.a(irq_manage.c.obj)
 .debug_info    0x0000000000008402       0xc2 zephyr/arch/arch/arm/core/aarch32/libarch__arm__core__aarch32.a(nmi.c.obj)
 .debug_info    0x00000000000084c4       0x26 zephyr/arch/arch/arm/core/aarch32/libarch__arm__core__aarch32.a(nmi_on_reset.S.obj)
 .debug_info    0x00000000000084ea      0x400 zephyr/arch/arch/arm/core/aarch32/libarch__arm__core__aarch32.a(prep_c.c.obj)
 .debug_info    0x00000000000088ea      0x7e0 zephyr/arch/arch/arm/core/aarch32/libarch__arm__core__aarch32.a(swap.c.obj)
 .debug_info    0x00000000000090ca       0x22 zephyr/arch/arch/arm/core/aarch32/libarch__arm__core__aarch32.a(swap_helper.S.obj)
 .debug_info    0x00000000000090ec      0x8c0 zephyr/arch/arch/arm/core/aarch32/libarch__arm__core__aarch32.a(thread.c.obj)
 .debug_info    0x00000000000099ac       0x26 zephyr/arch/arch/arm/core/aarch32/libarch__arm__core__aarch32.a(isr_wrapper.S.obj)
 .debug_info    0x00000000000099d2       0x26 zephyr/arch/arch/arm/core/aarch32/cortex_m/libarch__arm__core__aarch32__cortex_m.a(exc_exit.S.obj)
 .debug_info    0x00000000000099f8     0x756d zephyr/arch/arch/arm/core/aarch32/cortex_m/libarch__arm__core__aarch32__cortex_m.a(fault.c.obj)
 .debug_info    0x0000000000010f65       0x26 zephyr/arch/arch/arm/core/aarch32/cortex_m/libarch__arm__core__aarch32__cortex_m.a(fault_s.S.obj)
 .debug_info    0x0000000000010f8b      0x565 zephyr/arch/arch/arm/core/aarch32/cortex_m/libarch__arm__core__aarch32__cortex_m.a(irq_init.c.obj)
 .debug_info    0x00000000000114f0       0x26 zephyr/arch/arch/arm/core/aarch32/cortex_m/libarch__arm__core__aarch32__cortex_m.a(reset.S.obj)
 .debug_info    0x0000000000011516      0x81a zephyr/arch/arch/arm/core/aarch32/cortex_m/libarch__arm__core__aarch32__cortex_m.a(thread_abort.c.obj)
 .debug_info    0x0000000000011d30      0x6da zephyr/arch/arch/arm/core/aarch32/mpu/libarch__arm__core__aarch32__mpu.a(arm_core_mpu.c.obj)
 .debug_info    0x000000000001240a     0x2690 zephyr/arch/arch/arm/core/aarch32/mpu/libarch__arm__core__aarch32__mpu.a(arm_mpu.c.obj)
 .debug_info    0x0000000000014a9a      0x730 zephyr/lib/libc/minimal/liblib__libc__minimal.a(string.c.obj)
 .debug_info    0x00000000000151ca      0x16a zephyr/soc/arm/common/cortex_m/libsoc__arm__common__cortex_m.a(arm_mpu_regions.c.obj)
 .debug_info    0x0000000000015334      0xc5c zephyr/soc/arm/nordic_nrf/nrf52/libsoc__arm__nordic_nrf__nrf52.a(soc.c.obj)
 .debug_info    0x0000000000015f90     0x111e zephyr/soc/arm/nordic_nrf/nrf52/libsoc__arm__nordic_nrf__nrf52.a(power.c.obj)
 .debug_info    0x00000000000170ae      0xbed zephyr/boards/arm/nrf52840dongle_nrf52840/libboards__arm__nrf52840dongle_nrf52840.a(board.c.obj)
 .debug_info    0x0000000000017c9b     0x4a39 zephyr/drivers/clock_control/libdrivers__clock_control.a(clock_control_nrf.c.obj)
 .debug_info    0x000000000001c6d4     0x20a9 zephyr/drivers/gpio/libdrivers__gpio.a(gpio_nrfx.c.obj)
 .debug_info    0x000000000001e77d       0xce zephyr/drivers/timer/libdrivers__timer.a(sys_clock_init.c.obj)
 .debug_info    0x000000000001e84b     0x1f0a zephyr/drivers/timer/libdrivers__timer.a(nrf_rtc_timer.c.obj)
 .debug_info    0x0000000000020755     0x1781 modules/hal_nordic/nrfx/libmodules__hal_nordic__nrfx.a(system_nrf52840.c.obj)
 .debug_info    0x0000000000021ed6      0x245 modules/hal_nordic/nrfx/libmodules__hal_nordic__nrfx.a(nrfx_glue.c.obj)
 .debug_info    0x000000000002211b      0x339 modules/hal_nordic/nrfx/libmodules__hal_nordic__nrfx.a(nrfx_flag32_allocator.c.obj)
 .debug_info    0x0000000000022454     0x361f modules/hal_nordic/nrfx/libmodules__hal_nordic__nrfx.a(nrfx_clock.c.obj)
 .debug_info    0x0000000000025a73     0x4fad modules/hal_nordic/nrfx/libmodules__hal_nordic__nrfx.a(nrfx_gpiote.c.obj)
 .debug_info    0x000000000002aa20      0x650 zephyr/kernel/libkernel.a(errno.c.obj)
 .debug_info    0x000000000002b070     0x1eb5 zephyr/kernel/libkernel.a(fatal.c.obj)
 .debug_info    0x000000000002cf25     0x1328 zephyr/kernel/libkernel.a(init.c.obj)
 .debug_info    0x000000000002e24d     0x2207 zephyr/kernel/libkernel.a(thread.c.obj)
 .debug_info    0x0000000000030454      0x778 zephyr/kernel/libkernel.a(idle.c.obj)
 .debug_info    0x0000000000030bcc      0xb76 zephyr/kernel/libkernel.a(sem.c.obj)
 .debug_info    0x0000000000031742     0x5fb6 zephyr/kernel/libkernel.a(sched.c.obj)
 .debug_info    0x00000000000376f8      0x118 zephyr/kernel/libkernel.a(xip.c.obj)
 .debug_info    0x0000000000037810     0x1a8e zephyr/kernel/libkernel.a(timeout.c.obj)
 .debug_info    0x000000000003929e       0xb6 zephyr/kernel/libkernel.a(main_weak.c.obj)
 .debug_info    0x0000000000039354       0xca zephyr/kernel/libkernel.a(banner.c.obj)
 .debug_info    0x000000000003941e      0x811 zephyr/kernel/libkernel.a(device.c.obj)
 .debug_info    0x0000000000039c2f      0x15f zephyr/arch/common/libisr_tables.a(isr_tables.c.obj)

.debug_abbrev   0x0000000000000000     0x8053
 *(SORT_BY_ALIGNMENT(.debug_abbrev))
 .debug_abbrev  0x0000000000000000       0x44 zephyr/CMakeFiles/offsets.dir/./arch/arm/core/offsets/offsets.c.obj
 .debug_abbrev  0x0000000000000044      0x1bf zephyr/libzephyr.a(notify.c.obj)
 .debug_abbrev  0x0000000000000203      0x522 zephyr/libzephyr.a(onoff.c.obj)
 .debug_abbrev  0x0000000000000725      0x239 zephyr/libzephyr.a(thread_entry.c.obj)
 .debug_abbrev  0x000000000000095e       0x2e zephyr/libzephyr.a(configs.c.obj)
 .debug_abbrev  0x000000000000098c       0x14 zephyr/libzephyr.a(soc_nrf_common.S.obj)
 .debug_abbrev  0x00000000000009a0      0x59c zephyr/libzephyr.a(pm.c.obj)
 .debug_abbrev  0x0000000000000f3c      0x21a zephyr/libzephyr.a(policy_residency.c.obj)
 .debug_abbrev  0x0000000000001156       0x12 zephyr/arch/arch/arm/core/aarch32/libarch__arm__core__aarch32.a(cpu_idle.S.obj)
 .debug_abbrev  0x0000000000001168      0x304 zephyr/arch/arch/arm/core/aarch32/libarch__arm__core__aarch32.a(fatal.c.obj)
 .debug_abbrev  0x000000000000146c      0x308 zephyr/arch/arch/arm/core/aarch32/libarch__arm__core__aarch32.a(irq_manage.c.obj)
 .debug_abbrev  0x0000000000001774       0x72 zephyr/arch/arch/arm/core/aarch32/libarch__arm__core__aarch32.a(nmi.c.obj)
 .debug_abbrev  0x00000000000017e6       0x14 zephyr/arch/arch/arm/core/aarch32/libarch__arm__core__aarch32.a(nmi_on_reset.S.obj)
 .debug_abbrev  0x00000000000017fa      0x1d9 zephyr/arch/arch/arm/core/aarch32/libarch__arm__core__aarch32.a(prep_c.c.obj)
 .debug_abbrev  0x00000000000019d3      0x1d9 zephyr/arch/arch/arm/core/aarch32/libarch__arm__core__aarch32.a(swap.c.obj)
 .debug_abbrev  0x0000000000001bac       0x12 zephyr/arch/arch/arm/core/aarch32/libarch__arm__core__aarch32.a(swap_helper.S.obj)
 .debug_abbrev  0x0000000000001bbe      0x252 zephyr/arch/arch/arm/core/aarch32/libarch__arm__core__aarch32.a(thread.c.obj)
 .debug_abbrev  0x0000000000001e10       0x14 zephyr/arch/arch/arm/core/aarch32/libarch__arm__core__aarch32.a(isr_wrapper.S.obj)
 .debug_abbrev  0x0000000000001e24       0x14 zephyr/arch/arch/arm/core/aarch32/cortex_m/libarch__arm__core__aarch32__cortex_m.a(exc_exit.S.obj)
 .debug_abbrev  0x0000000000001e38      0x442 zephyr/arch/arch/arm/core/aarch32/cortex_m/libarch__arm__core__aarch32__cortex_m.a(fault.c.obj)
 .debug_abbrev  0x000000000000227a       0x14 zephyr/arch/arch/arm/core/aarch32/cortex_m/libarch__arm__core__aarch32__cortex_m.a(fault_s.S.obj)
 .debug_abbrev  0x000000000000228e      0x168 zephyr/arch/arch/arm/core/aarch32/cortex_m/libarch__arm__core__aarch32__cortex_m.a(irq_init.c.obj)
 .debug_abbrev  0x00000000000023f6       0x14 zephyr/arch/arch/arm/core/aarch32/cortex_m/libarch__arm__core__aarch32__cortex_m.a(reset.S.obj)
 .debug_abbrev  0x000000000000240a      0x225 zephyr/arch/arch/arm/core/aarch32/cortex_m/libarch__arm__core__aarch32__cortex_m.a(thread_abort.c.obj)
 .debug_abbrev  0x000000000000262f      0x1ff zephyr/arch/arch/arm/core/aarch32/mpu/libarch__arm__core__aarch32__mpu.a(arm_core_mpu.c.obj)
 .debug_abbrev  0x000000000000282e      0x42f zephyr/arch/arch/arm/core/aarch32/mpu/libarch__arm__core__aarch32__mpu.a(arm_mpu.c.obj)
 .debug_abbrev  0x0000000000002c5d      0x171 zephyr/lib/libc/minimal/liblib__libc__minimal.a(string.c.obj)
 .debug_abbrev  0x0000000000002dce       0xac zephyr/soc/arm/common/cortex_m/libsoc__arm__common__cortex_m.a(arm_mpu_regions.c.obj)
 .debug_abbrev  0x0000000000002e7a      0x37e zephyr/soc/arm/nordic_nrf/nrf52/libsoc__arm__nordic_nrf__nrf52.a(soc.c.obj)
 .debug_abbrev  0x00000000000031f8      0x295 zephyr/soc/arm/nordic_nrf/nrf52/libsoc__arm__nordic_nrf__nrf52.a(power.c.obj)
 .debug_abbrev  0x000000000000348d      0x26d zephyr/boards/arm/nrf52840dongle_nrf52840/libboards__arm__nrf52840dongle_nrf52840.a(board.c.obj)
 .debug_abbrev  0x00000000000036fa      0x7dd zephyr/drivers/clock_control/libdrivers__clock_control.a(clock_control_nrf.c.obj)
 .debug_abbrev  0x0000000000003ed7      0x56b zephyr/drivers/gpio/libdrivers__gpio.a(gpio_nrfx.c.obj)
 .debug_abbrev  0x0000000000004442       0x7e zephyr/drivers/timer/libdrivers__timer.a(sys_clock_init.c.obj)
 .debug_abbrev  0x00000000000044c0      0x58a zephyr/drivers/timer/libdrivers__timer.a(nrf_rtc_timer.c.obj)
 .debug_abbrev  0x0000000000004a4a      0x316 modules/hal_nordic/nrfx/libmodules__hal_nordic__nrfx.a(system_nrf52840.c.obj)
 .debug_abbrev  0x0000000000004d60      0x13f modules/hal_nordic/nrfx/libmodules__hal_nordic__nrfx.a(nrfx_glue.c.obj)
 .debug_abbrev  0x0000000000004e9f      0x10b modules/hal_nordic/nrfx/libmodules__hal_nordic__nrfx.a(nrfx_flag32_allocator.c.obj)
 .debug_abbrev  0x0000000000004faa      0x502 modules/hal_nordic/nrfx/libmodules__hal_nordic__nrfx.a(nrfx_clock.c.obj)
 .debug_abbrev  0x00000000000054ac      0x614 modules/hal_nordic/nrfx/libmodules__hal_nordic__nrfx.a(nrfx_gpiote.c.obj)
 .debug_abbrev  0x0000000000005ac0      0x17c zephyr/kernel/libkernel.a(errno.c.obj)
 .debug_abbrev  0x0000000000005c3c      0x42c zephyr/kernel/libkernel.a(fatal.c.obj)
 .debug_abbrev  0x0000000000006068      0x4ba zephyr/kernel/libkernel.a(init.c.obj)
 .debug_abbrev  0x0000000000006522      0x589 zephyr/kernel/libkernel.a(thread.c.obj)
 .debug_abbrev  0x0000000000006aab      0x203 zephyr/kernel/libkernel.a(idle.c.obj)
 .debug_abbrev  0x0000000000006cae      0x316 zephyr/kernel/libkernel.a(sem.c.obj)
 .debug_abbrev  0x0000000000006fc4      0x641 zephyr/kernel/libkernel.a(sched.c.obj)
 .debug_abbrev  0x0000000000007605       0xb5 zephyr/kernel/libkernel.a(xip.c.obj)
 .debug_abbrev  0x00000000000076ba      0x4a2 zephyr/kernel/libkernel.a(timeout.c.obj)
 .debug_abbrev  0x0000000000007b5c       0x6d zephyr/kernel/libkernel.a(main_weak.c.obj)
 .debug_abbrev  0x0000000000007bc9       0x89 zephyr/kernel/libkernel.a(banner.c.obj)
 .debug_abbrev  0x0000000000007c52      0x32d zephyr/kernel/libkernel.a(device.c.obj)
 .debug_abbrev  0x0000000000007f7f       0xd4 zephyr/arch/common/libisr_tables.a(isr_tables.c.obj)

.debug_line     0x0000000000000000    0x1353b
 *(SORT_BY_ALIGNMENT(.debug_line) SORT_BY_ALIGNMENT(.debug_line.*) SORT_BY_ALIGNMENT(.debug_line_end))
 .debug_line    0x0000000000000000      0x11d zephyr/CMakeFiles/offsets.dir/./arch/arm/core/offsets/offsets.c.obj
 .debug_line    0x000000000000011d      0x207 zephyr/libzephyr.a(notify.c.obj)
 .debug_line    0x0000000000000324     0x10ed zephyr/libzephyr.a(onoff.c.obj)
 .debug_line    0x0000000000001411      0x316 zephyr/libzephyr.a(thread_entry.c.obj)
 .debug_line    0x0000000000001727      0x1a3 zephyr/libzephyr.a(configs.c.obj)
 .debug_line    0x00000000000018ca       0x82 zephyr/libzephyr.a(soc_nrf_common.S.obj)
 .debug_line    0x000000000000194c      0xa2f zephyr/libzephyr.a(pm.c.obj)
 .debug_line    0x000000000000237b      0x277 zephyr/libzephyr.a(policy_residency.c.obj)
 .debug_line    0x00000000000025f2       0xae zephyr/arch/arch/arm/core/aarch32/libarch__arm__core__aarch32.a(cpu_idle.S.obj)
 .debug_line    0x00000000000026a0      0x2d5 zephyr/arch/arch/arm/core/aarch32/libarch__arm__core__aarch32.a(fatal.c.obj)
 .debug_line    0x0000000000002975      0x51e zephyr/arch/arch/arm/core/aarch32/libarch__arm__core__aarch32.a(irq_manage.c.obj)
 .debug_line    0x0000000000002e93       0xd3 zephyr/arch/arch/arm/core/aarch32/libarch__arm__core__aarch32.a(nmi.c.obj)
 .debug_line    0x0000000000002f66       0x7d zephyr/arch/arch/arm/core/aarch32/libarch__arm__core__aarch32.a(nmi_on_reset.S.obj)
 .debug_line    0x0000000000002fe3      0x2a3 zephyr/arch/arch/arm/core/aarch32/libarch__arm__core__aarch32.a(prep_c.c.obj)
 .debug_line    0x0000000000003286      0x34a zephyr/arch/arch/arm/core/aarch32/libarch__arm__core__aarch32.a(swap.c.obj)
 .debug_line    0x00000000000035d0       0xcf zephyr/arch/arch/arm/core/aarch32/libarch__arm__core__aarch32.a(swap_helper.S.obj)
 .debug_line    0x000000000000369f      0x3f9 zephyr/arch/arch/arm/core/aarch32/libarch__arm__core__aarch32.a(thread.c.obj)
 .debug_line    0x0000000000003a98       0xa6 zephyr/arch/arch/arm/core/aarch32/libarch__arm__core__aarch32.a(isr_wrapper.S.obj)
 .debug_line    0x0000000000003b3e       0x90 zephyr/arch/arch/arm/core/aarch32/cortex_m/libarch__arm__core__aarch32__cortex_m.a(exc_exit.S.obj)
 .debug_line    0x0000000000003bce      0x7a3 zephyr/arch/arch/arm/core/aarch32/cortex_m/libarch__arm__core__aarch32__cortex_m.a(fault.c.obj)
 .debug_line    0x0000000000004371       0x8a zephyr/arch/arch/arm/core/aarch32/cortex_m/libarch__arm__core__aarch32__cortex_m.a(fault_s.S.obj)
 .debug_line    0x00000000000043fb      0x202 zephyr/arch/arch/arm/core/aarch32/cortex_m/libarch__arm__core__aarch32__cortex_m.a(irq_init.c.obj)
 .debug_line    0x00000000000045fd       0x92 zephyr/arch/arch/arm/core/aarch32/cortex_m/libarch__arm__core__aarch32__cortex_m.a(reset.S.obj)
 .debug_line    0x000000000000468f      0x3ef zephyr/arch/arch/arm/core/aarch32/cortex_m/libarch__arm__core__aarch32__cortex_m.a(thread_abort.c.obj)
 .debug_line    0x0000000000004a7e      0x412 zephyr/arch/arch/arm/core/aarch32/mpu/libarch__arm__core__aarch32__mpu.a(arm_core_mpu.c.obj)
 .debug_line    0x0000000000004e90      0x778 zephyr/arch/arch/arm/core/aarch32/mpu/libarch__arm__core__aarch32__mpu.a(arm_mpu.c.obj)
 .debug_line    0x0000000000005608      0x58e zephyr/lib/libc/minimal/liblib__libc__minimal.a(string.c.obj)
 .debug_line    0x0000000000005b96      0x122 zephyr/soc/arm/common/cortex_m/libsoc__arm__common__cortex_m.a(arm_mpu_regions.c.obj)
 .debug_line    0x0000000000005cb8      0x475 zephyr/soc/arm/nordic_nrf/nrf52/libsoc__arm__nordic_nrf__nrf52.a(soc.c.obj)