Archive member included to satisfy reference by file (symbol)

app/libapp.a(main.c.obj)      (--whole-archive)
zephyr/libzephyr.a(cbprintf.c.obj)
                              (--whole-archive)
zephyr/libzephyr.a(cbprintf_packaged.c.obj)
                              (--whole-archive)
zephyr/libzephyr.a(crc32c_sw.c.obj)
                              (--whole-archive)
zephyr/libzephyr.a(crc32_sw.c.obj)
                              (--whole-archive)
zephyr/libzephyr.a(crc16_sw.c.obj)
                              (--whole-archive)
zephyr/libzephyr.a(crc8_sw.c.obj)
                              (--whole-archive)
zephyr/libzephyr.a(crc7_sw.c.obj)
                              (--whole-archive)
zephyr/libzephyr.a(dec.c.obj)
                              (--whole-archive)
zephyr/libzephyr.a(fdtable.c.obj)
                              (--whole-archive)
zephyr/libzephyr.a(hex.c.obj)
                              (--whole-archive)
zephyr/libzephyr.a(notify.c.obj)
                              (--whole-archive)
zephyr/libzephyr.a(printk.c.obj)
                              (--whole-archive)
zephyr/libzephyr.a(onoff.c.obj)
                              (--whole-archive)
zephyr/libzephyr.a(rb.c.obj)  (--whole-archive)
zephyr/libzephyr.a(sem.c.obj)
                              (--whole-archive)
zephyr/libzephyr.a(thread_entry.c.obj)
                              (--whole-archive)
zephyr/libzephyr.a(timeutil.c.obj)
                              (--whole-archive)
zephyr/libzephyr.a(heap.c.obj)
                              (--whole-archive)
zephyr/libzephyr.a(heap-validate.c.obj)
                              (--whole-archive)
zephyr/libzephyr.a(bitarray.c.obj)
                              (--whole-archive)
zephyr/libzephyr.a(multi_heap.c.obj)
                              (--whole-archive)
zephyr/libzephyr.a(cbprintf_complete.c.obj)
                              (--whole-archive)
zephyr/libzephyr.a(ring_buffer.c.obj)
                              (--whole-archive)
zephyr/libzephyr.a(configs.c.obj)
                              (--whole-archive)
zephyr/libzephyr.a(soc_nrf_common.S.obj)
                              (--whole-archive)
zephyr/libzephyr.a(validate_base_addresses.c.obj)
                              (--whole-archive)
zephyr/libzephyr.a(validate_enabled_instances.c.obj)
                              (--whole-archive)
zephyr/libzephyr.a(usb_device.c.obj)
                              (--whole-archive)
zephyr/libzephyr.a(usb_descriptor.c.obj)
                              (--whole-archive)
zephyr/libzephyr.a(usb_transfer.c.obj)
                              (--whole-archive)
zephyr/libzephyr.a(cdc_acm.c.obj)
                              (--whole-archive)
zephyr/libzephyr.a(usb_work_q.c.obj)
                              (--whole-archive)
zephyr/libzephyr.a(pm.c.obj)  (--whole-archive)
zephyr/libzephyr.a(constraint.c.obj)
                              (--whole-archive)
zephyr/libzephyr.a(policy_residency.c.obj)
                              (--whole-archive)
zephyr/libzephyr.a(tracing_none.c.obj)
                              (--whole-archive)
zephyr/arch/common/libarch__common.a(sw_isr_common.c.obj)
                              (--whole-archive)
zephyr/arch/arch/arm/core/aarch32/libarch__arm__core__aarch32.a(cpu_idle.S.obj)
                              (--whole-archive)
zephyr/arch/arch/arm/core/aarch32/libarch__arm__core__aarch32.a(fatal.c.obj)
                              (--whole-archive)
zephyr/arch/arch/arm/core/aarch32/libarch__arm__core__aarch32.a(irq_manage.c.obj)
                              (--whole-archive)
zephyr/arch/arch/arm/core/aarch32/libarch__arm__core__aarch32.a(nmi.c.obj)
                              (--whole-archive)
zephyr/arch/arch/arm/core/aarch32/libarch__arm__core__aarch32.a(nmi_on_reset.S.obj)
                              (--whole-archive)
zephyr/arch/arch/arm/core/aarch32/libarch__arm__core__aarch32.a(prep_c.c.obj)
                              (--whole-archive)
zephyr/arch/arch/arm/core/aarch32/libarch__arm__core__aarch32.a(swap.c.obj)
                              (--whole-archive)
zephyr/arch/arch/arm/core/aarch32/libarch__arm__core__aarch32.a(swap_helper.S.obj)
                              (--whole-archive)
zephyr/arch/arch/arm/core/aarch32/libarch__arm__core__aarch32.a(thread.c.obj)
                              (--whole-archive)
zephyr/arch/arch/arm/core/aarch32/libarch__arm__core__aarch32.a(isr_wrapper.S.obj)
                              (--whole-archive)
zephyr/arch/arch/arm/core/aarch32/cortex_m/libarch__arm__core__aarch32__cortex_m.a(exc_exit.S.obj)
                              (--whole-archive)
zephyr/arch/arch/arm/core/aarch32/cortex_m/libarch__arm__core__aarch32__cortex_m.a(fault.c.obj)
                              (--whole-archive)
zephyr/arch/arch/arm/core/aarch32/cortex_m/libarch__arm__core__aarch32__cortex_m.a(fault_s.S.obj)
                              (--whole-archive)
[...]
Memory Configuration

Name             Origin             Length             Attributes
FLASH            0x0000000000001000 0x00000000000ff000 xr
SRAM             0x0000000020000000 0x0000000000040000 xw
IDT_LIST         0x00000000fffff7ff 0x0000000000000800 xw
*default*        0x0000000000000000 0xffffffffffffffff

Linker script and memory map

LOAD zephyr/CMakeFiles/zephyr_pre1.dir/misc/empty_file.c.obj
LOAD zephyr/CMakeFiles/zephyr_pre1.dir/dev_handles.c.obj
LOAD zephyr/CMakeFiles/offsets.dir/./arch/arm/core/offsets/offsets.c.obj
                0x0000000000000020                _region_min_align = 0x20

.rel.plt        0x0000000000001000        0x0
 *(SORT_BY_ALIGNMENT(.rel.plt))
                [!provide]                        PROVIDE (__rel_iplt_start = .)
 *(SORT_BY_ALIGNMENT(.rel.iplt))
 .rel.iplt      0x0000000000001000        0x0 app/libapp.a(main.c.obj)
                [!provide]                        PROVIDE (__rel_iplt_end = .)

.rela.plt       0x0000000000000000        0x0
 *(SORT_BY_ALIGNMENT(.rela.plt))
                [!provide]                        PROVIDE (__rela_iplt_start = .)
 *(SORT_BY_ALIGNMENT(.rela.iplt))
                [!provide]                        PROVIDE (__rela_iplt_end = .)

.rel.dyn
 *(SORT_BY_ALIGNMENT(.rel.*))

.rela.dyn
 *(SORT_BY_ALIGNMENT(.rela.*))

/DISCARD/
 *(SORT_BY_ALIGNMENT(.plt))
 *(SORT_BY_ALIGNMENT(.iplt))
 *(SORT_BY_ALIGNMENT(.got.plt))
 *(SORT_BY_ALIGNMENT(.igot.plt))
 *(SORT_BY_ALIGNMENT(.got))
 *(SORT_BY_ALIGNMENT(.igot))
 *(SORT_BY_ALIGNMENT(.note.GNU-stack))
                0x0000000000001000                __rom_region_start = 0x1000

rom_start       0x0000000000001000      0x100
                0x0000000000000000                . = 0x0
                0x0000000000000000                . = ALIGN (0x4)
                0x0000000000000000                . = ALIGN (0x80)
                0x0000000000000000                . = ALIGN (0x100)
                0x0000000000001000                _vector_start = .
 *(SORT_BY_ALIGNMENT(.exc_vector_table))
 *(SORT_BY_ALIGNMENT(.exc_vector_table.*))
 .exc_vector_table._vector_table_section
                0x0000000000001000       0x40 zephyr/arch/arch/arm/core/aarch32/cortex_m/libarch__arm__core__aarch32__cortex_m.a(vector_table.S.obj)
                0x0000000000001000                _vector_table
 *(SORT_BY_ALIGNMENT(.gnu.linkonce.irq_vector_table*))
 .gnu.linkonce.irq_vector_table
                0x0000000000001040       0xc0 zephyr/arch/common/libisr_tables.a(isr_tables.c.obj)
                0x0000000000001040                _irq_vector_table
 *(SORT_BY_ALIGNMENT(.vectors))
                0x0000000000001100                _vector_end = .

text            0x0000000000001100     0x8698
                0x0000000000001100                __text_region_start = .
 *(SORT_BY_ALIGNMENT(.text))
 .text          0x0000000000001100       0x30 /home/js/zephyr-sdk-0.13.2/arm-zephyr-eabi/bin/../lib/gcc/arm-zephyr-eabi/10.3.0/thumb/v7e-m/nofp/libgcc.a(_aeabi_uldivmod.o)
                0x0000000000001100                __aeabi_uldivmod
 .text          0x0000000000001130        0x4 /home/js/zephyr-sdk-0.13.2/arm-zephyr-eabi/bin/../lib/gcc/arm-zephyr-eabi/10.3.0/thumb/v7e-m/nofp/libgcc.a(_dvmd_tls.o)
                0x0000000000001130                __aeabi_ldiv0
                0x0000000000001130                __aeabi_idiv0
 .text          0x0000000000001134      0x2a6 /home/js/zephyr-sdk-0.13.2/arm-zephyr-eabi/bin/../lib/gcc/arm-zephyr-eabi/10.3.0/thumb/v7e-m/nofp/libgcc.a(_udivmoddi4.o)
                0x0000000000001134                __udivmoddi4
 *(SORT_BY_ALIGNMENT(.text.*))
 *fill*         0x00000000000013da        0x2 
 .text.main     0x00000000000013dc       0x98 app/libapp.a(main.c.obj)
                0x00000000000013dc                main
 .text.char_out
                0x0000000000001474       0x10 zephyr/libzephyr.a(printk.c.obj)
 .text.__printk_hook_install
                0x0000000000001484        0xc zephyr/libzephyr.a(printk.c.obj)
                0x0000000000001484                __printk_hook_install
 .text.vprintk  0x0000000000001490       0x1c zephyr/libzephyr.a(printk.c.obj)
                0x0000000000001490                vprintk
 .text.process_event
                0x00000000000014ac      0x1c0 zephyr/libzephyr.a(onoff.c.obj)
 .text.cbvprintf
                0x000000000000166c      0x784 zephyr/libzephyr.a(cbprintf_complete.c.obj)
                0x000000000000166c                cbvprintf
 .text.class_handler
                0x0000000000001df0       0x40 zephyr/libzephyr.a(usb_device.c.obj)
 .text.custom_handler
                0x0000000000001e30       0x60 zephyr/libzephyr.a(usb_device.c.obj)
 .text.vendor_handler
                0x0000000000001e90       0x3c zephyr/libzephyr.a(usb_device.c.obj)
 .text.set_endpoint
                0x0000000000001ecc       0x54 zephyr/libzephyr.a(usb_device.c.obj)
 .text.usb_reset_alt_setting
                0x0000000000001f20       0x10 zephyr/libzephyr.a(usb_device.c.obj)
 .text.is_ep_valid.part.0
                0x0000000000001f30       0x38 zephyr/libzephyr.a(usb_device.c.obj)
 .text.usb_handle_request.constprop.0
                0x0000000000001f68       0x2c zephyr/libzephyr.a(usb_device.c.obj)
 .text.forward_status_cb
                0x0000000000001f94       0x94 zephyr/libzephyr.a(usb_device.c.obj)
 .text.usb_halt_endpoint_req.isra.0
                0x0000000000002028       0x58 zephyr/libzephyr.a(usb_device.c.obj)
 .text.usb_handle_standard_request
                0x0000000000002080      0x308 zephyr/libzephyr.a(usb_device.c.obj)
 .text.usb_data_to_host
                0x0000000000002388       0x54 zephyr/libzephyr.a(usb_device.c.obj)
 .text.usb_handle_control_transfer
                0x00000000000023dc       0xe8 zephyr/libzephyr.a(usb_device.c.obj)
 .text.usb_set_config
                0x00000000000024c4       0x2c zephyr/libzephyr.a(usb_device.c.obj)
                0x00000000000024c4                usb_set_config
 .text.usb_device_init
                0x00000000000024f0       0x24 zephyr/libzephyr.a(usb_device.c.obj)
 .text.usb_enable
                0x0000000000002514       0xf0 zephyr/libzephyr.a(usb_device.c.obj)
                0x0000000000002514                usb_enable
 .text.usb_update_sn_string_descriptor
                0x0000000000002604       0x84 zephyr/libzephyr.a(usb_descriptor.c.obj)
                0x0000000000002604                usb_update_sn_string_descriptor
 .text.usb_fix_descriptor
                0x0000000000002688      0x1b0 zephyr/libzephyr.a(usb_descriptor.c.obj)
 .text.usb_get_device_descriptor
                0x0000000000002838       0x18 zephyr/libzephyr.a(usb_descriptor.c.obj)
                0x0000000000002838                usb_get_device_descriptor
 .text.usb_ep_get_transfer
                0x0000000000002850       0x2c zephyr/libzephyr.a(usb_transfer.c.obj)
 .text.usb_transfer_work
                0x000000000000287c      0x110 zephyr/libzephyr.a(usb_transfer.c.obj)
 .text.usb_transfer_ep_callback
                0x000000000000298c       0x5c zephyr/libzephyr.a(usb_transfer.c.obj)
                0x000000000000298c                usb_transfer_ep_callback
 .text.usb_transfer
                0x00000000000029e8       0xe4 zephyr/libzephyr.a(usb_transfer.c.obj)
                0x00000000000029e8                usb_transfer
 .text.usb_cancel_transfer
                0x0000000000002acc       0x3c zephyr/libzephyr.a(usb_transfer.c.obj)
                0x0000000000002acc                usb_cancel_transfer
 .text.usb_cancel_transfers
                0x0000000000002b08       0x50 zephyr/libzephyr.a(usb_transfer.c.obj)
                0x0000000000002b08                usb_cancel_transfers
 .text.usb_transfer_init
                0x0000000000002b58       0x34 zephyr/libzephyr.a(usb_transfer.c.obj)
                0x0000000000002b58                usb_transfer_init
 .text.cdc_acm_class_handle_req
                0x0000000000002b8c       0x58 zephyr/libzephyr.a(cdc_acm.c.obj)
                0x0000000000002b8c                cdc_acm_class_handle_req
 .text.cdc_acm_int_in
                0x0000000000002be4       0x18 zephyr/libzephyr.a(cdc_acm.c.obj)
 .text.cdc_acm_irq_rx_enable
                0x0000000000002bfc       0x20 zephyr/libzephyr.a(cdc_acm.c.obj)
 .text.cdc_acm_irq_tx_enable
                0x0000000000002c1c       0x20 zephyr/libzephyr.a(cdc_acm.c.obj)
 .text.cdc_acm_reset_port
                0x0000000000002c3c       0x34 zephyr/libzephyr.a(cdc_acm.c.obj)
 .text.cdc_acm_fifo_fill
                0x0000000000002c70       0x34 zephyr/libzephyr.a(cdc_acm.c.obj)
 .text.cdc_acm_read_cb
                0x0000000000002ca4       0x50 zephyr/libzephyr.a(cdc_acm.c.obj)
 .text.cdc_acm_poll_out
                0x0000000000002cf4       0x58 zephyr/libzephyr.a(cdc_acm.c.obj)
 .text.cdc_acm_write_cb
                0x0000000000002d4c       0x3c zephyr/libzephyr.a(cdc_acm.c.obj)
 .text.tx_work_handler
                0x0000000000002d88       0x54 zephyr/libzephyr.a(cdc_acm.c.obj)
 .text.cdc_acm_dev_status_cb
                0x0000000000002ddc       0xa0 zephyr/libzephyr.a(cdc_acm.c.obj)
 .text.cdc_acm_init
                0x0000000000002e7c       0x48 zephyr/libzephyr.a(cdc_acm.c.obj)
 .text.cdc_acm_send_notification.isra.0
                0x0000000000002ec4       0x54 zephyr/libzephyr.a(cdc_acm.c.obj)
 .text.z_usb_work_q_init
                0x0000000000002f18       0x34 zephyr/libzephyr.a(usb_work_q.c.obj)
 .text.pm_state_notify
                0x0000000000002f4c       0x5c zephyr/libzephyr.a(pm.c.obj)
 .text.atomic_test_and_set_bit.constprop.0
                0x0000000000002fa8       0x38 zephyr/libzephyr.a(pm.c.obj)
 .text.pm_system_resume
                0x0000000000002fe0       0x88 zephyr/libzephyr.a(pm.c.obj)
                0x0000000000002fe0                pm_system_resume
 .text.pm_system_suspend
                0x0000000000003068      0x100 zephyr/libzephyr.a(pm.c.obj)
                0x0000000000003068                pm_system_suspend
 .text.z_arm_cpu_idle_init
                0x0000000000003168        0xc zephyr/arch/arch/arm/core/aarch32/libarch__arm__core__aarch32.a(cpu_idle.S.obj)
                0x0000000000003168                z_arm_cpu_idle_init
 .text.arch_cpu_idle
                0x0000000000003174       0x1c zephyr/arch/arch/arm/core/aarch32/libarch__arm__core__aarch32.a(cpu_idle.S.obj)
                0x0000000000003174                arch_cpu_idle
 .text.arch_cpu_atomic_idle
                0x0000000000003190       0x14 zephyr/arch/arch/arm/core/aarch32/libarch__arm__core__aarch32.a(cpu_idle.S.obj)
                0x0000000000003190                arch_cpu_atomic_idle
 .text.arch_irq_enable
                0x00000000000031a4       0x20 zephyr/arch/arch/arm/core/aarch32/libarch__arm__core__aarch32.a(irq_manage.c.obj)
                0x00000000000031a4                arch_irq_enable
 .text.arch_irq_disable
                0x00000000000031c4       0x28 zephyr/arch/arch/arm/core/aarch32/libarch__arm__core__aarch32.a(irq_manage.c.obj)
                0x00000000000031c4                arch_irq_disable
 .text.arch_irq_is_enabled
                0x00000000000031ec       0x1c zephyr/arch/arch/arm/core/aarch32/libarch__arm__core__aarch32.a(irq_manage.c.obj)
                0x00000000000031ec                arch_irq_is_enabled
 .text.z_arm_irq_priority_set
                0x0000000000003208       0x30 zephyr/arch/arch/arm/core/aarch32/libarch__arm__core__aarch32.a(irq_manage.c.obj)
                0x0000000000003208                z_arm_irq_priority_set
 .text.z_SysNmiOnReset
                0x0000000000003238        0x8 zephyr/arch/arch/arm/core/aarch32/libarch__arm__core__aarch32.a(nmi_on_reset.S.obj)
                0x0000000000003238                z_SysNmiOnReset
 .text.z_arm_prep_c
                0x0000000000003240       0x48 zephyr/arch/arch/arm/core/aarch32/libarch__arm__core__aarch32.a(prep_c.c.obj)
                0x0000000000003240                z_arm_prep_c
 .text.arch_swap
                0x0000000000003288       0x34 zephyr/arch/arch/arm/core/aarch32/libarch__arm__core__aarch32.a(swap.c.obj)
                0x0000000000003288                arch_swap
 .text.z_arm_pendsv
                0x00000000000032bc       0x54 zephyr/arch/arch/arm/core/aarch32/libarch__arm__core__aarch32.a(swap_helper.S.obj)
                0x00000000000032bc                z_arm_pendsv
 .text.z_arm_svc
                0x0000000000003310       0x20 zephyr/arch/arch/arm/core/aarch32/libarch__arm__core__aarch32.a(swap_helper.S.obj)
                0x0000000000003310                z_arm_svc
 .text.arch_new_thread
                0x0000000000003330       0x38 zephyr/arch/arch/arm/core/aarch32/libarch__arm__core__aarch32.a(thread.c.obj)
                0x0000000000003330                arch_new_thread
 .text.z_check_thread_stack_fail
                0x0000000000003368       0x2c zephyr/arch/arch/arm/core/aarch32/libarch__arm__core__aarch32.a(thread.c.obj)
                0x0000000000003368                z_check_thread_stack_fail
 .text.arch_switch_to_main_thread
                0x0000000000003394       0x2c zephyr/arch/arch/arm/core/aarch32/libarch__arm__core__aarch32.a(thread.c.obj)
                0x0000000000003394                arch_switch_to_main_thread
 .text._isr_wrapper
                0x00000000000033c0       0x40 zephyr/arch/arch/arm/core/aarch32/libarch__arm__core__aarch32.a(isr_wrapper.S.obj)
                0x00000000000033c0                _isr_wrapper
 .text._HandlerModeExit
                0x0000000000003400       0x1c zephyr/arch/arch/arm/core/aarch32/cortex_m/libarch__arm__core__aarch32__cortex_m.a(exc_exit.S.obj)
                0x0000000000003400                z_arm_exc_exit
                0x0000000000003400                z_arm_int_exit
 .text.mem_manage_fault
                0x000000000000341c       0x6c zephyr/arch/arch/arm/core/aarch32/cortex_m/libarch__arm__core__aarch32__cortex_m.a(fault.c.obj)
 .text.bus_fault.constprop.0
                0x0000000000003488       0x3c zephyr/arch/arch/arm/core/aarch32/cortex_m/libarch__arm__core__aarch32__cortex_m.a(fault.c.obj)
 .text.z_arm_fault
                0x00000000000034c4      0x128 zephyr/arch/arch/arm/core/aarch32/cortex_m/libarch__arm__core__aarch32__cortex_m.a(fault.c.obj)
                0x00000000000034c4                z_arm_fault
 .text.z_arm_fault_init
                0x00000000000035ec       0x10 zephyr/arch/arch/arm/core/aarch32/cortex_m/libarch__arm__core__aarch32__cortex_m.a(fault.c.obj)
                0x00000000000035ec                z_arm_fault_init
 .text.__fault  0x00000000000035fc       0x14 zephyr/arch/arch/arm/core/aarch32/cortex_m/libarch__arm__core__aarch32__cortex_m.a(fault_s.S.obj)
                0x00000000000035fc                z_arm_bus_fault
                0x00000000000035fc                z_arm_usage_fault
                0x00000000000035fc                z_arm_mpu_fault
                0x00000000000035fc                z_arm_exc_spurious
                0x00000000000035fc                z_arm_debug_monitor
                0x00000000000035fc                z_arm_hard_fault
 .text.z_arm_interrupt_init
                0x0000000000003610       0x18 zephyr/arch/arch/arm/core/aarch32/cortex_m/libarch__arm__core__aarch32__cortex_m.a(irq_init.c.obj)
                0x0000000000003610                z_arm_interrupt_init
 .text._reset_section
                0x0000000000003628       0x30 zephyr/arch/arch/arm/core/aarch32/cortex_m/libarch__arm__core__aarch32__cortex_m.a(reset.S.obj)
                0x0000000000003628                z_arm_reset
                0x0000000000003628                __start
 .text.z_impl_k_thread_abort
                0x0000000000003658       0x24 zephyr/arch/arch/arm/core/aarch32/cortex_m/libarch__arm__core__aarch32__cortex_m.a(thread_abort.c.obj)
                0x0000000000003658                z_impl_k_thread_abort
 .text.z_arm_configure_static_mpu_regions
                0x000000000000367c       0x18 zephyr/arch/arch/arm/core/aarch32/mpu/libarch__arm__core__aarch32__mpu.a(arm_core_mpu.c.obj)
                0x000000000000367c                z_arm_configure_static_mpu_regions
 .text.z_arm_configure_dynamic_mpu_regions
                0x0000000000003694       0x20 zephyr/arch/arch/arm/core/aarch32/mpu/libarch__arm__core__aarch32__mpu.a(arm_core_mpu.c.obj)
                0x0000000000003694                z_arm_configure_dynamic_mpu_regions
 .text.mpu_configure_regions
                0x00000000000036b4       0x84 zephyr/arch/arch/arm/core/aarch32/mpu/libarch__arm__core__aarch32__mpu.a(arm_mpu.c.obj)
 .text.arm_core_mpu_enable
                0x0000000000003738       0x18 zephyr/arch/arch/arm/core/aarch32/mpu/libarch__arm__core__aarch32__mpu.a(arm_mpu.c.obj)
                0x0000000000003738                arm_core_mpu_enable
 .text.arm_core_mpu_disable
                0x0000000000003750       0x14 zephyr/arch/arch/arm/core/aarch32/mpu/libarch__arm__core__aarch32__mpu.a(arm_mpu.c.obj)
                0x0000000000003750                arm_core_mpu_disable
 .text.arm_core_mpu_configure_static_mpu_regions
                0x0000000000003764       0x14 zephyr/arch/arch/arm/core/aarch32/mpu/libarch__arm__core__aarch32__mpu.a(arm_mpu.c.obj)
                0x0000000000003764                arm_core_mpu_configure_static_mpu_regions
 .text.arm_core_mpu_configure_dynamic_mpu_regions
                0x0000000000003778       0x30 zephyr/arch/arch/arm/core/aarch32/mpu/libarch__arm__core__aarch32__mpu.a(arm_mpu.c.obj)
                0x0000000000003778                arm_core_mpu_configure_dynamic_mpu_regions
 .text.z_arm_mpu_init
                0x00000000000037a8       0x60 zephyr/arch/arch/arm/core/aarch32/mpu/libarch__arm__core__aarch32__mpu.a(arm_mpu.c.obj)
                0x00000000000037a8                z_arm_mpu_init
 .text.__stdout_hook_install
                0x0000000000003808        0xc zephyr/lib/libc/minimal/liblib__libc__minimal.a(stdout_console.c.obj)
                0x0000000000003808                __stdout_hook_install
 .text.nordicsemi_nrf52_init
                0x0000000000003814       0x60 zephyr/soc/arm/nordic_nrf/nrf52/libsoc__arm__nordic_nrf__nrf52.a(soc.c.obj)
 .text.arch_busy_wait
                0x0000000000003874       0x14 zephyr/soc/arm/nordic_nrf/nrf52/libsoc__arm__nordic_nrf__nrf52.a(soc.c.obj)
                0x0000000000003874                arch_busy_wait
 .text.board_nrf52840dongle_nrf52840_init
                0x0000000000003888       0x7c zephyr/boards/arm/nrf52840dongle_nrf52840/libboards__arm__nrf52840dongle_nrf52840.a(board.c.obj)
 .text.endpoint_ctx
                0x0000000000003904       0x50 zephyr/drivers/usb/device/libdrivers__usb__device.a(usb_dc_nrfx.c.obj)
 .text.usbd_evt_put
                0x0000000000003954        0xc zephyr/drivers/usb/device/libdrivers__usb__device.a(usb_dc_nrfx.c.obj)
 .text.usbd_work_schedule
                0x0000000000003960       0x10 zephyr/drivers/usb/device/libdrivers__usb__device.a(usb_dc_nrfx.c.obj)
 .text.usb_init
                0x0000000000003970       0x48 zephyr/drivers/usb/device/libdrivers__usb__device.a(usb_dc_nrfx.c.obj)
 .text.usbd_evt_get
                0x00000000000039b8       0x10 zephyr/drivers/usb/device/libdrivers__usb__device.a(usb_dc_nrfx.c.obj)
 .text.usbd_evt_flush
                0x00000000000039c8       0x1c zephyr/drivers/usb/device/libdrivers__usb__device.a(usb_dc_nrfx.c.obj)
 .text.usbd_evt_alloc
                0x00000000000039e4       0x44 zephyr/drivers/usb/device/libdrivers__usb__device.a(usb_dc_nrfx.c.obj)
 .text.usbd_event_transfer_data
                0x0000000000003a28       0xa8 zephyr/drivers/usb/device/libdrivers__usb__device.a(usb_dc_nrfx.c.obj)
 .text.usb_dc_power_event_handler
                0x0000000000003ad0       0x34 zephyr/drivers/usb/device/libdrivers__usb__device.a(usb_dc_nrfx.c.obj)
 .text.hfxo_stop.constprop.0.isra.0
                0x0000000000003b04       0x44 zephyr/drivers/usb/device/libdrivers__usb__device.a(usb_dc_nrfx.c.obj)
 .text.usbd_event_handler
                0x0000000000003b48      0x11c zephyr/drivers/usb/device/libdrivers__usb__device.a(usb_dc_nrfx.c.obj)
 .text.eps_ctx_init
                0x0000000000003c64       0x68 zephyr/drivers/usb/device/libdrivers__usb__device.a(usb_dc_nrfx.c.obj)
 .text.usbd_work_handler
                0x0000000000003ccc      0x2e8 zephyr/drivers/usb/device/libdrivers__usb__device.a(usb_dc_nrfx.c.obj)
 .text.usb_dc_attach
                0x0000000000003fb4       0x7c zephyr/drivers/usb/device/libdrivers__usb__device.a(usb_dc_nrfx.c.obj)
                0x0000000000003fb4                usb_dc_attach
 .text.usb_dc_set_address
                0x0000000000004030       0x24 zephyr/drivers/usb/device/libdrivers__usb__device.a(usb_dc_nrfx.c.obj)
                0x0000000000004030                usb_dc_set_address
 .text.usb_dc_ep_configure
                0x0000000000004054       0x44 zephyr/drivers/usb/device/libdrivers__usb__device.a(usb_dc_nrfx.c.obj)
                0x0000000000004054                usb_dc_ep_configure
 .text.usb_dc_ep_set_stall
                0x0000000000004098       0x50 zephyr/drivers/usb/device/libdrivers__usb__device.a(usb_dc_nrfx.c.obj)
                0x0000000000004098                usb_dc_ep_set_stall
 .text.usb_dc_ep_clear_stall
                0x00000000000040e8       0x40 zephyr/drivers/usb/device/libdrivers__usb__device.a(usb_dc_nrfx.c.obj)
                0x00000000000040e8                usb_dc_ep_clear_stall
 .text.usb_dc_ep_is_stalled
                0x0000000000004128       0x38 zephyr/drivers/usb/device/libdrivers__usb__device.a(usb_dc_nrfx.c.obj)
                0x0000000000004128                usb_dc_ep_is_stalled
 .text.usb_dc_ep_enable
                0x0000000000004160       0x54 zephyr/drivers/usb/device/libdrivers__usb__device.a(usb_dc_nrfx.c.obj)
                0x0000000000004160                usb_dc_ep_enable
 .text.usb_dc_ep_disable
                0x00000000000041b4       0x4c zephyr/drivers/usb/device/libdrivers__usb__device.a(usb_dc_nrfx.c.obj)
                0x00000000000041b4                usb_dc_ep_disable
 .text.usb_dc_ep_write
                0x0000000000004200       0xf0 zephyr/drivers/usb/device/libdrivers__usb__device.a(usb_dc_nrfx.c.obj)
                0x0000000000004200                usb_dc_ep_write
 .text.usb_dc_ep_read_wait
                0x00000000000042f0       0x90 zephyr/drivers/usb/device/libdrivers__usb__device.a(usb_dc_nrfx.c.obj)
                0x00000000000042f0                usb_dc_ep_read_wait
 .text.usb_dc_ep_read_continue
                0x0000000000004380       0x84 zephyr/drivers/usb/device/libdrivers__usb__device.a(usb_dc_nrfx.c.obj)
                0x0000000000004380                usb_dc_ep_read_continue
 .text.usb_dc_ep_set_callback
                0x0000000000004404       0x28 zephyr/drivers/usb/device/libdrivers__usb__device.a(usb_dc_nrfx.c.obj)
                0x0000000000004404                usb_dc_ep_set_callback
 .text.usb_dc_set_status_callback
                0x000000000000442c        0xc zephyr/drivers/usb/device/libdrivers__usb__device.a(usb_dc_nrfx.c.obj)
                0x000000000000442c                usb_dc_set_status_callback
 .text.usb_dc_ep_mps
                0x0000000000004438       0x24 zephyr/drivers/usb/device/libdrivers__usb__device.a(usb_dc_nrfx.c.obj)
                0x0000000000004438                usb_dc_ep_mps
 .text.onoff_stop
                0x000000000000445c       0x30 zephyr/drivers/clock_control/libdrivers__clock_control.a(clock_control_nrf.c.obj)
 .text.onoff_start
                0x000000000000448c       0x44 zephyr/drivers/clock_control/libdrivers__clock_control.a(clock_control_nrf.c.obj)
 .text.clk_init
                0x00000000000044d0       0x60 zephyr/drivers/clock_control/libdrivers__clock_control.a(clock_control_nrf.c.obj)
 .text.clkstarted_handle.constprop.0
                0x0000000000004530       0x34 zephyr/drivers/clock_control/libdrivers__clock_control.a(clock_control_nrf.c.obj)
 .text.clock_event_handler
                0x0000000000004564       0x1c zephyr/drivers/clock_control/libdrivers__clock_control.a(clock_control_nrf.c.obj)
 .text.generic_hfclk_start
                0x0000000000004580       0x64 zephyr/drivers/clock_control/libdrivers__clock_control.a(clock_control_nrf.c.obj)
 .text.api_blocking_start
                0x00000000000045e4       0x34 zephyr/drivers/clock_control/libdrivers__clock_control.a(clock_control_nrf.c.obj)
 .text.generic_hfclk_stop
                0x0000000000004618       0x2c zephyr/drivers/clock_control/libdrivers__clock_control.a(clock_control_nrf.c.obj)
 .text.z_nrf_clock_control_get_onoff
                0x0000000000004644       0x10 zephyr/drivers/clock_control/libdrivers__clock_control.a(clock_control_nrf.c.obj)
                0x0000000000004644                z_nrf_clock_control_get_onoff
 .text.z_nrf_clock_control_lf_on
                0x0000000000004654      0x100 zephyr/drivers/clock_control/libdrivers__clock_control.a(clock_control_nrf.c.obj)
                0x0000000000004654                z_nrf_clock_control_lf_on
 .text.uart_console_init
                0x0000000000004754       0x30 zephyr/drivers/console/libdrivers__console.a(uart_console.c.obj)
 .text.console_out
                0x0000000000004784       0x28 zephyr/drivers/console/libdrivers__console.a(uart_console.c.obj)
 .text.gpio_nrfx_pin_interrupt_configure
                0x00000000000047ac       0xcc zephyr/drivers/gpio/libdrivers__gpio.a(gpio_nrfx.c.obj)
 .text.gpio_nrfx_init
                0x0000000000004878       0x38 zephyr/drivers/gpio/libdrivers__gpio.a(gpio_nrfx.c.obj)
 .text.nrfx_gpio_handler
                0x00000000000048b0       0x44 zephyr/drivers/gpio/libdrivers__gpio.a(gpio_nrfx.c.obj)
 .text.gpio_nrfx_pin_configure
                0x00000000000048f4      0x13c zephyr/drivers/gpio/libdrivers__gpio.a(gpio_nrfx.c.obj)
 .text.nrf_gpio_pin_port_decode
                0x0000000000004a30       0x1c zephyr/drivers/serial/libdrivers__serial.a(uart_nrfx_uarte.c.obj)
 .text.uarte_nrfx_configure
                0x0000000000004a4c      0x164 zephyr/drivers/serial/libdrivers__serial.a(uart_nrfx_uarte.c.obj)
 .text.uarte_nrfx_poll_out
                0x0000000000004bb0       0x94 zephyr/drivers/serial/libdrivers__serial.a(uart_nrfx_uarte.c.obj)
 .text.uarte_0_init
                0x0000000000004c44      0x17c zephyr/drivers/serial/libdrivers__serial.a(uart_nrfx_uarte.c.obj)
 .text.sys_clock_timeout_handler
                0x0000000000004dc0       0x18 zephyr/drivers/timer/libdrivers__timer.a(nrf_rtc_timer.c.obj)
 .text.sys_clock_driver_init
                0x0000000000004dd8       0x4c zephyr/drivers/timer/libdrivers__timer.a(nrf_rtc_timer.c.obj)
 .text.set_absolute_alarm
                0x0000000000004e24       0x94 zephyr/drivers/timer/libdrivers__timer.a(nrf_rtc_timer.c.obj)
 .text.rtc_nrf_isr
                0x0000000000004eb8       0x60 zephyr/drivers/timer/libdrivers__timer.a(nrf_rtc_timer.c.obj)
                0x0000000000004eb8                rtc_nrf_isr
 .text.sys_clock_set_timeout
                0x0000000000004f18       0x64 zephyr/drivers/timer/libdrivers__timer.a(nrf_rtc_timer.c.obj)
                0x0000000000004f18                sys_clock_set_timeout
 .text.sys_clock_elapsed
                0x0000000000004f7c       0x1c zephyr/drivers/timer/libdrivers__timer.a(nrf_rtc_timer.c.obj)
                0x0000000000004f7c                sys_clock_elapsed
 .text.__NVIC_SystemReset
                0x0000000000004f98       0x24 modules/hal_nordic/nrfx/libmodules__hal_nordic__nrfx.a(system_nrf52840.c.obj)
 .text.nrf52_errata_98
                0x0000000000004fbc       0x24 modules/hal_nordic/nrfx/libmodules__hal_nordic__nrfx.a(system_nrf52840.c.obj)
 .text.nvmc_wait
                0x0000000000004fe0       0x10 modules/hal_nordic/nrfx/libmodules__hal_nordic__nrfx.a(system_nrf52840.c.obj)
                0x0000000000004fe0                nvmc_wait
 .text.SystemInit
                0x0000000000004ff0      0x1e0 modules/hal_nordic/nrfx/libmodules__hal_nordic__nrfx.a(system_nrf52840.c.obj)
                0x0000000000004ff0                SystemInit
 .text.nrfx_flag32_alloc
                0x00000000000051d0       0x48 modules/hal_nordic/nrfx/libmodules__hal_nordic__nrfx.a(nrfx_flag32_allocator.c.obj)
                0x00000000000051d0                nrfx_flag32_alloc
 .text.nrfx_flag32_free
                0x0000000000005218       0x44 modules/hal_nordic/nrfx/libmodules__hal_nordic__nrfx.a(nrfx_flag32_allocator.c.obj)
                0x0000000000005218                nrfx_flag32_free
 .text.nrfx_clock_init
                0x000000000000525c       0x20 modules/hal_nordic/nrfx/libmodules__hal_nordic__nrfx.a(nrfx_clock.c.obj)
                0x000000000000525c                nrfx_clock_init
 .text.nrfx_clock_enable
                0x000000000000527c       0x1c modules/hal_nordic/nrfx/libmodules__hal_nordic__nrfx.a(nrfx_clock.c.obj)
                0x000000000000527c                nrfx_clock_enable
 .text.nrfx_clock_stop
                0x0000000000005298       0x78 modules/hal_nordic/nrfx/libmodules__hal_nordic__nrfx.a(nrfx_clock.c.obj)
                0x0000000000005298                nrfx_clock_stop
 .text.nrfx_clock_irq_handler
                0x0000000000005310       0x68 modules/hal_nordic/nrfx/libmodules__hal_nordic__nrfx.a(nrfx_clock.c.obj)
                0x0000000000005310                nrfx_clock_irq_handler
 .text.nrf_gpio_pin_port_decode
                0x0000000000005378       0x1c modules/hal_nordic/nrfx/libmodules__hal_nordic__nrfx.a(nrfx_gpiote.c.obj)
 .text.pin_in_use_by_te
                0x0000000000005394       0x14 modules/hal_nordic/nrfx/libmodules__hal_nordic__nrfx.a(nrfx_gpiote.c.obj)
 .text.call_handler
                0x00000000000053a8       0x3c modules/hal_nordic/nrfx/libmodules__hal_nordic__nrfx.a(nrfx_gpiote.c.obj)
 .text.release_handler
                0x00000000000053e4       0x54 modules/hal_nordic/nrfx/libmodules__hal_nordic__nrfx.a(nrfx_gpiote.c.obj)
 .text.pin_handler_trigger_uninit
                0x0000000000005438       0x38 modules/hal_nordic/nrfx/libmodules__hal_nordic__nrfx.a(nrfx_gpiote.c.obj)
 .text.nrfx_gpiote_input_configure
                0x0000000000005470      0x15c modules/hal_nordic/nrfx/libmodules__hal_nordic__nrfx.a(nrfx_gpiote.c.obj)
                0x0000000000005470                nrfx_gpiote_input_configure
 .text.nrfx_gpiote_output_configure
                0x00000000000055cc       0xe4 modules/hal_nordic/nrfx/libmodules__hal_nordic__nrfx.a(nrfx_gpiote.c.obj)
                0x00000000000055cc                nrfx_gpiote_output_configure
 .text.nrfx_gpiote_global_callback_set
                0x00000000000056b0        0xc modules/hal_nordic/nrfx/libmodules__hal_nordic__nrfx.a(nrfx_gpiote.c.obj)
                0x00000000000056b0                nrfx_gpiote_global_callback_set
 .text.nrfx_gpiote_channel_get
                0x00000000000056bc       0x2c modules/hal_nordic/nrfx/libmodules__hal_nordic__nrfx.a(nrfx_gpiote.c.obj)
                0x00000000000056bc                nrfx_gpiote_channel_get
 .text.nrfx_gpiote_init
                0x00000000000056e8       0x50 modules/hal_nordic/nrfx/libmodules__hal_nordic__nrfx.a(nrfx_gpiote.c.obj)
                0x00000000000056e8                nrfx_gpiote_init
 .text.nrfx_gpiote_is_init
                0x0000000000005738       0x14 modules/hal_nordic/nrfx/libmodules__hal_nordic__nrfx.a(nrfx_gpiote.c.obj)
                0x0000000000005738                nrfx_gpiote_is_init
 .text.nrfx_gpiote_channel_free
                0x000000000000574c        0xc modules/hal_nordic/nrfx/libmodules__hal_nordic__nrfx.a(nrfx_gpiote.c.obj)
                0x000000000000574c                nrfx_gpiote_channel_free
 .text.nrfx_gpiote_channel_alloc
                0x0000000000005758        0xc modules/hal_nordic/nrfx/libmodules__hal_nordic__nrfx.a(nrfx_gpiote.c.obj)
                0x0000000000005758                nrfx_gpiote_channel_alloc
 .text.nrfx_gpiote_trigger_enable
                0x0000000000005764       0x90 modules/hal_nordic/nrfx/libmodules__hal_nordic__nrfx.a(nrfx_gpiote.c.obj)
                0x0000000000005764                nrfx_gpiote_trigger_enable
 .text.nrfx_gpiote_trigger_disable
                0x00000000000057f4       0x50 modules/hal_nordic/nrfx/libmodules__hal_nordic__nrfx.a(nrfx_gpiote.c.obj)
                0x00000000000057f4                nrfx_gpiote_trigger_disable
 .text.nrfx_gpiote_pin_uninit
                0x0000000000005844       0x48 modules/hal_nordic/nrfx/libmodules__hal_nordic__nrfx.a(nrfx_gpiote.c.obj)
                0x0000000000005844                nrfx_gpiote_pin_uninit
 .text.nrfx_gpiote_irq_handler
                0x000000000000588c      0x1ac modules/hal_nordic/nrfx/libmodules__hal_nordic__nrfx.a(nrfx_gpiote.c.obj)
                0x000000000000588c                nrfx_gpiote_irq_handler
 .text.nrfx_power_init
                0x0000000000005a38       0x74 modules/hal_nordic/nrfx/libmodules__hal_nordic__nrfx.a(nrfx_power.c.obj)
                0x0000000000005a38                nrfx_power_init
 .text.nrfx_power_usbevt_uninit
                0x0000000000005aac       0x18 modules/hal_nordic/nrfx/libmodules__hal_nordic__nrfx.a(nrfx_power.c.obj)
                0x0000000000005aac                nrfx_power_usbevt_uninit
 .text.nrfx_power_usbevt_init
                0x0000000000005ac4       0x14 modules/hal_nordic/nrfx/libmodules__hal_nordic__nrfx.a(nrfx_power.c.obj)
                0x0000000000005ac4                nrfx_power_usbevt_init
 .text.nrfx_power_irq_handler
                0x0000000000005ad8       0xa0 modules/hal_nordic/nrfx/libmodules__hal_nordic__nrfx.a(nrfx_power.c.obj)
                0x0000000000005ad8                nrfx_power_irq_handler
 .text.nrfx_ppi_channel_alloc
                0x0000000000005b78        0xc modules/hal_nordic/nrfx/libmodules__hal_nordic__nrfx.a(nrfx_ppi.c.obj)
                0x0000000000005b78                nrfx_ppi_channel_alloc
 .text.nrf52_errata_187
                0x0000000000005b84       0x28 modules/hal_nordic/nrfx/libmodules__hal_nordic__nrfx.a(nrfx_usbd.c.obj)
 .text.ep_state_access
                0x0000000000005bac       0x1c modules/hal_nordic/nrfx/libmodules__hal_nordic__nrfx.a(nrfx_usbd.c.obj)
 .text.usbd_dma_pending_clear
                0x0000000000005bc8       0x20 modules/hal_nordic/nrfx/libmodules__hal_nordic__nrfx.a(nrfx_usbd.c.obj)
 .text.ev_usbreset_handler
                0x0000000000005be8       0x34 modules/hal_nordic/nrfx/libmodules__hal_nordic__nrfx.a(nrfx_usbd.c.obj)
 .text.ev_usbevent_handler
                0x0000000000005c1c       0x94 modules/hal_nordic/nrfx/libmodules__hal_nordic__nrfx.a(nrfx_usbd.c.obj)
 .text.usbd_errata_187_211_begin
                0x0000000000005cb0       0x40 modules/hal_nordic/nrfx/libmodules__hal_nordic__nrfx.a(nrfx_usbd.c.obj)
 .text.usbd_errata_187_211_end
                0x0000000000005cf0       0x40 modules/hal_nordic/nrfx/libmodules__hal_nordic__nrfx.a(nrfx_usbd.c.obj)
 .text.nrfx_usbd_feeder_flash
                0x0000000000005d30       0x38 modules/hal_nordic/nrfx/libmodules__hal_nordic__nrfx.a(nrfx_usbd.c.obj)
                0x0000000000005d30                nrfx_usbd_feeder_flash
 .text.nrfx_usbd_feeder_flash_zlp
                0x0000000000005d68       0x3c modules/hal_nordic/nrfx/libmodules__hal_nordic__nrfx.a(nrfx_usbd.c.obj)
                0x0000000000005d68                nrfx_usbd_feeder_flash_zlp
 .text.ev_sof_handler
                0x0000000000005da4       0x44 modules/hal_nordic/nrfx/libmodules__hal_nordic__nrfx.a(nrfx_usbd.c.obj)
 .text.atomic_and.constprop.0.isra.0
                0x0000000000005de8       0x20 modules/hal_nordic/nrfx/libmodules__hal_nordic__nrfx.a(nrfx_usbd.c.obj)
 .text.nrf_usbd_ep0in_dma_handler
                0x0000000000005e08       0x2c modules/hal_nordic/nrfx/libmodules__hal_nordic__nrfx.a(nrfx_usbd.c.obj)
 .text.usbd_ep_data_handler
                0x0000000000005e34       0x8c modules/hal_nordic/nrfx/libmodules__hal_nordic__nrfx.a(nrfx_usbd.c.obj)
 .text.ev_setup_data_handler
                0x0000000000005ec0       0x1c modules/hal_nordic/nrfx/libmodules__hal_nordic__nrfx.a(nrfx_usbd.c.obj)
 .text.ev_dma_epout8_handler
                0x0000000000005edc       0x40 modules/hal_nordic/nrfx/libmodules__hal_nordic__nrfx.a(nrfx_usbd.c.obj)
 .text.ev_dma_epin8_handler
                0x0000000000005f1c       0x50 modules/hal_nordic/nrfx/libmodules__hal_nordic__nrfx.a(nrfx_usbd.c.obj)
 .text.nrfx_usbd_uninit
                0x0000000000005f6c       0x14 modules/hal_nordic/nrfx/libmodules__hal_nordic__nrfx.a(nrfx_usbd.c.obj)
                0x0000000000005f6c                nrfx_usbd_uninit
 .text.nrfx_usbd_enable
                0x0000000000005f80      0x13c modules/hal_nordic/nrfx/libmodules__hal_nordic__nrfx.a(nrfx_usbd.c.obj)
                0x0000000000005f80                nrfx_usbd_enable
 .text.nrfx_usbd_start
                0x00000000000060bc       0x3c modules/hal_nordic/nrfx/libmodules__hal_nordic__nrfx.a(nrfx_usbd.c.obj)
                0x00000000000060bc                nrfx_usbd_start
 .text.nrfx_usbd_is_enabled
                0x00000000000060f8       0x14 modules/hal_nordic/nrfx/libmodules__hal_nordic__nrfx.a(nrfx_usbd.c.obj)
                0x00000000000060f8                nrfx_usbd_is_enabled
 .text.nrfx_usbd_init
                0x000000000000610c       0x8c modules/hal_nordic/nrfx/libmodules__hal_nordic__nrfx.a(nrfx_usbd.c.obj)
                0x000000000000610c                nrfx_usbd_init
 .text.nrfx_usbd_ep_transfer
                0x0000000000006198       0xf4 modules/hal_nordic/nrfx/libmodules__hal_nordic__nrfx.a(nrfx_usbd.c.obj)
                0x0000000000006198                nrfx_usbd_ep_transfer
 .text.nrfx_usbd_epout_size_get
                0x000000000000628c       0x28 modules/hal_nordic/nrfx/libmodules__hal_nordic__nrfx.a(nrfx_usbd.c.obj)
                0x000000000000628c                nrfx_usbd_epout_size_get
 .text.usbd_dmareq_process
                0x00000000000062b4      0x180 modules/hal_nordic/nrfx/libmodules__hal_nordic__nrfx.a(nrfx_usbd.c.obj)
 .text.ev_epdata_handler
                0x0000000000006434       0x44 modules/hal_nordic/nrfx/libmodules__hal_nordic__nrfx.a(nrfx_usbd.c.obj)
 .text.nrf_usbd_epout_dma_handler
                0x0000000000006478       0x64 modules/hal_nordic/nrfx/libmodules__hal_nordic__nrfx.a(nrfx_usbd.c.obj)
 .text.nrfx_usbd_ep_stall
                0x00000000000064dc       0x10 modules/hal_nordic/nrfx/libmodules__hal_nordic__nrfx.a(nrfx_usbd.c.obj)
                0x00000000000064dc                nrfx_usbd_ep_stall
 .text.nrfx_usbd_ep_stall_check
                0x00000000000064ec       0x34 modules/hal_nordic/nrfx/libmodules__hal_nordic__nrfx.a(nrfx_usbd.c.obj)
                0x00000000000064ec                nrfx_usbd_ep_stall_check
 .text.nrfx_usbd_ep_dtoggle_clear
                0x0000000000006520       0x18 modules/hal_nordic/nrfx/libmodules__hal_nordic__nrfx.a(nrfx_usbd.c.obj)
                0x0000000000006520                nrfx_usbd_ep_dtoggle_clear
 .text.nrfx_usbd_setup_get
                0x0000000000006538       0x4c modules/hal_nordic/nrfx/libmodules__hal_nordic__nrfx.a(nrfx_usbd.c.obj)
                0x0000000000006538                nrfx_usbd_setup_get
 .text.nrfx_usbd_setup_data_clear
                0x0000000000006584       0x10 modules/hal_nordic/nrfx/libmodules__hal_nordic__nrfx.a(nrfx_usbd.c.obj)
                0x0000000000006584                nrfx_usbd_setup_data_clear
 .text.ev_dma_epout0_handler
                0x0000000000006594       0x50 modules/hal_nordic/nrfx/libmodules__hal_nordic__nrfx.a(nrfx_usbd.c.obj)
 .text.nrfx_usbd_setup_clear
                0x00000000000065e4       0x10 modules/hal_nordic/nrfx/libmodules__hal_nordic__nrfx.a(nrfx_usbd.c.obj)
                0x00000000000065e4                nrfx_usbd_setup_clear
 .text.nrfx_usbd_setup_stall
                0x00000000000065f4       0x10 modules/hal_nordic/nrfx/libmodules__hal_nordic__nrfx.a(nrfx_usbd.c.obj)
                0x00000000000065f4                nrfx_usbd_setup_stall
 .text.nrfx_usbd_last_setup_dir_get
                0x0000000000006604        0xc modules/hal_nordic/nrfx/libmodules__hal_nordic__nrfx.a(nrfx_usbd.c.obj)
                0x0000000000006604                nrfx_usbd_last_setup_dir_get
 .text.nrfx_usbd_transfer_out_drop
                0x0000000000006610       0x54 modules/hal_nordic/nrfx/libmodules__hal_nordic__nrfx.a(nrfx_usbd.c.obj)
                0x0000000000006610                nrfx_usbd_transfer_out_drop
 .text.usbd_ep_abort
                0x0000000000006664       0xf4 modules/hal_nordic/nrfx/libmodules__hal_nordic__nrfx.a(nrfx_usbd.c.obj)
 .text.ev_setup_handler
                0x0000000000006758       0x74 modules/hal_nordic/nrfx/libmodules__hal_nordic__nrfx.a(nrfx_usbd.c.obj)
 .text.nrfx_usbd_irq_handler
                0x00000000000067cc       0x7c modules/hal_nordic/nrfx/libmodules__hal_nordic__nrfx.a(nrfx_usbd.c.obj)
                0x00000000000067cc                nrfx_usbd_irq_handler
 .text.usbd_ep_abort_all
                0x0000000000006848       0x4c modules/hal_nordic/nrfx/libmodules__hal_nordic__nrfx.a(nrfx_usbd.c.obj)
 .text.nrfx_usbd_stop
                0x0000000000006894       0x3c modules/hal_nordic/nrfx/libmodules__hal_nordic__nrfx.a(nrfx_usbd.c.obj)
                0x0000000000006894                nrfx_usbd_stop
 .text.nrfx_usbd_disable
                0x00000000000068d0       0x30 modules/hal_nordic/nrfx/libmodules__hal_nordic__nrfx.a(nrfx_usbd.c.obj)
                0x00000000000068d0                nrfx_usbd_disable
 .text.nrfx_usbd_suspend
                0x0000000000006900       0x60 modules/hal_nordic/nrfx/libmodules__hal_nordic__nrfx.a(nrfx_usbd.c.obj)
                0x0000000000006900                nrfx_usbd_suspend
 .text.nrfx_usbd_ep_disable
                0x0000000000006960       0x58 modules/hal_nordic/nrfx/libmodules__hal_nordic__nrfx.a(nrfx_usbd.c.obj)
                0x0000000000006960                nrfx_usbd_ep_disable
 .text.nrfx_usbd_ep_enable
                0x00000000000069b8       0xa4 modules/hal_nordic/nrfx/libmodules__hal_nordic__nrfx.a(nrfx_usbd.c.obj)
                0x00000000000069b8                nrfx_usbd_ep_enable
 .text.nrfx_usbd_ep_stall_clear
                0x0000000000006a5c       0x20 modules/hal_nordic/nrfx/libmodules__hal_nordic__nrfx.a(nrfx_usbd.c.obj)
                0x0000000000006a5c                nrfx_usbd_ep_stall_clear
 .text.z_sys_init_run_level
                0x0000000000006a7c       0x40 zephyr/kernel/libkernel.a(device.c.obj)
                0x0000000000006a7c                z_sys_init_run_level
 .text.z_impl_device_get_binding
                0x0000000000006abc       0x54 zephyr/kernel/libkernel.a(device.c.obj)
                0x0000000000006abc                z_impl_device_get_binding
 .text.init_idle_thread
                0x0000000000006b10       0x58 zephyr/kernel/libkernel.a(init.c.obj)
 .text.bg_thread_main
                0x0000000000006b68       0x34 zephyr/kernel/libkernel.a(init.c.obj)
 .text.z_bss_zero
                0x0000000000006b9c       0x14 zephyr/kernel/libkernel.a(init.c.obj)
                0x0000000000006b9c                z_bss_zero
 .text.z_cstart
                0x0000000000006bb0       0xe4 zephyr/kernel/libkernel.a(init.c.obj)
                0x0000000000006bb0                z_cstart
 .text.init_mem_slab_module
                0x0000000000006c94       0x44 zephyr/kernel/libkernel.a(mem_slab.c.obj)
 .text.k_mem_slab_alloc
                0x0000000000006cd8       0x5c zephyr/kernel/libkernel.a(mem_slab.c.obj)
                0x0000000000006cd8                k_mem_slab_alloc
 .text.z_setup_new_thread
                0x0000000000006d34       0x64 zephyr/kernel/libkernel.a(thread.c.obj)
                0x0000000000006d34                z_setup_new_thread
 .text.z_impl_k_thread_create
                0x0000000000006d98       0x58 zephyr/kernel/libkernel.a(thread.c.obj)
                0x0000000000006d98                z_impl_k_thread_create
 .text.z_init_static_threads
                0x0000000000006df0       0xb8 zephyr/kernel/libkernel.a(thread.c.obj)
                0x0000000000006df0                z_init_static_threads
 .text.idle     0x0000000000006ea8       0x2c zephyr/kernel/libkernel.a(idle.c.obj)
                0x0000000000006ea8                idle
 .text.z_impl_k_mutex_lock
                0x0000000000006ed4       0xf0 zephyr/kernel/libkernel.a(mutex.c.obj)
                0x0000000000006ed4                z_impl_k_mutex_lock
 .text.z_impl_k_mutex_unlock
                0x0000000000006fc4       0x84 zephyr/kernel/libkernel.a(mutex.c.obj)
                0x0000000000006fc4                z_impl_k_mutex_unlock
 .text.z_impl_k_queue_get
                0x0000000000007048       0x68 zephyr/kernel/libkernel.a(queue.c.obj)
                0x0000000000007048                z_impl_k_queue_get
 .text.z_impl_k_sem_give
                0x00000000000070b0       0x40 zephyr/kernel/libkernel.a(sem.c.obj)
                0x00000000000070b0                z_impl_k_sem_give
 .text.z_impl_k_sem_take
                0x00000000000070f0       0x50 zephyr/kernel/libkernel.a(sem.c.obj)
                0x00000000000070f0                z_impl_k_sem_take
 .text.work_queue_main
                0x0000000000007140      0x12c zephyr/kernel/libkernel.a(work.c.obj)
 .text.submit_to_queue_locked
                0x000000000000726c       0xa0 zephyr/kernel/libkernel.a(work.c.obj)
 .text.k_work_queue_start
                0x000000000000730c       0x70 zephyr/kernel/libkernel.a(work.c.obj)
                0x000000000000730c                k_work_queue_start
 .text.z_reset_time_slice
                0x000000000000737c       0x2c zephyr/kernel/libkernel.a(sched.c.obj)
                0x000000000000737c                z_reset_time_slice
 .text.k_sched_time_slice_set
                0x00000000000073a8       0x60 zephyr/kernel/libkernel.a(sched.c.obj)
                0x00000000000073a8                k_sched_time_slice_set
 .text.z_reschedule
                0x0000000000007408       0x24 zephyr/kernel/libkernel.a(sched.c.obj)
                0x0000000000007408                z_reschedule
 .text.k_sched_lock
                0x000000000000742c       0x28 zephyr/kernel/libkernel.a(sched.c.obj)
                0x000000000000742c                k_sched_lock
 .text.update_cache
                0x0000000000007454       0x40 zephyr/kernel/libkernel.a(sched.c.obj)
 .text.move_thread_to_end_of_prio_q
                0x0000000000007494       0x74 zephyr/kernel/libkernel.a(sched.c.obj)
 .text.z_time_slice
                0x0000000000007508       0x80 zephyr/kernel/libkernel.a(sched.c.obj)
                0x0000000000007508                z_time_slice
 .text.ready_thread
                0x0000000000007588       0x6c zephyr/kernel/libkernel.a(sched.c.obj)
 .text.z_sched_start
                0x00000000000075f4       0x3c zephyr/kernel/libkernel.a(sched.c.obj)
                0x00000000000075f4                z_sched_start
 .text.unready_thread
                0x0000000000007630       0x30 zephyr/kernel/libkernel.a(sched.c.obj)
 .text.pend     0x0000000000007660       0x4c zephyr/kernel/libkernel.a(sched.c.obj)
 .text.z_pend_curr
                0x00000000000076ac       0x28 zephyr/kernel/libkernel.a(sched.c.obj)
                0x00000000000076ac                z_pend_curr
 .text.z_set_prio
                0x00000000000076d4       0x90 zephyr/kernel/libkernel.a(sched.c.obj)
                0x00000000000076d4                z_set_prio
 .text.z_impl_k_thread_suspend
                0x0000000000007764       0x64 zephyr/kernel/libkernel.a(sched.c.obj)
                0x0000000000007764                z_impl_k_thread_suspend
 .text.k_sched_unlock
                0x00000000000077c8       0x38 zephyr/kernel/libkernel.a(sched.c.obj)
                0x00000000000077c8                k_sched_unlock
 .text.z_sched_init
                0x0000000000007800       0x18 zephyr/kernel/libkernel.a(sched.c.obj)
                0x0000000000007800                z_sched_init
 .text.z_impl_k_yield
                0x0000000000007818       0x80 zephyr/kernel/libkernel.a(sched.c.obj)
                0x0000000000007818                z_impl_k_yield
 .text.z_tick_sleep
                0x0000000000007898       0x90 zephyr/kernel/libkernel.a(sched.c.obj)
 .text.z_impl_k_sleep
                0x0000000000007928       0x34 zephyr/kernel/libkernel.a(sched.c.obj)
                0x0000000000007928                z_impl_k_sleep
 .text.z_impl_z_current_get
                0x000000000000795c        0xc zephyr/kernel/libkernel.a(sched.c.obj)
                0x000000000000795c                z_impl_z_current_get
 .text.z_impl_k_is_preempt_thread
                0x0000000000007968       0x20 zephyr/kernel/libkernel.a(sched.c.obj)
                0x0000000000007968                z_impl_k_is_preempt_thread
 .text.z_thread_abort
                0x0000000000007988       0xa4 zephyr/kernel/libkernel.a(sched.c.obj)
                0x0000000000007988                z_thread_abort
 .text.z_sched_wait
                0x0000000000007a2c       0x24 zephyr/kernel/libkernel.a(sched.c.obj)
                0x0000000000007a2c                z_sched_wait
 .text.z_data_copy
                0x0000000000007a50       0x34 zephyr/kernel/libkernel.a(xip.c.obj)
                0x0000000000007a50                z_data_copy
 .text.elapsed  0x0000000000007a84       0x14 zephyr/kernel/libkernel.a(timeout.c.obj)
 .text.next_timeout
                0x0000000000007a98       0x50 zephyr/kernel/libkernel.a(timeout.c.obj)
 .text.remove_timeout
                0x0000000000007ae8       0x34 zephyr/kernel/libkernel.a(timeout.c.obj)
 .text.z_add_timeout
                0x0000000000007b1c       0xf4 zephyr/kernel/libkernel.a(timeout.c.obj)
                0x0000000000007b1c                z_add_timeout
 .text.sys_clock_announce
                0x0000000000007c10       0xb8 zephyr/kernel/libkernel.a(timeout.c.obj)
                0x0000000000007c10                sys_clock_announce
 .text.sys_clock_tick_get
                0x0000000000007cc8       0x30 zephyr/kernel/libkernel.a(timeout.c.obj)
                0x0000000000007cc8                sys_clock_tick_get
 .text.z_thread_aligned_alloc
                0x0000000000007cf8       0x40 zephyr/kernel/libkernel.a(mempool.c.obj)
                0x0000000000007cf8                z_thread_aligned_alloc
 .text.boot_banner
                0x0000000000007d38       0x18 zephyr/kernel/libkernel.a(banner.c.obj)
                0x0000000000007d38                boot_banner
 .text.statics_init
                0x0000000000007d50       0x24 zephyr/kernel/libkernel.a(kheap.c.obj)
 .text.k_sys_work_q_init
                0x0000000000007d74       0x34 zephyr/kernel/libkernel.a(system_work_q.c.obj)
 .text._OffsetAbsSyms
                0x0000000000007da8        0x2 zephyr/CMakeFiles/offsets.dir/./arch/arm/core/offsets/offsets.c.obj
                0x0000000000007da8                _OffsetAbsSyms
 .text.sys_notify_validate
                0x0000000000007daa       0x22 zephyr/libzephyr.a(notify.c.obj)
                0x0000000000007daa                sys_notify_validate
 .text.sys_notify_finalize
                0x0000000000007dcc       0x1a zephyr/libzephyr.a(notify.c.obj)
                0x0000000000007dcc                sys_notify_finalize
 .text.arch_printk_char_out
                0x0000000000007de6        0x4 zephyr/libzephyr.a(printk.c.obj)
                0x0000000000007de6                arch_printk_char_out
 .text.printk   0x0000000000007dea       0x1a zephyr/libzephyr.a(printk.c.obj)
                0x0000000000007dea                printk
 .text.sys_slist_find_and_remove
                0x0000000000007e04       0x34 zephyr/libzephyr.a(onoff.c.obj)
 .text.process_recheck
                0x0000000000007e38       0x38 zephyr/libzephyr.a(onoff.c.obj)
 .text.notify_one
                0x0000000000007e70       0x2c zephyr/libzephyr.a(onoff.c.obj)
 .text.transition_complete
                0x0000000000007e9c       0x1c zephyr/libzephyr.a(onoff.c.obj)
 .text.validate_args
                0x0000000000007eb8       0x1e zephyr/libzephyr.a(onoff.c.obj)
 .text.onoff_manager_init
                0x0000000000007ed6       0x26 zephyr/libzephyr.a(onoff.c.obj)
                0x0000000000007ed6                onoff_manager_init
 .text.onoff_request
                0x0000000000007efc       0x92 zephyr/libzephyr.a(onoff.c.obj)
                0x0000000000007efc                onoff_request
 .text.onoff_release
                0x0000000000007f8e       0x4a zephyr/libzephyr.a(onoff.c.obj)
                0x0000000000007f8e                onoff_release
 .text.onoff_cancel
                0x0000000000007fd8       0x38 zephyr/libzephyr.a(onoff.c.obj)
                0x0000000000007fd8                onoff_cancel
 .text.z_thread_entry
                0x0000000000008010       0x14 zephyr/libzephyr.a(thread_entry.c.obj)
                0x0000000000008010                z_thread_entry
 .text.chunk_size
                0x0000000000008024        0xa zephyr/libzephyr.a(heap.c.obj)
 .text.free_list_add
                0x000000000000802e       0x4e zephyr/libzephyr.a(heap.c.obj)
 .text.free_list_remove_bidx
                0x000000000000807c       0x3a zephyr/libzephyr.a(heap.c.obj)
 .text.free_list_remove
                0x00000000000080b6       0x1a zephyr/libzephyr.a(heap.c.obj)
 .text.alloc_chunk
                0x00000000000080d0       0x6c zephyr/libzephyr.a(heap.c.obj)
 .text.merge_chunks
                0x000000000000813c       0x2c zephyr/libzephyr.a(heap.c.obj)
 .text.split_chunks
                0x0000000000008168       0x34 zephyr/libzephyr.a(heap.c.obj)
 .text.free_chunk
                0x000000000000819c       0x62 zephyr/libzephyr.a(heap.c.obj)
 .text.sys_heap_free
                0x00000000000081fe       0x1e zephyr/libzephyr.a(heap.c.obj)
                0x00000000000081fe                sys_heap_free
 .text.sys_heap_alloc
                0x000000000000821c       0x52 zephyr/libzephyr.a(heap.c.obj)
                0x000000000000821c                sys_heap_alloc
 .text.sys_heap_aligned_alloc
                0x000000000000826e       0xd0 zephyr/libzephyr.a(heap.c.obj)
                0x000000000000826e                sys_heap_aligned_alloc
 .text.sys_heap_init
                0x000000000000833e       0x72 zephyr/libzephyr.a(heap.c.obj)
                0x000000000000833e                sys_heap_init
 .text.encode_uint
                0x00000000000083b0       0x8c zephyr/libzephyr.a(cbprintf_complete.c.obj)
 .text.outs     0x000000000000843c       0x2c zephyr/libzephyr.a(cbprintf_complete.c.obj)
 .text.ring_buf_get_rewind_threshold
                0x0000000000008468        0x6 zephyr/libzephyr.a(ring_buffer.c.obj)
                0x0000000000008468                ring_buf_get_rewind_threshold
 .text.ring_buf_is_empty
                0x000000000000846e       0x20 zephyr/libzephyr.a(ring_buffer.c.obj)
                0x000000000000846e                ring_buf_is_empty
 .text.ring_buf_put_claim
                0x000000000000848e       0x38 zephyr/libzephyr.a(ring_buffer.c.obj)
                0x000000000000848e                ring_buf_put_claim
 .text.ring_buf_put_finish
                0x00000000000084c6       0x34 zephyr/libzephyr.a(ring_buffer.c.obj)
                0x00000000000084c6                ring_buf_put_finish
 .text.ring_buf_put
                0x00000000000084fa       0x3e zephyr/libzephyr.a(ring_buffer.c.obj)
                0x00000000000084fa                ring_buf_put
 .text.ring_buf_get_claim
                0x0000000000008538       0x54 zephyr/libzephyr.a(ring_buffer.c.obj)
                0x0000000000008538                ring_buf_get_claim
 .text.ring_buf_get_finish
                0x000000000000858c       0x38 zephyr/libzephyr.a(ring_buffer.c.obj)
                0x000000000000858c                ring_buf_get_finish
 .text.ring_buf_get
                0x00000000000085c4       0x40 zephyr/libzephyr.a(ring_buffer.c.obj)
                0x00000000000085c4                ring_buf_get
 .text._ConfigAbsSyms
                0x0000000000008604        0x2 zephyr/libzephyr.a(configs.c.obj)
                0x0000000000008604                _ConfigAbsSyms
 .text.usb_write
                0x0000000000008606       0x30 zephyr/libzephyr.a(usb_device.c.obj)
                0x0000000000008606                usb_write
 .text.usb_get_dev_data_by_cfg
                0x0000000000008636       0x1e zephyr/libzephyr.a(usb_descriptor.c.obj)
                0x0000000000008636                usb_get_dev_data_by_cfg
 .text.usb_get_dev_data_by_iface
                0x0000000000008654       0x22 zephyr/libzephyr.a(usb_descriptor.c.obj)
                0x0000000000008654                usb_get_dev_data_by_iface
 .text.usb_get_dev_data_by_ep
                0x0000000000008676       0x34 zephyr/libzephyr.a(usb_descriptor.c.obj)
                0x0000000000008676                usb_get_dev_data_by_ep
 .text.usb_transfer_is_busy
                0x00000000000086aa       0x16 zephyr/libzephyr.a(usb_transfer.c.obj)
                0x00000000000086aa                usb_transfer_is_busy
 .text.cdc_interface_config
                0x00000000000086c0       0x14 zephyr/libzephyr.a(cdc_acm.c.obj)
 .text.cdc_acm_irq_callback_work_handler
                0x00000000000086d4        0x8 zephyr/libzephyr.a(cdc_acm.c.obj)
 .text.cdc_acm_irq_tx_disable
                0x00000000000086dc        0xa zephyr/libzephyr.a(cdc_acm.c.obj)
 .text.cdc_acm_irq_tx_ready
                0x00000000000086e6        0xe zephyr/libzephyr.a(cdc_acm.c.obj)
 .text.cdc_acm_irq_rx_disable
                0x00000000000086f4        0xa zephyr/libzephyr.a(cdc_acm.c.obj)
 .text.cdc_acm_irq_rx_ready
                0x00000000000086fe        0x8 zephyr/libzephyr.a(cdc_acm.c.obj)
 .text.cdc_acm_irq_is_pending
                0x0000000000008706       0x1e zephyr/libzephyr.a(cdc_acm.c.obj)
 .text.cdc_acm_irq_update
                0x0000000000008724        0x4 zephyr/libzephyr.a(cdc_acm.c.obj)
 .text.cdc_acm_irq_callback_set
                0x0000000000008728        0x8 zephyr/libzephyr.a(cdc_acm.c.obj)
 .text.cdc_acm_line_ctrl_get
                0x0000000000008730       0x30 zephyr/libzephyr.a(cdc_acm.c.obj)
 .text.cdc_acm_fifo_read
                0x0000000000008760       0x1e zephyr/libzephyr.a(cdc_acm.c.obj)
 .text.cdc_acm_poll_in
                0x000000000000877e       0x12 zephyr/libzephyr.a(cdc_acm.c.obj)
 .text.cdc_acm_line_ctrl_set
                0x0000000000008790       0xc4 zephyr/libzephyr.a(cdc_acm.c.obj)
 .text.pm_policy_next_state
                0x0000000000008854        0xa zephyr/libzephyr.a(policy_residency.c.obj)
                0x0000000000008854                pm_policy_next_state
 .text.z_arm_fatal_error
                0x000000000000885e        0x4 zephyr/arch/arch/arm/core/aarch32/libarch__arm__core__aarch32.a(fatal.c.obj)
                0x000000000000885e                z_arm_fatal_error
 .text.z_do_kernel_oops
                0x0000000000008862        0x8 zephyr/arch/arch/arm/core/aarch32/libarch__arm__core__aarch32.a(fatal.c.obj)
                0x0000000000008862                z_do_kernel_oops
 .text.z_irq_spurious
                0x000000000000886a        0x8 zephyr/arch/arch/arm/core/aarch32/libarch__arm__core__aarch32.a(irq_manage.c.obj)
                0x000000000000886a                z_irq_spurious
 .text.z_arm_nmi
                0x0000000000008872        0xe zephyr/arch/arch/arm/core/aarch32/libarch__arm__core__aarch32.a(nmi.c.obj)
                0x0000000000008872                z_arm_nmi
 .text.strlen   0x0000000000008880        0xe zephyr/lib/libc/minimal/liblib__libc__minimal.a(string.c.obj)
                0x0000000000008880                strlen
 .text.strnlen  0x000000000000888e       0x12 zephyr/lib/libc/minimal/liblib__libc__minimal.a(string.c.obj)
                0x000000000000888e                strnlen
 .text.strcmp   0x00000000000088a0       0x18 zephyr/lib/libc/minimal/liblib__libc__minimal.a(string.c.obj)
                0x00000000000088a0                strcmp
 .text.memcpy   0x00000000000088b8       0x16 zephyr/lib/libc/minimal/liblib__libc__minimal.a(string.c.obj)
                0x00000000000088b8                memcpy
 .text.memset   0x00000000000088ce       0x12 zephyr/lib/libc/minimal/liblib__libc__minimal.a(string.c.obj)
                0x00000000000088ce                memset
 .text._stdout_hook_default
                0x00000000000088e0        0x6 zephyr/lib/libc/minimal/liblib__libc__minimal.a(stdout_console.c.obj)
 .text.pm_power_state_set
                0x00000000000088e6       0x26 zephyr/soc/arm/nordic_nrf/nrf52/libsoc__arm__nordic_nrf__nrf52.a(power.c.obj)
                0x00000000000088e6                pm_power_state_set
 .text.pm_power_state_exit_post_ops
                0x000000000000890c       0x16 zephyr/soc/arm/nordic_nrf/nrf52/libsoc__arm__nordic_nrf__nrf52.a(power.c.obj)
                0x000000000000890c                pm_power_state_exit_post_ops
 .text.ep_ctx_reset
                0x0000000000008922       0x26 zephyr/drivers/usb/device/libdrivers__usb__device.a(usb_dc_nrfx.c.obj)
 .text.k_mutex_lock.constprop.0.isra.0
                0x0000000000008948        0x4 zephyr/drivers/usb/device/libdrivers__usb__device.a(usb_dc_nrfx.c.obj)
 .text.k_mutex_unlock.isra.0
                0x000000000000894c        0x4 zephyr/drivers/usb/device/libdrivers__usb__device.a(usb_dc_nrfx.c.obj)
 .text.usb_dc_ep_check_cap
                0x0000000000008950       0x30 zephyr/drivers/usb/device/libdrivers__usb__device.a(usb_dc_nrfx.c.obj)
                0x0000000000008950                usb_dc_ep_check_cap
 .text.usb_dc_ep_read
                0x0000000000008980       0x1e zephyr/drivers/usb/device/libdrivers__usb__device.a(usb_dc_nrfx.c.obj)
                0x0000000000008980                usb_dc_ep_read
 .text.get_status
                0x000000000000899e       0x12 zephyr/drivers/clock_control/libdrivers__clock_control.a(clock_control_nrf.c.obj)
 .text.set_on_state
                0x00000000000089b0       0x26 zephyr/drivers/clock_control/libdrivers__clock_control.a(clock_control_nrf.c.obj)
 .text.stop     0x00000000000089d6       0x52 zephyr/drivers/clock_control/libdrivers__clock_control.a(clock_control_nrf.c.obj)
 .text.api_stop
                0x0000000000008a28        0x6 zephyr/drivers/clock_control/libdrivers__clock_control.a(clock_control_nrf.c.obj)
 .text.async_start
                0x0000000000008a2e       0x62 zephyr/drivers/clock_control/libdrivers__clock_control.a(clock_control_nrf.c.obj)
 .text.api_start
                0x0000000000008a90        0xe zephyr/drivers/clock_control/libdrivers__clock_control.a(clock_control_nrf.c.obj)
 .text.onoff_started_callback
                0x0000000000008a9e       0x12 zephyr/drivers/clock_control/libdrivers__clock_control.a(clock_control_nrf.c.obj)
 .text.lfclk_start
                0x0000000000008ab0        0x6 zephyr/drivers/clock_control/libdrivers__clock_control.a(clock_control_nrf.c.obj)
 .text.lfclk_stop
                0x0000000000008ab6        0x6 zephyr/drivers/clock_control/libdrivers__clock_control.a(clock_control_nrf.c.obj)
 .text.blocking_start_callback
                0x0000000000008abc        0x6 zephyr/drivers/clock_control/libdrivers__clock_control.a(clock_control_nrf.c.obj)
 .text.gpio_nrfx_port_get_raw
                0x0000000000008ac2        0xe zephyr/drivers/gpio/libdrivers__gpio.a(gpio_nrfx.c.obj)
 .text.gpio_nrfx_port_set_masked_raw
                0x0000000000008ad0       0x16 zephyr/drivers/gpio/libdrivers__gpio.a(gpio_nrfx.c.obj)
 .text.gpio_nrfx_port_set_bits_raw
                0x0000000000008ae6        0xc zephyr/drivers/gpio/libdrivers__gpio.a(gpio_nrfx.c.obj)
 .text.gpio_nrfx_port_clear_bits_raw
                0x0000000000008af2        0xc zephyr/drivers/gpio/libdrivers__gpio.a(gpio_nrfx.c.obj)
 .text.gpio_nrfx_port_toggle_bits
                0x0000000000008afe       0x12 zephyr/drivers/gpio/libdrivers__gpio.a(gpio_nrfx.c.obj)
 .text.gpio_nrfx_manage_callback
                0x0000000000008b10       0x54 zephyr/drivers/gpio/libdrivers__gpio.a(gpio_nrfx.c.obj)
 .text.z_impl_hwinfo_get_device_id
                0x0000000000008b64       0x6e zephyr/drivers/hwinfo/libdrivers__hwinfo.a(hwinfo_nrf.c.obj)
                0x0000000000008b64                z_impl_hwinfo_get_device_id
 .text.uarte_nrfx_config_get
                0x0000000000008bd2       0x10 zephyr/drivers/serial/libdrivers__serial.a(uart_nrfx_uarte.c.obj)
 .text.uarte_nrfx_err_check
                0x0000000000008be2        0xe zephyr/drivers/serial/libdrivers__serial.a(uart_nrfx_uarte.c.obj)
 .text.uarte_nrfx_poll_in
                0x0000000000008bf0       0x26 zephyr/drivers/serial/libdrivers__serial.a(uart_nrfx_uarte.c.obj)
 .text.uarte_nrfx_fifo_read
                0x0000000000008c16       0x2c zephyr/drivers/serial/libdrivers__serial.a(uart_nrfx_uarte.c.obj)
 .text.uarte_nrfx_irq_tx_enable
                0x0000000000008c42       0x2e zephyr/drivers/serial/libdrivers__serial.a(uart_nrfx_uarte.c.obj)
 .text.uarte_nrfx_irq_tx_disable
                0x0000000000008c70        0xa zephyr/drivers/serial/libdrivers__serial.a(uart_nrfx_uarte.c.obj)
 .text.uarte_nrfx_irq_tx_ready_complete
                0x0000000000008c7a       0x2a zephyr/drivers/serial/libdrivers__serial.a(uart_nrfx_uarte.c.obj)
 .text.uarte_nrfx_irq_rx_ready
                0x0000000000008ca4       0x10 zephyr/drivers/serial/libdrivers__serial.a(uart_nrfx_uarte.c.obj)
 .text.uarte_nrfx_irq_rx_enable
                0x0000000000008cb4        0xc zephyr/drivers/serial/libdrivers__serial.a(uart_nrfx_uarte.c.obj)
 .text.uarte_nrfx_irq_rx_disable
                0x0000000000008cc0        0xc zephyr/drivers/serial/libdrivers__serial.a(uart_nrfx_uarte.c.obj)
 .text.uarte_nrfx_irq_err_enable
                0x0000000000008ccc        0xe zephyr/drivers/serial/libdrivers__serial.a(uart_nrfx_uarte.c.obj)
 .text.uarte_nrfx_irq_err_disable
                0x0000000000008cda        0xe zephyr/drivers/serial/libdrivers__serial.a(uart_nrfx_uarte.c.obj)
 .text.uarte_nrfx_irq_update
                0x0000000000008ce8        0x4 zephyr/drivers/serial/libdrivers__serial.a(uart_nrfx_uarte.c.obj)
 .text.uarte_nrfx_irq_callback_set
                0x0000000000008cec        0xa zephyr/drivers/serial/libdrivers__serial.a(uart_nrfx_uarte.c.obj)
 .text.uarte_nrfx_irq_is_pending
                0x0000000000008cf6       0x36 zephyr/drivers/serial/libdrivers__serial.a(uart_nrfx_uarte.c.obj)
 .text.nrf_gpio_cfg_input
                0x0000000000008d2c       0x1c zephyr/drivers/serial/libdrivers__serial.a(uart_nrfx_uarte.c.obj)
 .text.tx_start.isra.0
                0x0000000000008d48       0x36 zephyr/drivers/serial/libdrivers__serial.a(uart_nrfx_uarte.c.obj)
 .text.is_tx_ready.isra.0
                0x0000000000008d7e       0x20 zephyr/drivers/serial/libdrivers__serial.a(uart_nrfx_uarte.c.obj)
 .text.uarte_nrfx_fifo_fill
                0x0000000000008d9e       0x80 zephyr/drivers/serial/libdrivers__serial.a(uart_nrfx_uarte.c.obj)
 .text.uarte_nrfx_isr_int
                0x0000000000008e1e       0xbc zephyr/drivers/serial/libdrivers__serial.a(uart_nrfx_uarte.c.obj)
 .text.sys_clock_idle_exit
                0x0000000000008eda        0x2 zephyr/drivers/timer/libdrivers__timer.a(sys_clock_init.c.obj)
                0x0000000000008eda                sys_clock_idle_exit
 .text.nrf52_errata_36
                0x0000000000008edc       0x12 modules/hal_nordic/nrfx/libmodules__hal_nordic__nrfx.a(system_nrf52840.c.obj)
 .text.nrfx_isr
                0x0000000000008eee        0x2 modules/hal_nordic/nrfx/libmodules__hal_nordic__nrfx.a(nrfx_glue.c.obj)
                0x0000000000008eee                nrfx_isr
 .text.nrfx_busy_wait
                0x0000000000008ef0        0x4 modules/hal_nordic/nrfx/libmodules__hal_nordic__nrfx.a(nrfx_glue.c.obj)
                0x0000000000008ef0                nrfx_busy_wait
 .text.nrfx_clock_start
                0x0000000000008ef4       0x58 modules/hal_nordic/nrfx/libmodules__hal_nordic__nrfx.a(nrfx_clock.c.obj)
                0x0000000000008ef4                nrfx_clock_start
 .text.nrf_gpio_reconfigure
                0x0000000000008f4c       0x8e modules/hal_nordic/nrfx/libmodules__hal_nordic__nrfx.a(nrfx_gpiote.c.obj)
 .text.nrf_gpio_cfg_sense_set
                0x0000000000008fda       0x1e modules/hal_nordic/nrfx/libmodules__hal_nordic__nrfx.a(nrfx_gpiote.c.obj)
 .text.nrf_power_event_get_and_clear.constprop.0
                0x0000000000008ff8       0x18 modules/hal_nordic/nrfx/libmodules__hal_nordic__nrfx.a(nrfx_power.c.obj)
 .text.nrfx_power_usbevt_enable
                0x0000000000009010        0xe modules/hal_nordic/nrfx/libmodules__hal_nordic__nrfx.a(nrfx_power.c.obj)
                0x0000000000009010                nrfx_power_usbevt_enable
 .text.nrfx_power_usbevt_disable
                0x000000000000901e        0xe modules/hal_nordic/nrfx/libmodules__hal_nordic__nrfx.a(nrfx_power.c.obj)
                0x000000000000901e                nrfx_power_usbevt_disable
 .text.nrfx_power_clock_irq_handler
                0x000000000000902c        0xe modules/hal_nordic/nrfx/libmodules__hal_nordic__nrfx.a(nrfx_power.c.obj)
                0x000000000000902c                nrfx_power_clock_irq_handler
 .text.nrf52_errata_166
                0x000000000000903a       0x12 modules/hal_nordic/nrfx/libmodules__hal_nordic__nrfx.a(nrfx_usbd.c.obj)
 .text.nrfx_usbd_consumer
                0x000000000000904c       0x2e modules/hal_nordic/nrfx/libmodules__hal_nordic__nrfx.a(nrfx_usbd.c.obj)
                0x000000000000904c                nrfx_usbd_consumer
 .text.nrfx_usbd_feeder_ram
                0x000000000000907a       0x22 modules/hal_nordic/nrfx/libmodules__hal_nordic__nrfx.a(nrfx_usbd.c.obj)
                0x000000000000907a                nrfx_usbd_feeder_ram
 .text.nrfx_usbd_feeder_ram_zlp
                0x000000000000909c       0x2a modules/hal_nordic/nrfx/libmodules__hal_nordic__nrfx.a(nrfx_usbd.c.obj)
                0x000000000000909c                nrfx_usbd_feeder_ram_zlp
 .text.ep2bit   0x00000000000090c6       0x12 modules/hal_nordic/nrfx/libmodules__hal_nordic__nrfx.a(nrfx_usbd.c.obj)
 .text.ev_started_handler
                0x00000000000090d8        0x2 modules/hal_nordic/nrfx/libmodules__hal_nordic__nrfx.a(nrfx_usbd.c.obj)
 .text.nrf_usbd_epin_dma_handler
                0x00000000000090da       0x32 modules/hal_nordic/nrfx/libmodules__hal_nordic__nrfx.a(nrfx_usbd.c.obj)
 .text.ev_dma_epin7_handler
                0x000000000000910c        0x6 modules/hal_nordic/nrfx/libmodules__hal_nordic__nrfx.a(nrfx_usbd.c.obj)
 .text.ev_dma_epin6_handler
                0x0000000000009112        0x6 modules/hal_nordic/nrfx/libmodules__hal_nordic__nrfx.a(nrfx_usbd.c.obj)
 .text.ev_dma_epin5_handler
                0x0000000000009118        0x6 modules/hal_nordic/nrfx/libmodules__hal_nordic__nrfx.a(nrfx_usbd.c.obj)
 .text.ev_dma_epin4_handler
                0x000000000000911e        0x6 modules/hal_nordic/nrfx/libmodules__hal_nordic__nrfx.a(nrfx_usbd.c.obj)
 .text.ev_dma_epin3_handler
                0x0000000000009124        0x6 modules/hal_nordic/nrfx/libmodules__hal_nordic__nrfx.a(nrfx_usbd.c.obj)
 .text.ev_dma_epin2_handler
                0x000000000000912a        0x6 modules/hal_nordic/nrfx/libmodules__hal_nordic__nrfx.a(nrfx_usbd.c.obj)
 .text.ev_dma_epin1_handler
                0x0000000000009130        0x6 modules/hal_nordic/nrfx/libmodules__hal_nordic__nrfx.a(nrfx_usbd.c.obj)
 .text.ev_dma_epin0_handler
                0x0000000000009136        0x4 modules/hal_nordic/nrfx/libmodules__hal_nordic__nrfx.a(nrfx_usbd.c.obj)
 .text.nrfx_usbd_ep_max_packet_size_set
                0x000000000000913a        0xa modules/hal_nordic/nrfx/libmodules__hal_nordic__nrfx.a(nrfx_usbd.c.obj)
                0x000000000000913a                nrfx_usbd_ep_max_packet_size_set
 .text.nrfx_usbd_ep_status_get
                0x0000000000009144       0x2e modules/hal_nordic/nrfx/libmodules__hal_nordic__nrfx.a(nrfx_usbd.c.obj)
                0x0000000000009144                nrfx_usbd_ep_status_get
 .text.ev_dma_epout7_handler
                0x0000000000009172        0x6 modules/hal_nordic/nrfx/libmodules__hal_nordic__nrfx.a(nrfx_usbd.c.obj)
 .text.ev_dma_epout6_handler
                0x0000000000009178        0x6 modules/hal_nordic/nrfx/libmodules__hal_nordic__nrfx.a(nrfx_usbd.c.obj)
 .text.ev_dma_epout5_handler
                0x000000000000917e        0x6 modules/hal_nordic/nrfx/libmodules__hal_nordic__nrfx.a(nrfx_usbd.c.obj)
 .text.ev_dma_epout4_handler
                0x0000000000009184        0x6 modules/hal_nordic/nrfx/libmodules__hal_nordic__nrfx.a(nrfx_usbd.c.obj)
 .text.ev_dma_epout3_handler
                0x000000000000918a        0x6 modules/hal_nordic/nrfx/libmodules__hal_nordic__nrfx.a(nrfx_usbd.c.obj)
 .text.ev_dma_epout2_handler
                0x0000000000009190        0x6 modules/hal_nordic/nrfx/libmodules__hal_nordic__nrfx.a(nrfx_usbd.c.obj)
 .text.ev_dma_epout1_handler
                0x0000000000009196        0x6 modules/hal_nordic/nrfx/libmodules__hal_nordic__nrfx.a(nrfx_usbd.c.obj)
 .text.nrfx_usbd_ep_abort
                0x000000000000919c        0x4 modules/hal_nordic/nrfx/libmodules__hal_nordic__nrfx.a(nrfx_usbd.c.obj)
                0x000000000000919c                nrfx_usbd_ep_abort
 .text.z_device_state_init
                0x00000000000091a0        0x2 zephyr/kernel/libkernel.a(device.c.obj)
                0x00000000000091a0                z_device_state_init
 .text.z_device_ready
                0x00000000000091a2       0x14 zephyr/kernel/libkernel.a(device.c.obj)
                0x00000000000091a2                z_device_ready
 .text.arch_system_halt
                0x00000000000091b6       0x12 zephyr/kernel/libkernel.a(fatal.c.obj)
                0x00000000000091b6                arch_system_halt
 .text.k_sys_fatal_error_handler
                0x00000000000091c8        0x6 zephyr/kernel/libkernel.a(fatal.c.obj)
                0x00000000000091c8                k_sys_fatal_error_handler
 .text.z_fatal_error
                0x00000000000091ce       0x36 zephyr/kernel/libkernel.a(fatal.c.obj)
                0x00000000000091ce                z_fatal_error
 .text.k_mem_slab_free
                0x0000000000009204       0x52 zephyr/kernel/libkernel.a(mem_slab.c.obj)
                0x0000000000009204                k_mem_slab_free
 .text.k_is_in_isr
                0x0000000000009256        0xc zephyr/kernel/libkernel.a(thread.c.obj)
                0x0000000000009256                k_is_in_isr
 .text.z_impl_k_thread_name_set
                0x0000000000009262        0x6 zephyr/kernel/libkernel.a(thread.c.obj)
                0x0000000000009262                z_impl_k_thread_name_set
 .text.z_impl_k_thread_start
                0x0000000000009268        0x4 zephyr/kernel/libkernel.a(thread.c.obj)
                0x0000000000009268                z_impl_k_thread_start
 .text.z_pm_save_idle_exit
                0x000000000000926c        0xe zephyr/kernel/libkernel.a(idle.c.obj)
                0x000000000000926c                z_pm_save_idle_exit
 .text.adjust_owner_prio.isra.0
                0x000000000000927a       0x10 zephyr/kernel/libkernel.a(mutex.c.obj)
 .text.z_impl_k_mutex_init
                0x000000000000928a        0xe zephyr/kernel/libkernel.a(mutex.c.obj)
                0x000000000000928a                z_impl_k_mutex_init
 .text.queue_insert
                0x0000000000009298       0xc0 zephyr/kernel/libkernel.a(queue.c.obj)
 .text.z_queue_node_peek
                0x0000000000009358       0x18 zephyr/kernel/libkernel.a(queue.c.obj)
                0x0000000000009358                z_queue_node_peek
 .text.k_queue_append
                0x0000000000009370       0x16 zephyr/kernel/libkernel.a(queue.c.obj)
                0x0000000000009370                k_queue_append
 .text.z_impl_k_sem_init
                0x0000000000009386       0x18 zephyr/kernel/libkernel.a(sem.c.obj)
                0x0000000000009386                z_impl_k_sem_init
 .text.flag_test_and_clear
                0x000000000000939e       0x16 zephyr/kernel/libkernel.a(work.c.obj)
 .text.notify_queue_locked.isra.0
                0x00000000000093b4        0xe zephyr/kernel/libkernel.a(work.c.obj)
 .text.k_work_init
                0x00000000000093c2       0x12 zephyr/kernel/libkernel.a(work.c.obj)
                0x00000000000093c2                k_work_init
 .text.k_work_submit_to_queue
                0x00000000000093d4       0x3a zephyr/kernel/libkernel.a(work.c.obj)
                0x00000000000093d4                k_work_submit_to_queue
 .text.sys_dlist_remove
                0x000000000000940e       0x10 zephyr/kernel/libkernel.a(sched.c.obj)
 .text.unpend_thread_no_timeout
                0x000000000000941e       0x14 zephyr/kernel/libkernel.a(sched.c.obj)
 .text.z_unpend_thread
                0x0000000000009432       0x28 zephyr/kernel/libkernel.a(sched.c.obj)
                0x0000000000009432                z_unpend_thread
 .text.z_reschedule_irqlock
                0x000000000000945a       0x18 zephyr/kernel/libkernel.a(sched.c.obj)
                0x000000000000945a                z_reschedule_irqlock
 .text.z_reschedule_unlocked
                0x0000000000009472       0x14 zephyr/kernel/libkernel.a(sched.c.obj)
 .text.z_priq_dumb_best
                0x0000000000009486        0xc zephyr/kernel/libkernel.a(sched.c.obj)
                0x0000000000009486                z_priq_dumb_best
 .text.z_ready_thread
                0x0000000000009492       0x20 zephyr/kernel/libkernel.a(sched.c.obj)
                0x0000000000009492                z_ready_thread
 .text.z_thread_timeout
                0x00000000000094b2       0x44 zephyr/kernel/libkernel.a(sched.c.obj)
                0x00000000000094b2                z_thread_timeout
 .text.add_to_waitq_locked
                0x00000000000094f6       0x54 zephyr/kernel/libkernel.a(sched.c.obj)
 .text.z_unpend_first_thread
                0x000000000000954a       0x30 zephyr/kernel/libkernel.a(sched.c.obj)
                0x000000000000954a                z_unpend_first_thread
 .text.z_unpend_all
                0x000000000000957a       0x20 zephyr/kernel/libkernel.a(sched.c.obj)
                0x000000000000957a                z_unpend_all
 .text.z_sched_wake
                0x000000000000959a       0x3a zephyr/kernel/libkernel.a(sched.c.obj)
                0x000000000000959a                z_sched_wake
 .text.z_abort_timeout
                0x00000000000095d4       0x2c zephyr/kernel/libkernel.a(timeout.c.obj)
                0x00000000000095d4                z_abort_timeout
 .text.z_get_next_timeout_expiry
                0x0000000000009600       0x20 zephyr/kernel/libkernel.a(timeout.c.obj)
                0x0000000000009600                z_get_next_timeout_expiry
 .text.z_set_timeout_expiry
                0x0000000000009620       0x34 zephyr/kernel/libkernel.a(timeout.c.obj)
                0x0000000000009620                z_set_timeout_expiry
 .text.sys_clock_tick_get_32
                0x0000000000009654        0x8 zephyr/kernel/libkernel.a(timeout.c.obj)
                0x0000000000009654                sys_clock_tick_get_32
 .text.z_impl_k_busy_wait
                0x000000000000965c        0x8 zephyr/kernel/libkernel.a(timeout.c.obj)
                0x000000000000965c                z_impl_k_busy_wait
 .text.sys_clock_timeout_end_calc
                0x0000000000009664       0x56 zephyr/kernel/libkernel.a(timeout.c.obj)
                0x0000000000009664                sys_clock_timeout_end_calc
 .text.k_free   0x00000000000096ba        0xe zephyr/kernel/libkernel.a(mempool.c.obj)
                0x00000000000096ba                k_free
 .text.k_heap_init
                0x00000000000096c8       0x10 zephyr/kernel/libkernel.a(kheap.c.obj)
                0x00000000000096c8                k_heap_init
 .text.k_heap_aligned_alloc
                0x00000000000096d8       0x82 zephyr/kernel/libkernel.a(kheap.c.obj)
                0x00000000000096d8                k_heap_aligned_alloc
 .text.k_heap_free
                0x000000000000975a       0x3a zephyr/kernel/libkernel.a(kheap.c.obj)
                0x000000000000975a                k_heap_free
 *(SORT_BY_ALIGNMENT(.TEXT.*))
 .TEXT.z_arm_platform_init
                0x0000000000009794        0x4 zephyr/libzephyr.a(soc_nrf_common.S.obj)
                0x0000000000009794                z_arm_platform_init
 *(SORT_BY_ALIGNMENT(.gnu.linkonce.t.*))
 *(SORT_BY_ALIGNMENT(.glue_7t))
 .glue_7t       0x0000000000009798        0x0 linker stubs
 *(SORT_BY_ALIGNMENT(.glue_7))
 .glue_7        0x0000000000009798        0x0 linker stubs
 *(SORT_BY_ALIGNMENT(.vfp11_veneer))
 .vfp11_veneer  0x0000000000009798        0x0 linker stubs
 *(SORT_BY_ALIGNMENT(.v4_bx))
 .v4_bx         0x0000000000009798        0x0 linker stubs
                0x0000000000009798                __text_region_end = .

.ARM.exidx      0x0000000000009798        0x8
                0x0000000000009798                __exidx_start = .
 *(SORT_BY_ALIGNMENT(.ARM.exidx*) SORT_BY_ALIGNMENT(gnu.linkonce.armexidx.*))
 .ARM.exidx     0x0000000000009798        0x8 /home/js/zephyr-sdk-0.13.2/arm-zephyr-eabi/bin/../lib/gcc/arm-zephyr-eabi/10.3.0/thumb/v7e-m/nofp/libgcc.a(_udivmoddi4.o)
                0x00000000000097a0                __exidx_end = .
                0x00000000000097a0                __rodata_region_start = .

initlevel       0x00000000000097a0       0x78
                0x00000000000097a0                __init_start = .
                0x00000000000097a0                __init_PRE_KERNEL_1_start = .
 *(SORT_BY_NAME(SORT_BY_ALIGNMENT(.z_init_PRE_KERNEL_1[0-9]_*)))
 .z_init_PRE_KERNEL_10_
                0x00000000000097a0        0x8 zephyr/soc/arm/nordic_nrf/nrf52/libsoc__arm__nordic_nrf__nrf52.a(soc.c.obj)
 *(SORT_BY_NAME(SORT_BY_ALIGNMENT(.z_init_PRE_KERNEL_1[1-9][0-9]_*)))
 .z_init_PRE_KERNEL_130_
                0x00000000000097a8        0x8 zephyr/drivers/clock_control/libdrivers__clock_control.a(clock_control_nrf.c.obj)
 .z_init_PRE_KERNEL_130_
                0x00000000000097b0        0x8 zephyr/kernel/libkernel.a(mem_slab.c.obj)
 .z_init_PRE_KERNEL_130_
                0x00000000000097b8        0x8 zephyr/kernel/libkernel.a(kheap.c.obj)
 .z_init_PRE_KERNEL_140_
                0x00000000000097c0        0x8 zephyr/boards/arm/nrf52840dongle_nrf52840/libboards__arm__nrf52840dongle_nrf52840.a(board.c.obj)
 .z_init_PRE_KERNEL_140_
                0x00000000000097c8       0x10 zephyr/drivers/gpio/libdrivers__gpio.a(gpio_nrfx.c.obj)
 .z_init_PRE_KERNEL_155_
                0x00000000000097d8        0x8 zephyr/libzephyr.a(cdc_acm.c.obj)
 .z_init_PRE_KERNEL_155_
                0x00000000000097e0        0x8 zephyr/drivers/serial/libdrivers__serial.a(uart_nrfx_uarte.c.obj)
 .z_init_PRE_KERNEL_160_
                0x00000000000097e8        0x8 zephyr/drivers/console/libdrivers__console.a(uart_console.c.obj)
                0x00000000000097f0                __init_PRE_KERNEL_2_start = .
 *(SORT_BY_NAME(SORT_BY_ALIGNMENT(.z_init_PRE_KERNEL_2[0-9]_*)))
 .z_init_PRE_KERNEL_20_
                0x00000000000097f0        0x8 zephyr/drivers/timer/libdrivers__timer.a(nrf_rtc_timer.c.obj)
 *(SORT_BY_NAME(SORT_BY_ALIGNMENT(.z_init_PRE_KERNEL_2[1-9][0-9]_*)))
                0x00000000000097f8                __init_POST_KERNEL_start = .
 *(SORT_BY_NAME(SORT_BY_ALIGNMENT(.z_init_POST_KERNEL[0-9]_*)))
 *(SORT_BY_NAME(SORT_BY_ALIGNMENT(.z_init_POST_KERNEL[1-9][0-9]_*)))
 .z_init_POST_KERNEL40_
                0x00000000000097f8        0x8 zephyr/libzephyr.a(usb_work_q.c.obj)
 .z_init_POST_KERNEL40_
                0x0000000000009800        0x8 zephyr/kernel/libkernel.a(system_work_q.c.obj)
 .z_init_POST_KERNEL50_
                0x0000000000009808        0x8 zephyr/libzephyr.a(usb_device.c.obj)
 .z_init_POST_KERNEL50_
                0x0000000000009810        0x8 zephyr/drivers/usb/device/libdrivers__usb__device.a(usb_dc_nrfx.c.obj)
                0x0000000000009818                __init_APPLICATION_start = .
 *(SORT_BY_NAME(SORT_BY_ALIGNMENT(.z_init_APPLICATION[0-9]_*)))
 *(SORT_BY_NAME(SORT_BY_ALIGNMENT(.z_init_APPLICATION[1-9][0-9]_*)))
                0x0000000000009818                __init_SMP_start = .
 *(SORT_BY_NAME(SORT_BY_ALIGNMENT(.z_init_SMP[0-9]_*)))
 *(SORT_BY_NAME(SORT_BY_ALIGNMENT(.z_init_SMP[1-9][0-9]_*)))
                0x0000000000009818                __init_end = .

devices         0x0000000000009818       0x78
                0x0000000000009818                __device_start = .
                0x0000000000009818                __device_PRE_KERNEL_1_start = .
 *(SORT_BY_NAME(SORT_BY_ALIGNMENT(.z_device_PRE_KERNEL_1[0-9]_*)))
 *(SORT_BY_NAME(SORT_BY_ALIGNMENT(.z_device_PRE_KERNEL_1[1-9][0-9]_*)))
 .z_device_PRE_KERNEL_130_
                0x0000000000009818       0x18 zephyr/drivers/clock_control/libdrivers__clock_control.a(clock_control_nrf.c.obj)
                0x0000000000009818                __device_dts_ord_25
 .z_device_PRE_KERNEL_140_
                0x0000000000009830       0x30 zephyr/drivers/gpio/libdrivers__gpio.a(gpio_nrfx.c.obj)
                0x0000000000009830                __device_dts_ord_14
                0x0000000000009848                __device_dts_ord_9
 .z_device_PRE_KERNEL_155_
                0x0000000000009860       0x18 zephyr/libzephyr.a(cdc_acm.c.obj)
                0x0000000000009860                __device_dts_ord_75
 .z_device_PRE_KERNEL_155_
                0x0000000000009878       0x18 zephyr/drivers/serial/libdrivers__serial.a(uart_nrfx_uarte.c.obj)
                0x0000000000009878                __device_dts_ord_60
                0x0000000000009890                __device_PRE_KERNEL_2_start = .
 *(SORT_BY_NAME(SORT_BY_ALIGNMENT(.z_device_PRE_KERNEL_2[0-9]_*)))
 *(SORT_BY_NAME(SORT_BY_ALIGNMENT(.z_device_PRE_KERNEL_2[1-9][0-9]_*)))
                0x0000000000009890                __device_POST_KERNEL_start = .
 *(SORT_BY_NAME(SORT_BY_ALIGNMENT(.z_device_POST_KERNEL[0-9]_*)))
 *(SORT_BY_NAME(SORT_BY_ALIGNMENT(.z_device_POST_KERNEL[1-9][0-9]_*)))
                0x0000000000009890                __device_APPLICATION_start = .
 *(SORT_BY_NAME(SORT_BY_ALIGNMENT(.z_device_APPLICATION[0-9]_*)))
 *(SORT_BY_NAME(SORT_BY_ALIGNMENT(.z_device_APPLICATION[1-9][0-9]_*)))
                0x0000000000009890                __device_SMP_start = .
 *(SORT_BY_NAME(SORT_BY_ALIGNMENT(.z_device_SMP[0-9]_*)))
 *(SORT_BY_NAME(SORT_BY_ALIGNMENT(.z_device_SMP[1-9][0-9]_*)))
                0x0000000000009890                __device_end = .

sw_isr_table    0x0000000000009890      0x180
                0x0000000000009890                . = ALIGN (0x0)
 *(SORT_BY_ALIGNMENT(.gnu.linkonce.sw_isr_table*))
 .gnu.linkonce.sw_isr_table
                0x0000000000009890      0x180 zephyr/arch/common/libisr_tables.a(isr_tables.c.obj)
                0x0000000000009890                _sw_isr_table

initlevel_error
                0x00000000000097a0        0x0
 *(SORT_BY_NAME(SORT_BY_ALIGNMENT(.z_init_[_A-Z0-9]*)))
                0x0000000000000001                ASSERT ((SIZEOF (initlevel_error) == 0x0), Undefined initialization levels used.)

app_shmem_regions
                0x0000000000009a10        0x0
                0x0000000000009a10                __app_shmem_regions_start = .
 *(SORT_BY_NAME(SORT_BY_ALIGNMENT(.app_regions.*)))
                0x0000000000009a10                __app_shmem_regions_end = .

bt_l2cap_fixed_chan_area
                0x0000000000009a10        0x0
                0x0000000000009a10                _bt_l2cap_fixed_chan_list_start = .
 *(SORT_BY_NAME(SORT_BY_ALIGNMENT(._bt_l2cap_fixed_chan.static.*)))
                0x0000000000009a10                _bt_l2cap_fixed_chan_list_end = .

bt_gatt_service_static_area
                0x0000000000009a10        0x0
                0x0000000000009a10                _bt_gatt_service_static_list_start = .
 *(SORT_BY_NAME(SORT_BY_ALIGNMENT(._bt_gatt_service_static.static.*)))
                0x0000000000009a10                _bt_gatt_service_static_list_end = .

k_p4wq_initparam_area
                0x0000000000009a10        0x0
                0x0000000000009a10                _k_p4wq_initparam_list_start = .
 *(SORT_BY_NAME(SORT_BY_ALIGNMENT(._k_p4wq_initparam.static.*)))
                0x0000000000009a10                _k_p4wq_initparam_list_end = .

log_strings_sections
                0x0000000000009a10        0x0
                0x0000000000009a10                __log_strings_start = .
 *(SORT_BY_NAME(SORT_BY_ALIGNMENT(.log_strings*)))
                0x0000000000009a10                __log_strings_end = .

log_const_sections
                0x0000000000009a10        0x0
                0x0000000000009a10                __log_const_start = .
 *(SORT_BY_NAME(SORT_BY_ALIGNMENT(.log_const_*)))
                0x0000000000009a10                __log_const_end = .

log_backends_sections
                0x0000000000009a10        0x0
                0x0000000000009a10                __log_backends_start = .
 *(SORT_BY_ALIGNMENT(._log_backend.*))
                0x0000000000009a10                __log_backends_end = .

shell_area      0x0000000000009a10        0x0
                0x0000000000009a10                _shell_list_start = .
 *(SORT_BY_NAME(SORT_BY_ALIGNMENT(._shell.static.*)))
                0x0000000000009a10                _shell_list_end = .

shell_root_cmds_sections
                0x0000000000009a10        0x0
                0x0000000000009a10                __shell_root_cmds_start = .
 *(SORT_BY_NAME(SORT_BY_ALIGNMENT(.shell_root_cmd_*)))
                0x0000000000009a10                __shell_root_cmds_end = .

font_entry_sections
                0x0000000000009a10        0x0
                0x0000000000009a10                __font_entry_start = .
 *(SORT_BY_NAME(SORT_BY_ALIGNMENT(._cfb_font.*)))
                0x0000000000009a10                __font_entry_end = .

tracing_backend_area
                0x0000000000009a10        0x0
                0x0000000000009a10                _tracing_backend_list_start = .
 *(SORT_BY_NAME(SORT_BY_ALIGNMENT(._tracing_backend.static.*)))
                0x0000000000009a10                _tracing_backend_list_end = .

zephyr_dbg_info
 *(SORT_BY_ALIGNMENT(.dbg_thread_info))

device_handles  0x0000000000009a10       0x1e
                0x0000000000009a10                __device_handles_start = .
 *(SORT_BY_NAME(SORT_BY_ALIGNMENT(.__device_handles_pass2*)))
 .__device_handles_pass2
                0x0000000000009a10       0x1e zephyr/CMakeFiles/zephyr_pre1.dir/dev_handles.c.obj
                0x0000000000009a10                __devicehdl_DT_N_S_soc_S_uart_40002000
                0x0000000000009a16                __devicehdl_DT_N_S_soc_S_usbd_40027000_S_cdc_acm_uart0
                0x0000000000009a1c                __devicehdl_DT_N_S_soc_S_gpio_50000300
                0x0000000000009a22                __devicehdl_DT_N_S_soc_S_gpio_50000000
                0x0000000000009a28                __devicehdl_DT_N_S_soc_S_clock_40000000
                0x0000000000009a2e                __device_handles_end = .

rodata          0x0000000000009a30      0x324
 *(SORT_BY_ALIGNMENT(.rodata))
 .rodata        0x0000000000009a30        0x7 zephyr/libzephyr.a(cdc_acm.c.obj)
 *(SORT_BY_ALIGNMENT(.rodata.*))
 *fill*         0x0000000000009a37        0x9 
 .rodata.delay_machine_code.0
                0x0000000000009a40        0x6 zephyr/soc/arm/nordic_nrf/nrf52/libsoc__arm__nordic_nrf__nrf52.a(soc.c.obj)
 *fill*         0x0000000000009a46        0x2 
 .rodata.cdc_acm_driver_api
                0x0000000000009a48       0x54 zephyr/libzephyr.a(cdc_acm.c.obj)
 .rodata.static_regions
                0x0000000000009a9c        0xc zephyr/arch/arch/arm/core/aarch32/mpu/libarch__arm__core__aarch32__mpu.a(arm_core_mpu.c.obj)
 .rodata.mpu_config
                0x0000000000009aa8        0x8 zephyr/soc/arm/common/cortex_m/libsoc__arm__common__cortex_m.a(arm_mpu_regions.c.obj)
                0x0000000000009aa8                mpu_config
 .rodata.mpu_regions
                0x0000000000009ab0       0x18 zephyr/soc/arm/common/cortex_m/libsoc__arm__common__cortex_m.a(arm_mpu_regions.c.obj)
 .rodata.usbevt_config.0
                0x0000000000009ac8        0x4 zephyr/drivers/usb/device/libdrivers__usb__device.a(usb_dc_nrfx.c.obj)
 .rodata.clock_control_api
                0x0000000000009acc       0x18 zephyr/drivers/clock_control/libdrivers__clock_control.a(clock_control_nrf.c.obj)
 .rodata.config
                0x0000000000009ae4       0x10 zephyr/drivers/clock_control/libdrivers__clock_control.a(clock_control_nrf.c.obj)
 .rodata.transitions.0
                0x0000000000009af4        0xc zephyr/drivers/clock_control/libdrivers__clock_control.a(clock_control_nrf.c.obj)
 .rodata.gpio_nrfx_drv_api_funcs
                0x0000000000009b00       0x24 zephyr/drivers/gpio/libdrivers__gpio.a(gpio_nrfx.c.obj)
 .rodata.gpio_nrfx_p0_cfg
                0x0000000000009b24        0xc zephyr/drivers/gpio/libdrivers__gpio.a(gpio_nrfx.c.obj)
 .rodata.gpio_nrfx_p1_cfg
                0x0000000000009b30        0xc zephyr/drivers/gpio/libdrivers__gpio.a(gpio_nrfx.c.obj)
 .rodata.uart_nrfx_uarte_driver_api
                0x0000000000009b3c       0x54 zephyr/drivers/serial/libdrivers__serial.a(uart_nrfx_uarte.c.obj)
 .rodata.uarte_0z_config
                0x0000000000009b90       0x20 zephyr/drivers/serial/libdrivers__serial.a(uart_nrfx_uarte.c.obj)
 .rodata.m_isr  0x0000000000009bb0       0x64 modules/hal_nordic/nrfx/libmodules__hal_nordic__nrfx.a(nrfx_usbd.c.obj)
 .rodata.levels.0
                0x0000000000009c14       0x14 zephyr/kernel/libkernel.a(device.c.obj)
 .rodata._k_neg_eagain
                0x0000000000009c28        0x4 zephyr/kernel/libkernel.a(errno.c.obj)
                0x0000000000009c28                _k_neg_eagain
 .rodata.epin_endev.3
                0x0000000000009c2c       0x12 modules/hal_nordic/nrfx/libmodules__hal_nordic__nrfx.a(nrfx_usbd.c.obj)
 .rodata.epout_endev.2
                0x0000000000009c3e       0x12 modules/hal_nordic/nrfx/libmodules__hal_nordic__nrfx.a(nrfx_usbd.c.obj)
 .rodata.main.str1.1
                0x0000000000009c50       0x30 app/libapp.a(main.c.obj)
 .rodata.cbvprintf.str1.1
                0x0000000000009c80        0x6 zephyr/libzephyr.a(cbprintf_complete.c.obj)
 .rodata.usb_update_sn_string_descriptor.str1.1
                0x0000000000009c86       0x11 zephyr/libzephyr.a(usb_descriptor.c.obj)
 .rodata.str1.1
                0x0000000000009c97        0xa zephyr/libzephyr.a(cdc_acm.c.obj)
 .rodata.z_usb_work_q_init.str1.1